Archive member included to satisfy reference by file (symbol)

C:/ST/STM32CubeIDE_1.16.1/STM32CubeIDE/plugins/com.st.stm32cube.ide.mcu.externaltools.gnu-tools-for-stm32.12.3.rel1.win32_1.0.200.202406191623/tools/bin/../lib/gcc/arm-none-eabi/12.3.1/../../../../arm-none-eabi/lib/thumb/v7e-m+dp/hard\libc_nano.a(libc_a-exit.o)
                              C:/ST/STM32CubeIDE_1.16.1/STM32CubeIDE/plugins/com.st.stm32cube.ide.mcu.externaltools.gnu-tools-for-stm32.12.3.rel1.win32_1.0.200.202406191623/tools/bin/../lib/gcc/arm-none-eabi/12.3.1/../../../../arm-none-eabi/lib/thumb/v7e-m+dp/hard/crt0.o (exit)
C:/ST/STM32CubeIDE_1.16.1/STM32CubeIDE/plugins/com.st.stm32cube.ide.mcu.externaltools.gnu-tools-for-stm32.12.3.rel1.win32_1.0.200.202406191623/tools/bin/../lib/gcc/arm-none-eabi/12.3.1/../../../../arm-none-eabi/lib/thumb/v7e-m+dp/hard\libc_nano.a(libc_a-findfp.o)
                              ./Middlewares/Third_Party/FreeRTOS/Source/tasks.o (__sf)
C:/ST/STM32CubeIDE_1.16.1/STM32CubeIDE/plugins/com.st.stm32cube.ide.mcu.externaltools.gnu-tools-for-stm32.12.3.rel1.win32_1.0.200.202406191623/tools/bin/../lib/gcc/arm-none-eabi/12.3.1/../../../../arm-none-eabi/lib/thumb/v7e-m+dp/hard\libc_nano.a(libc_a-fwalk.o)
                              C:/ST/STM32CubeIDE_1.16.1/STM32CubeIDE/plugins/com.st.stm32cube.ide.mcu.externaltools.gnu-tools-for-stm32.12.3.rel1.win32_1.0.200.202406191623/tools/bin/../lib/gcc/arm-none-eabi/12.3.1/../../../../arm-none-eabi/lib/thumb/v7e-m+dp/hard\libc_nano.a(libc_a-findfp.o) (_fwalk_sglue)
C:/ST/STM32CubeIDE_1.16.1/STM32CubeIDE/plugins/com.st.stm32cube.ide.mcu.externaltools.gnu-tools-for-stm32.12.3.rel1.win32_1.0.200.202406191623/tools/bin/../lib/gcc/arm-none-eabi/12.3.1/../../../../arm-none-eabi/lib/thumb/v7e-m+dp/hard\libc_nano.a(libc_a-snprintf.o)
                              ./Core/Src/UI/UI_Update.o (snprintf)
C:/ST/STM32CubeIDE_1.16.1/STM32CubeIDE/plugins/com.st.stm32cube.ide.mcu.externaltools.gnu-tools-for-stm32.12.3.rel1.win32_1.0.200.202406191623/tools/bin/../lib/gcc/arm-none-eabi/12.3.1/../../../../arm-none-eabi/lib/thumb/v7e-m+dp/hard\libc_nano.a(libc_a-stdio.o)
                              C:/ST/STM32CubeIDE_1.16.1/STM32CubeIDE/plugins/com.st.stm32cube.ide.mcu.externaltools.gnu-tools-for-stm32.12.3.rel1.win32_1.0.200.202406191623/tools/bin/../lib/gcc/arm-none-eabi/12.3.1/../../../../arm-none-eabi/lib/thumb/v7e-m+dp/hard\libc_nano.a(libc_a-findfp.o) (__sread)
C:/ST/STM32CubeIDE_1.16.1/STM32CubeIDE/plugins/com.st.stm32cube.ide.mcu.externaltools.gnu-tools-for-stm32.12.3.rel1.win32_1.0.200.202406191623/tools/bin/../lib/gcc/arm-none-eabi/12.3.1/../../../../arm-none-eabi/lib/thumb/v7e-m+dp/hard\libc_nano.a(libc_a-memset.o)
                              C:/ST/STM32CubeIDE_1.16.1/STM32CubeIDE/plugins/com.st.stm32cube.ide.mcu.externaltools.gnu-tools-for-stm32.12.3.rel1.win32_1.0.200.202406191623/tools/bin/../lib/gcc/arm-none-eabi/12.3.1/../../../../arm-none-eabi/lib/thumb/v7e-m+dp/hard/crt0.o (memset)
C:/ST/STM32CubeIDE_1.16.1/STM32CubeIDE/plugins/com.st.stm32cube.ide.mcu.externaltools.gnu-tools-for-stm32.12.3.rel1.win32_1.0.200.202406191623/tools/bin/../lib/gcc/arm-none-eabi/12.3.1/../../../../arm-none-eabi/lib/thumb/v7e-m+dp/hard\libc_nano.a(libc_a-strncpy.o)
                              ./Core/Src/UI/UI_Init.o (strncpy)
C:/ST/STM32CubeIDE_1.16.1/STM32CubeIDE/plugins/com.st.stm32cube.ide.mcu.externaltools.gnu-tools-for-stm32.12.3.rel1.win32_1.0.200.202406191623/tools/bin/../lib/gcc/arm-none-eabi/12.3.1/../../../../arm-none-eabi/lib/thumb/v7e-m+dp/hard\libc_nano.a(libc_a-closer.o)
                              C:/ST/STM32CubeIDE_1.16.1/STM32CubeIDE/plugins/com.st.stm32cube.ide.mcu.externaltools.gnu-tools-for-stm32.12.3.rel1.win32_1.0.200.202406191623/tools/bin/../lib/gcc/arm-none-eabi/12.3.1/../../../../arm-none-eabi/lib/thumb/v7e-m+dp/hard\libc_nano.a(libc_a-stdio.o) (_close_r)
C:/ST/STM32CubeIDE_1.16.1/STM32CubeIDE/plugins/com.st.stm32cube.ide.mcu.externaltools.gnu-tools-for-stm32.12.3.rel1.win32_1.0.200.202406191623/tools/bin/../lib/gcc/arm-none-eabi/12.3.1/../../../../arm-none-eabi/lib/thumb/v7e-m+dp/hard\libc_nano.a(libc_a-reent.o)
                              ./Middlewares/Third_Party/FreeRTOS/Source/tasks.o (_reclaim_reent)
C:/ST/STM32CubeIDE_1.16.1/STM32CubeIDE/plugins/com.st.stm32cube.ide.mcu.externaltools.gnu-tools-for-stm32.12.3.rel1.win32_1.0.200.202406191623/tools/bin/../lib/gcc/arm-none-eabi/12.3.1/../../../../arm-none-eabi/lib/thumb/v7e-m+dp/hard\libc_nano.a(libc_a-impure.o)
                              ./Middlewares/Third_Party/FreeRTOS/Source/tasks.o (_impure_ptr)
C:/ST/STM32CubeIDE_1.16.1/STM32CubeIDE/plugins/com.st.stm32cube.ide.mcu.externaltools.gnu-tools-for-stm32.12.3.rel1.win32_1.0.200.202406191623/tools/bin/../lib/gcc/arm-none-eabi/12.3.1/../../../../arm-none-eabi/lib/thumb/v7e-m+dp/hard\libc_nano.a(libc_a-lseekr.o)
[...]
Memory Configuration

Name             Origin             Length             Attributes
FLASH            0x08000000         0x00020000         xr
DTCMRAM          0x20000000         0x00020000         xrw
RAM_D1           0x24000000         0x00080000         xrw
RAM_D2           0x30000000         0x00048000         xrw
RAM_D3           0x38000000         0x00010000         xrw
ITCMRAM          0x00000000         0x00010000         xrw
*default*        0x00000000         0xffffffff

Linker script and memory map

LOAD C:/ST/STM32CubeIDE_1.16.1/STM32CubeIDE/plugins/com.st.stm32cube.ide.mcu.externaltools.gnu-tools-for-stm32.12.3.rel1.win32_1.0.200.202406191623/tools/bin/../lib/gcc/arm-none-eabi/12.3.1/thumb/v7e-m+dp/hard/crti.o
LOAD C:/ST/STM32CubeIDE_1.16.1/STM32CubeIDE/plugins/com.st.stm32cube.ide.mcu.externaltools.gnu-tools-for-stm32.12.3.rel1.win32_1.0.200.202406191623/tools/bin/../lib/gcc/arm-none-eabi/12.3.1/thumb/v7e-m+dp/hard/crtbegin.o
LOAD C:/ST/STM32CubeIDE_1.16.1/STM32CubeIDE/plugins/com.st.stm32cube.ide.mcu.externaltools.gnu-tools-for-stm32.12.3.rel1.win32_1.0.200.202406191623/tools/bin/../lib/gcc/arm-none-eabi/12.3.1/../../../../arm-none-eabi/lib/thumb/v7e-m+dp/hard/crt0.o
LOAD ./Core/Src/DSP/DSP_IIR_LPF.o
LOAD ./Core/Src/DSP/DSP_Init.o
LOAD ./Core/Src/UI/UI_Init.o
LOAD ./Core/Src/UI/UI_Update.o
LOAD ./Core/Src/freertos.o
LOAD ./Core/Src/main.o
LOAD ./Core/Src/stm32h7xx_hal_msp.o
LOAD ./Core/Src/stm32h7xx_hal_timebase_tim.o
LOAD ./Core/Src/stm32h7xx_it.o
LOAD ./Core/Src/syscalls.o
LOAD ./Core/Src/sysmem.o
LOAD ./Core/Src/system_stm32h7xx.o
LOAD ./Core/Startup/startup_stm32h750vbtx.o
LOAD ./Drivers/OLED/ssd1306.o
LOAD ./Drivers/OLED/ssd1306_fonts.o
LOAD ./Drivers/STM32H7xx_HAL_Driver/Src/stm32h7xx_hal.o
LOAD ./Drivers/STM32H7xx_HAL_Driver/Src/stm32h7xx_hal_cortex.o
LOAD ./Drivers/STM32H7xx_HAL_Driver/Src/stm32h7xx_hal_dma.o
LOAD ./Drivers/STM32H7xx_HAL_Driver/Src/stm32h7xx_hal_dma_ex.o
LOAD ./Drivers/STM32H7xx_HAL_Driver/Src/stm32h7xx_hal_exti.o
LOAD ./Drivers/STM32H7xx_HAL_Driver/Src/stm32h7xx_hal_flash.o
LOAD ./Drivers/STM32H7xx_HAL_Driver/Src/stm32h7xx_hal_flash_ex.o
LOAD ./Drivers/STM32H7xx_HAL_Driver/Src/stm32h7xx_hal_gpio.o
LOAD ./Drivers/STM32H7xx_HAL_Driver/Src/stm32h7xx_hal_hsem.o
LOAD ./Drivers/STM32H7xx_HAL_Driver/Src/stm32h7xx_hal_i2c.o
LOAD ./Drivers/STM32H7xx_HAL_Driver/Src/stm32h7xx_hal_i2c_ex.o
LOAD ./Drivers/STM32H7xx_HAL_Driver/Src/stm32h7xx_hal_i2s.o
LOAD ./Drivers/STM32H7xx_HAL_Driver/Src/stm32h7xx_hal_i2s_ex.o
LOAD ./Drivers/STM32H7xx_HAL_Driver/Src/stm32h7xx_hal_mdma.o
LOAD ./Drivers/STM32H7xx_HAL_Driver/Src/stm32h7xx_hal_pcd.o
LOAD ./Drivers/STM32H7xx_HAL_Driver/Src/stm32h7xx_hal_pcd_ex.o
LOAD ./Drivers/STM32H7xx_HAL_Driver/Src/stm32h7xx_hal_pwr.o
LOAD ./Drivers/STM32H7xx_HAL_Driver/Src/stm32h7xx_hal_pwr_ex.o
LOAD ./Drivers/STM32H7xx_HAL_Driver/Src/stm32h7xx_hal_qspi.o
LOAD ./Drivers/STM32H7xx_HAL_Driver/Src/stm32h7xx_hal_rcc.o
LOAD ./Drivers/STM32H7xx_HAL_Driver/Src/stm32h7xx_hal_rcc_ex.o
LOAD ./Drivers/STM32H7xx_HAL_Driver/Src/stm32h7xx_hal_tim.o
LOAD ./Drivers/STM32H7xx_HAL_Driver/Src/stm32h7xx_hal_tim_ex.o
LOAD ./Drivers/STM32H7xx_HAL_Driver/Src/stm32h7xx_ll_usb.o
LOAD ./Middlewares/Third_Party/FreeRTOS/Source/CMSIS_RTOS/cmsis_os.o
LOAD ./Middlewares/Third_Party/FreeRTOS/Source/croutine.o
LOAD ./Middlewares/Third_Party/FreeRTOS/Source/event_groups.o
LOAD ./Middlewares/Third_Party/FreeRTOS/Source/list.o
LOAD ./Middlewares/Third_Party/FreeRTOS/Source/queue.o
LOAD ./Middlewares/Third_Party/FreeRTOS/Source/stream_buffer.o
LOAD ./Middlewares/Third_Party/FreeRTOS/Source/tasks.o
LOAD ./Middlewares/Third_Party/FreeRTOS/Source/timers.o
LOAD ./Middlewares/Third_Party/FreeRTOS/Source/portable/GCC/ARM_CM4F/port.o
LOAD ./Middlewares/Third_Party/FreeRTOS/Source/portable/MemMang/heap_4.o
START GROUP
LOAD C:/ST/STM32CubeIDE_1.16.1/STM32CubeIDE/plugins/com.st.stm32cube.ide.mcu.externaltools.gnu-tools-for-stm32.12.3.rel1.win32_1.0.200.202406191623/tools/bin/../lib/gcc/arm-none-eabi/12.3.1/../../../../arm-none-eabi/lib/thumb/v7e-m+dp/hard\libc_nano.a
LOAD C:/ST/STM32CubeIDE_1.16.1/STM32CubeIDE/plugins/com.st.stm32cube.ide.mcu.externaltools.gnu-tools-for-stm32.12.3.rel1.win32_1.0.200.202406191623/tools/bin/../lib/gcc/arm-none-eabi/12.3.1/../../../../arm-none-eabi/lib/thumb/v7e-m+dp/hard\libm.a
END GROUP
START GROUP
LOAD C:/ST/STM32CubeIDE_1.16.1/STM32CubeIDE/plugins/com.st.stm32cube.ide.mcu.externaltools.gnu-tools-for-stm32.12.3.rel1.win32_1.0.200.202406191623/tools/bin/../lib/gcc/arm-none-eabi/12.3.1/thumb/v7e-m+dp/hard\libgcc.a
LOAD C:/ST/STM32CubeIDE_1.16.1/STM32CubeIDE/plugins/com.st.stm32cube.ide.mcu.externaltools.gnu-tools-for-stm32.12.3.rel1.win32_1.0.200.202406191623/tools/bin/../lib/gcc/arm-none-eabi/12.3.1/../../../../arm-none-eabi/lib/thumb/v7e-m+dp/hard\libc_nano.a
END GROUP
START GROUP
LOAD C:/ST/STM32CubeIDE_1.16.1/STM32CubeIDE/plugins/com.st.stm32cube.ide.mcu.externaltools.gnu-tools-for-stm32.12.3.rel1.win32_1.0.200.202406191623/tools/bin/../lib/gcc/arm-none-eabi/12.3.1/thumb/v7e-m+dp/hard\libgcc.a
LOAD C:/ST/STM32CubeIDE_1.16.1/STM32CubeIDE/plugins/com.st.stm32cube.ide.mcu.externaltools.gnu-tools-for-stm32.12.3.rel1.win32_1.0.200.202406191623/tools/bin/../lib/gcc/arm-none-eabi/12.3.1/../../../../arm-none-eabi/lib/thumb/v7e-m+dp/hard\libc_nano.a
LOAD C:/ST/STM32CubeIDE_1.16.1/STM32CubeIDE/plugins/com.st.stm32cube.ide.mcu.externaltools.gnu-tools-for-stm32.12.3.rel1.win32_1.0.200.202406191623/tools/bin/../lib/gcc/arm-none-eabi/12.3.1/../../../../arm-none-eabi/lib/thumb/v7e-m+dp/hard\libnosys.a
END GROUP
START GROUP
LOAD C:/ST/STM32CubeIDE_1.16.1/STM32CubeIDE/plugins/com.st.stm32cube.ide.mcu.externaltools.gnu-tools-for-stm32.12.3.rel1.win32_1.0.200.202406191623/tools/bin/../lib/gcc/arm-none-eabi/12.3.1/thumb/v7e-m+dp/hard\libgcc.a
LOAD C:/ST/STM32CubeIDE_1.16.1/STM32CubeIDE/plugins/com.st.stm32cube.ide.mcu.externaltools.gnu-tools-for-stm32.12.3.rel1.win32_1.0.200.202406191623/tools/bin/../lib/gcc/arm-none-eabi/12.3.1/../../../../arm-none-eabi/lib/thumb/v7e-m+dp/hard\libc_nano.a
LOAD C:/ST/STM32CubeIDE_1.16.1/STM32CubeIDE/plugins/com.st.stm32cube.ide.mcu.externaltools.gnu-tools-for-stm32.12.3.rel1.win32_1.0.200.202406191623/tools/bin/../lib/gcc/arm-none-eabi/12.3.1/../../../../arm-none-eabi/lib/thumb/v7e-m+dp/hard\libnosys.a
END GROUP
LOAD C:/ST/STM32CubeIDE_1.16.1/STM32CubeIDE/plugins/com.st.stm32cube.ide.mcu.externaltools.gnu-tools-for-stm32.12.3.rel1.win32_1.0.200.202406191623/tools/bin/../lib/gcc/arm-none-eabi/12.3.1/thumb/v7e-m+dp/hard/crtend.o
LOAD C:/ST/STM32CubeIDE_1.16.1/STM32CubeIDE/plugins/com.st.stm32cube.ide.mcu.externaltools.gnu-tools-for-stm32.12.3.rel1.win32_1.0.200.202406191623/tools/bin/../lib/gcc/arm-none-eabi/12.3.1/thumb/v7e-m+dp/hard/crtn.o
                0x24080000                        _estack = (ORIGIN (RAM_D1) + LENGTH (RAM_D1))
                0x00000200                        _Min_Heap_Size = 0x200
                0x00000400                        _Min_Stack_Size = 0x400

.isr_vector     0x08000000      0x298
                0x08000000                        . = ALIGN (0x4)
 *(.isr_vector)
 .isr_vector    0x08000000      0x298 ./Core/Startup/startup_stm32h750vbtx.o
                0x08000000                g_pfnVectors
                0x08000298                        . = ALIGN (0x4)

.text           0x080002a0     0xc46c
                0x080002a0                        . = ALIGN (0x4)
 *(.text)
 .text          0x080002a0       0x40 C:/ST/STM32CubeIDE_1.16.1/STM32CubeIDE/plugins/com.st.stm32cube.ide.mcu.externaltools.gnu-tools-for-stm32.12.3.rel1.win32_1.0.200.202406191623/tools/bin/../lib/gcc/arm-none-eabi/12.3.1/thumb/v7e-m+dp/hard/crtbegin.o
 .text          0x080002e0       0x10 C:/ST/STM32CubeIDE_1.16.1/STM32CubeIDE/plugins/com.st.stm32cube.ide.mcu.externaltools.gnu-tools-for-stm32.12.3.rel1.win32_1.0.200.202406191623/tools/bin/../lib/gcc/arm-none-eabi/12.3.1/../../../../arm-none-eabi/lib/thumb/v7e-m+dp/hard\libc_nano.a(libc_a-strlen.o)
                0x080002e0                strlen
 .text          0x080002f0       0xa0 C:/ST/STM32CubeIDE_1.16.1/STM32CubeIDE/plugins/com.st.stm32cube.ide.mcu.externaltools.gnu-tools-for-stm32.12.3.rel1.win32_1.0.200.202406191623/tools/bin/../lib/gcc/arm-none-eabi/12.3.1/../../../../arm-none-eabi/lib/thumb/v7e-m+dp/hard\libc_nano.a(libc_a-memchr.o)
                0x080002f0                memchr
 *(.text*)
 .text.UI_Init  0x08000390       0xe8 ./Core/Src/UI/UI_Init.o
                0x08000390                UI_Init
 .text.UI_SwitchStates
                0x08000478       0xd8 ./Core/Src/UI/UI_Update.o
                0x08000478                UI_SwitchStates
 .text.UI_GetActiveBitmap
                0x08000550       0x5c ./Core/Src/UI/UI_Update.o
                0x08000550                UI_GetActiveBitmap
 .text.UI_UpdateSelection
                0x080005ac       0xc4 ./Core/Src/UI/UI_Update.o
                0x080005ac                UI_UpdateSelection
 .text.UI_DrawSelectedOption
                0x08000670       0xf0 ./Core/Src/UI/UI_Update.o
                0x08000670                UI_DrawSelectedOption
 .text.UI_UpdateOLED
                0x08000760      0x1c4 ./Core/Src/UI/UI_Update.o
                0x08000760                UI_UpdateOLED
 .text.vApplicationGetIdleTaskMemory
                0x08000924       0x34 ./Core/Src/freertos.o
                0x08000924                vApplicationGetIdleTaskMemory
 .text.main     0x08000958       0xe0 ./Core/Src/main.o
                0x08000958                main
 .text.SystemClock_Config
                0x08000a38      0x100 ./Core/Src/main.o
                0x08000a38                SystemClock_Config
 .text.MX_I2C4_Init
                0x08000b38       0x80 ./Core/Src/main.o
 .text.MX_I2S3_Init
                0x08000bb8       0x68 ./Core/Src/main.o
 .text.MX_QUADSPI_Init
                0x08000c20       0x58 ./Core/Src/main.o
 .text.MX_TIM3_Init
                0x08000c78       0xac ./Core/Src/main.o
 .text.MX_USB_OTG_HS_PCD_Init
                0x08000d24       0x64 ./Core/Src/main.o
 .text.MX_DMA_Init
                0x08000d88       0x50 ./Core/Src/main.o
 .text.MX_GPIO_Init
                0x08000dd8      0x160 ./Core/Src/main.o
 .text.HAL_GPIO_EXTI_Callback
                0x08000f38       0x80 ./Core/Src/main.o
                0x08000f38                HAL_GPIO_EXTI_Callback
 .text.StartDefaultTask
                0x08000fb8       0x10 ./Core/Src/main.o
                0x08000fb8                StartDefaultTask
 .text.StartUITask
                0x08000fc8       0xfc ./Core/Src/main.o
                0x08000fc8                StartUITask
 .text.StartAudioProcTask
                0x080010c4       0x10 ./Core/Src/main.o
                0x080010c4                StartAudioProcTask
 .text.MPU_Config
                0x080010d4       0x58 ./Core/Src/main.o
 .text.HAL_TIM_PeriodElapsedCallback
                0x0800112c       0x24 ./Core/Src/main.o
                0x0800112c                HAL_TIM_PeriodElapsedCallback
 .text.Error_Handler
                0x08001150        0xc ./Core/Src/main.o
                0x08001150                Error_Handler
 .text.HAL_MspInit
                0x0800115c       0x3c ./Core/Src/stm32h7xx_hal_msp.o
                0x0800115c                HAL_MspInit
 .text.HAL_I2C_MspInit
                0x08001198       0xd4 ./Core/Src/stm32h7xx_hal_msp.o
                0x08001198                HAL_I2C_MspInit
 .text.HAL_I2S_MspInit
                0x0800126c      0x264 ./Core/Src/stm32h7xx_hal_msp.o
                0x0800126c                HAL_I2S_MspInit
 .text.HAL_QSPI_MspInit
                0x080014d0      0x230 ./Core/Src/stm32h7xx_hal_msp.o
                0x080014d0                HAL_QSPI_MspInit
 .text.HAL_TIM_Encoder_MspInit
                0x08001700       0xa4 ./Core/Src/stm32h7xx_hal_msp.o
                0x08001700                HAL_TIM_Encoder_MspInit
 .text.HAL_PCD_MspInit
                0x080017a4      0x190 ./Core/Src/stm32h7xx_hal_msp.o
                0x080017a4                HAL_PCD_MspInit
 .text.HAL_InitTick
                0x08001934       0xc0 ./Core/Src/stm32h7xx_hal_timebase_tim.o
                0x08001934                HAL_InitTick
 .text.NMI_Handler
                0x080019f4        0xc ./Core/Src/stm32h7xx_it.o
                0x080019f4                NMI_Handler
 .text.HardFault_Handler
                0x08001a00        0x8 ./Core/Src/stm32h7xx_it.o
                0x08001a00                HardFault_Handler
 .text.MemManage_Handler
                0x08001a08        0x8 ./Core/Src/stm32h7xx_it.o
                0x08001a08                MemManage_Handler
 .text.BusFault_Handler
                0x08001a10        0x8 ./Core/Src/stm32h7xx_it.o
                0x08001a10                BusFault_Handler
 .text.UsageFault_Handler
                0x08001a18        0x8 ./Core/Src/stm32h7xx_it.o
                0x08001a18                UsageFault_Handler
 .text.DebugMon_Handler
                0x08001a20        0xe ./Core/Src/stm32h7xx_it.o
                0x08001a20                DebugMon_Handler
 .text.EXTI4_IRQHandler
                0x08001a2e        0xe ./Core/Src/stm32h7xx_it.o
                0x08001a2e                EXTI4_IRQHandler
 .text.DMA1_Stream0_IRQHandler
                0x08001a3c       0x14 ./Core/Src/stm32h7xx_it.o
                0x08001a3c                DMA1_Stream0_IRQHandler
 .text.DMA1_Stream1_IRQHandler
                0x08001a50       0x14 ./Core/Src/stm32h7xx_it.o
                0x08001a50                DMA1_Stream1_IRQHandler
 .text.TIM1_UP_IRQHandler
                0x08001a64       0x14 ./Core/Src/stm32h7xx_it.o
                0x08001a64                TIM1_UP_IRQHandler
 .text.TIM3_IRQHandler
                0x08001a78       0x14 ./Core/Src/stm32h7xx_it.o
                0x08001a78                TIM3_IRQHandler
 .text._sbrk    0x08001a8c       0x6c ./Core/Src/sysmem.o
                0x08001a8c                _sbrk
 .text.SystemInit
                0x08001af8      0x110 ./Core/Src/system_stm32h7xx.o
                0x08001af8                SystemInit
 .text.Reset_Handler
                0x08001c08       0x50 ./Core/Startup/startup_stm32h750vbtx.o
                0x08001c08                Reset_Handler
 .text.Default_Handler
                0x08001c58        0x2 ./Core/Startup/startup_stm32h750vbtx.o
                0x08001c58                RTC_Alarm_IRQHandler
                0x08001c58                HASH_RNG_IRQHandler
                0x08001c58                EXTI2_IRQHandler
                0x08001c58                TIM8_CC_IRQHandler
                0x08001c58                HRTIM1_Master_IRQHandler
                0x08001c58                UART8_IRQHandler
                0x08001c58                SPI4_IRQHandler
                0x08001c58                TIM1_CC_IRQHandler
                0x08001c58                BDMA_Channel6_IRQHandler
                0x08001c58                DMA2_Stream5_IRQHandler
                0x08001c58                HRTIM1_FLT_IRQHandler
                0x08001c58                JPEG_IRQHandler
                0x08001c58                DMA1_Stream5_IRQHandler
                0x08001c58                BDMA_Channel1_IRQHandler
                0x08001c58                HRTIM1_TIMD_IRQHandler
                0x08001c58                TAMP_STAMP_IRQHandler
                0x08001c58                EXTI3_IRQHandler
                0x08001c58                LPTIM4_IRQHandler
                0x08001c58                TIM8_TRG_COM_TIM14_IRQHandler
                0x08001c58                LPTIM2_IRQHandler
                0x08001c58                DFSDM1_FLT1_IRQHandler
                0x08001c58                DMAMUX2_OVR_IRQHandler
                0x08001c58                TIM8_UP_TIM13_IRQHandler
                0x08001c58                I2C3_ER_IRQHandler
                0x08001c58                DFSDM1_FLT2_IRQHandler
                0x08001c58                MDMA_IRQHandler
                0x08001c58                LPTIM3_IRQHandler
                0x08001c58                HSEM1_IRQHandler
                0x08001c58                EXTI0_IRQHandler
                0x08001c58                I2C2_EV_IRQHandler
                0x08001c58                DMA1_Stream2_IRQHandler
                0x08001c58                FPU_IRQHandler
                0x08001c58                OTG_HS_WKUP_IRQHandler
                0x08001c58                FDCAN1_IT1_IRQHandler
                0x08001c58                LTDC_ER_IRQHandler
                0x08001c58                DMA2_Stream2_IRQHandler
                0x08001c58                HRTIM1_TIME_IRQHandler
                0x08001c58                SPI1_IRQHandler
                0x08001c58                TIM6_DAC_IRQHandler
                0x08001c58                DCMI_IRQHandler
                0x08001c58                HRTIM1_TIMC_IRQHandler
                0x08001c58                DMA2_Stream3_IRQHandler
                0x08001c58                SAI2_IRQHandler
                0x08001c58                DFSDM1_FLT3_IRQHandler
                0x08001c58                USART6_IRQHandler
                0x08001c58                TIM17_IRQHandler
                0x08001c58                USART3_IRQHandler
                0x08001c58                BDMA_Channel7_IRQHandler
                0x08001c58                CRYP_IRQHandler
                0x08001c58                LPTIM5_IRQHandler
                0x08001c58                UART5_IRQHandler
                0x08001c58                ADC3_IRQHandler
                0x08001c58                DMA2_Stream0_IRQHandler
                0x08001c58                TIM4_IRQHandler
                0x08001c58                BDMA_Channel2_IRQHandler
                0x08001c58                QUADSPI_IRQHandler
                0x08001c58                I2C1_EV_IRQHandler
                0x08001c58                DMA1_Stream6_IRQHandler
                0x08001c58                DMAMUX1_OVR_IRQHandler
                0x08001c58                TIM16_IRQHandler
                0x08001c58                UART4_IRQHandler
                0x08001c58                BDMA_Channel5_IRQHandler
                0x08001c58                RCC_IRQHandler
                0x08001c58                TIM8_BRK_TIM12_IRQHandler
                0x08001c58                TIM1_TRG_COM_IRQHandler
                0x08001c58                Default_Handler
                0x08001c58                ECC_IRQHandler
                0x08001c58                CEC_IRQHandler
                0x08001c58                EXTI15_10_IRQHandler
                0x08001c58                BDMA_Channel0_IRQHandler
                0x08001c58                ADC_IRQHandler
                0x08001c58                DMA1_Stream7_IRQHandler
                0x08001c58                HRTIM1_TIMA_IRQHandler
                0x08001c58                SPI5_IRQHandler
                0x08001c58                TIM7_IRQHandler
                0x08001c58                SDMMC1_IRQHandler
                0x08001c58                TIM5_IRQHandler
                0x08001c58                DMA2_Stream7_IRQHandler
                0x08001c58                TIM15_IRQHandler
                0x08001c58                PVD_AVD_IRQHandler
                0x08001c58                I2C3_EV_IRQHandler
                0x08001c58                EXTI9_5_IRQHandler
                0x08001c58                RTC_WKUP_IRQHandler
                0x08001c58                LTDC_IRQHandler
                0x08001c58                SAI3_IRQHandler
                0x08001c58                ETH_WKUP_IRQHandler
                0x08001c58                SPDIF_RX_IRQHandler
                0x08001c58                SPI2_IRQHandler
                0x08001c58                OTG_HS_EP1_IN_IRQHandler
                0x08001c58                CRS_IRQHandler
                0x08001c58                HRTIM1_TIMB_IRQHandler
                0x08001c58                FDCAN2_IT1_IRQHandler
                0x08001c58                ETH_IRQHandler
                0x08001c58                BDMA_Channel4_IRQHandler
                0x08001c58                OTG_HS_EP1_OUT_IRQHandler
                0x08001c58                WWDG_IRQHandler
                0x08001c58                SPI6_IRQHandler
                0x08001c58                MDIOS_IRQHandler
                0x08001c58                I2C4_EV_IRQHandler
                0x08001c58                FDCAN2_IT0_IRQHandler
                0x08001c58                LPUART1_IRQHandler
                0x08001c58                FDCAN1_IT0_IRQHandler
                0x08001c58                TIM2_IRQHandler
                0x08001c58                OTG_FS_WKUP_IRQHandler
                0x08001c58                OTG_HS_IRQHandler
                0x08001c58                DMA2D_IRQHandler
                0x08001c58                TIM1_BRK_IRQHandler
                0x08001c58                EXTI1_IRQHandler
                0x08001c58                SDMMC2_IRQHandler
                0x08001c58                OTG_FS_EP1_OUT_IRQHandler
                0x08001c58                BDMA_Channel3_IRQHandler
                0x08001c58                UART7_IRQHandler
                0x08001c58                MDIOS_WKUP_IRQHandler
                0x08001c58                USART2_IRQHandler
                0x08001c58                DFSDM1_FLT0_IRQHandler
                0x08001c58                SAI4_IRQHandler
                0x08001c58                I2C2_ER_IRQHandler
                0x08001c58                DMA2_Stream1_IRQHandler
                0x08001c58                FLASH_IRQHandler
                0x08001c58                DMA2_Stream4_IRQHandler
                0x08001c58                USART1_IRQHandler
                0x08001c58                OTG_FS_IRQHandler
                0x08001c58                SPI3_IRQHandler
                0x08001c58                WAKEUP_PIN_IRQHandler
                0x08001c58                DMA1_Stream4_IRQHandler
                0x08001c58                OTG_FS_EP1_IN_IRQHandler
                0x08001c58                I2C1_ER_IRQHandler
                0x08001c58                FMC_IRQHandler
                0x08001c58                FDCAN_CAL_IRQHandler
                0x08001c58                SWPMI1_IRQHandler
                0x08001c58                COMP1_IRQHandler
                0x08001c58                LPTIM1_IRQHandler
                0x08001c58                I2C4_ER_IRQHandler
                0x08001c58                DMA2_Stream6_IRQHandler
                0x08001c58                SAI1_IRQHandler
                0x08001c58                DMA1_Stream3_IRQHandler
 *fill*         0x08001c5a        0x2 
 .text.ssd1306_WriteCommand
                0x08001c5c       0x30 ./Drivers/OLED/ssd1306.o
                0x08001c5c                ssd1306_WriteCommand
 .text.ssd1306_WriteData
                0x08001c8c       0x34 ./Drivers/OLED/ssd1306.o
                0x08001c8c                ssd1306_WriteData
 .text.ssd1306_Fill
                0x08001cc0       0x30 ./Drivers/OLED/ssd1306.o
                0x08001cc0                ssd1306_Fill
 .text.ssd1306_UpdateScreen
                0x08001cf0       0x50 ./Drivers/OLED/ssd1306.o
                0x08001cf0                ssd1306_UpdateScreen
 .text.ssd1306_DrawPixel
                0x08001d40       0xa8 ./Drivers/OLED/ssd1306.o
                0x08001d40                ssd1306_DrawPixel
 .text.ssd1306_WriteChar
                0x08001de8      0x124 ./Drivers/OLED/ssd1306.o
                0x08001de8                ssd1306_WriteChar
 .text.ssd1306_WriteString
                0x08001f0c       0x4c ./Drivers/OLED/ssd1306.o
                0x08001f0c                ssd1306_WriteString
 .text.ssd1306_SetCursor
                0x08001f58       0x30 ./Drivers/OLED/ssd1306.o
                0x08001f58                ssd1306_SetCursor
 .text.ssd1306_Line
                0x08001f88       0xd8 ./Drivers/OLED/ssd1306.o
                0x08001f88                ssd1306_Line
 .text.ssd1306_FillCircle
                0x08002060       0xe6 ./Drivers/OLED/ssd1306.o
                0x08002060                ssd1306_FillCircle
 .text.ssd1306_DrawBitmap
                0x08002146       0xb6 ./Drivers/OLED/ssd1306.o
                0x08002146                ssd1306_DrawBitmap
 .text.HAL_Init
                0x080021fc       0x78 ./Drivers/STM32H7xx_HAL_Driver/Src/stm32h7xx_hal.o
                0x080021fc                HAL_Init
 .text.HAL_IncTick
                0x08002274       0x28 ./Drivers/STM32H7xx_HAL_Driver/Src/stm32h7xx_hal.o
                0x08002274                HAL_IncTick
 .text.HAL_GetTick
                0x0800229c       0x18 ./Drivers/STM32H7xx_HAL_Driver/Src/stm32h7xx_hal.o
                0x0800229c                HAL_GetTick
 .text.HAL_Delay
                0x080022b4       0x48 ./Drivers/STM32H7xx_HAL_Driver/Src/stm32h7xx_hal.o
                0x080022b4                HAL_Delay
 .text.HAL_GetREVID
                0x080022fc       0x18 ./Drivers/STM32H7xx_HAL_Driver/Src/stm32h7xx_hal.o
                0x080022fc                HAL_GetREVID
 .text.__NVIC_SetPriorityGrouping
                0x08002314       0x48 ./Drivers/STM32H7xx_HAL_Driver/Src/stm32h7xx_hal_cortex.o
 .text.__NVIC_GetPriorityGrouping
                0x0800235c       0x1c ./Drivers/STM32H7xx_HAL_Driver/Src/stm32h7xx_hal_cortex.o
 .text.__NVIC_EnableIRQ
                0x08002378       0x3c ./Drivers/STM32H7xx_HAL_Driver/Src/stm32h7xx_hal_cortex.o
 .text.__NVIC_SetPriority
                0x080023b4       0x54 ./Drivers/STM32H7xx_HAL_Driver/Src/stm32h7xx_hal_cortex.o
 .text.NVIC_EncodePriority
                0x08002408       0x66 ./Drivers/STM32H7xx_HAL_Driver/Src/stm32h7xx_hal_cortex.o
 .text.HAL_NVIC_SetPriorityGrouping
                0x0800246e       0x16 ./Drivers/STM32H7xx_HAL_Driver/Src/stm32h7xx_hal_cortex.o
                0x0800246e                HAL_NVIC_SetPriorityGrouping
 .text.HAL_NVIC_SetPriority
                0x08002484       0x34 ./Drivers/STM32H7xx_HAL_Driver/Src/stm32h7xx_hal_cortex.o
                0x08002484                HAL_NVIC_SetPriority
 .text.HAL_NVIC_EnableIRQ
                0x080024b8       0x1c ./Drivers/STM32H7xx_HAL_Driver/Src/stm32h7xx_hal_cortex.o
                0x080024b8                HAL_NVIC_EnableIRQ
 .text.HAL_MPU_Disable
                0x080024d4       0x30 ./Drivers/STM32H7xx_HAL_Driver/Src/stm32h7xx_hal_cortex.o
                0x080024d4                HAL_MPU_Disable
 .text.HAL_MPU_Enable
                0x08002504       0x40 ./Drivers/STM32H7xx_HAL_Driver/Src/stm32h7xx_hal_cortex.o
                0x08002504                HAL_MPU_Enable
 .text.HAL_MPU_ConfigRegion
                0x08002544       0x80 ./Drivers/STM32H7xx_HAL_Driver/Src/stm32h7xx_hal_cortex.o
                0x08002544                HAL_MPU_ConfigRegion
 .text.HAL_DMA_Init
                0x080025c4      0x6b8 ./Drivers/STM32H7xx_HAL_Driver/Src/stm32h7xx_hal_dma.o
                0x080025c4                HAL_DMA_Init
 .text.HAL_DMA_IRQHandler
                0x08002c7c      0xe54 ./Drivers/STM32H7xx_HAL_Driver/Src/stm32h7xx_hal_dma.o
                0x08002c7c                HAL_DMA_IRQHandler
 .text.DMA_CalcBaseAndBitshift
                0x08003ad0      0x164 ./Drivers/STM32H7xx_HAL_Driver/Src/stm32h7xx_hal_dma.o
 .text.DMA_CheckFifoParam
                0x08003c34       0xf8 ./Drivers/STM32H7xx_HAL_Driver/Src/stm32h7xx_hal_dma.o
 .text.DMA_CalcDMAMUXChannelBaseAndMask
                0x08003d2c      0x134 ./Drivers/STM32H7xx_HAL_Driver/Src/stm32h7xx_hal_dma.o
 .text.DMA_CalcDMAMUXRequestGenBaseAndMask
                0x08003e60       0xe8 ./Drivers/STM32H7xx_HAL_Driver/Src/stm32h7xx_hal_dma.o
 .text.HAL_GPIO_Init
                0x08003f48      0x360 ./Drivers/STM32H7xx_HAL_Driver/Src/stm32h7xx_hal_gpio.o
                0x08003f48                HAL_GPIO_Init
 .text.HAL_GPIO_WritePin
                0x080042a8       0x32 ./Drivers/STM32H7xx_HAL_Driver/Src/stm32h7xx_hal_gpio.o
                0x080042a8                HAL_GPIO_WritePin
 .text.HAL_GPIO_EXTI_IRQHandler
                0x080042da       0x34 ./Drivers/STM32H7xx_HAL_Driver/Src/stm32h7xx_hal_gpio.o
                0x080042da                HAL_GPIO_EXTI_IRQHandler
 *fill*         0x0800430e        0x2 
 .text.HAL_I2C_Init
                0x08004310      0x138 ./Drivers/STM32H7xx_HAL_Driver/Src/stm32h7xx_hal_i2c.o
                0x08004310                HAL_I2C_Init
 .text.HAL_I2C_Mem_Write
                0x08004448      0x228 ./Drivers/STM32H7xx_HAL_Driver/Src/stm32h7xx_hal_i2c.o
                0x08004448                HAL_I2C_Mem_Write
 .text.I2C_RequestMemoryWrite
                0x08004670       0xa8 ./Drivers/STM32H7xx_HAL_Driver/Src/stm32h7xx_hal_i2c.o
 .text.I2C_Flush_TXDR
                0x08004718       0x48 ./Drivers/STM32H7xx_HAL_Driver/Src/stm32h7xx_hal_i2c.o
 .text.I2C_WaitOnFlagUntilTimeout
                0x08004760       0xb2 ./Drivers/STM32H7xx_HAL_Driver/Src/stm32h7xx_hal_i2c.o
 .text.I2C_WaitOnTXISFlagUntilTimeout
                0x08004812       0x8e ./Drivers/STM32H7xx_HAL_Driver/Src/stm32h7xx_hal_i2c.o
 .text.I2C_WaitOnSTOPFlagUntilTimeout
                0x080048a0       0x86 ./Drivers/STM32H7xx_HAL_Driver/Src/stm32h7xx_hal_i2c.o
 *fill*         0x08004926        0x2 
 .text.I2C_IsErrorOccurred
                0x08004928      0x1c0 ./Drivers/STM32H7xx_HAL_Driver/Src/stm32h7xx_hal_i2c.o
 .text.I2C_TransferConfig
                0x08004ae8       0x64 ./Drivers/STM32H7xx_HAL_Driver/Src/stm32h7xx_hal_i2c.o
 .text.HAL_I2CEx_ConfigAnalogFilter
                0x08004b4c       0x96 ./Drivers/STM32H7xx_HAL_Driver/Src/stm32h7xx_hal_i2c_ex.o
                0x08004b4c                HAL_I2CEx_ConfigAnalogFilter
 .text.HAL_I2CEx_ConfigDigitalFilter
                0x08004be2       0x98 ./Drivers/STM32H7xx_HAL_Driver/Src/stm32h7xx_hal_i2c_ex.o
                0x08004be2                HAL_I2CEx_ConfigDigitalFilter
 *fill*         0x08004c7a        0x2 
 .text.HAL_I2S_Init
                0x08004c7c      0x244 ./Drivers/STM32H7xx_HAL_Driver/Src/stm32h7xx_hal_i2s.o
                0x08004c7c                HAL_I2S_Init
 .text.HAL_PCD_Init
                0x08004ec0      0x218 ./Drivers/STM32H7xx_HAL_Driver/Src/stm32h7xx_hal_pcd.o
                0x08004ec0                HAL_PCD_Init
 .text.HAL_PCDEx_ActivateLPM
                0x080050d8       0x48 ./Drivers/STM32H7xx_HAL_Driver/Src/stm32h7xx_hal_pcd_ex.o
                0x080050d8                HAL_PCDEx_ActivateLPM
 .text.HAL_PWREx_ConfigSupply
                0x08005120       0x74 ./Drivers/STM32H7xx_HAL_Driver/Src/stm32h7xx_hal_pwr_ex.o
                0x08005120                HAL_PWREx_ConfigSupply
 .text.HAL_PWREx_EnableUSBVoltageDetector
                0x08005194       0x20 ./Drivers/STM32H7xx_HAL_Driver/Src/stm32h7xx_hal_pwr_ex.o
                0x08005194                HAL_PWREx_EnableUSBVoltageDetector
 .text.HAL_QSPI_Init
                0x080051b4       0xe8 ./Drivers/STM32H7xx_HAL_Driver/Src/stm32h7xx_hal_qspi.o
                0x080051b4                HAL_QSPI_Init
 .text.HAL_QSPI_SetTimeout
                0x0800529c       0x1c ./Drivers/STM32H7xx_HAL_Driver/Src/stm32h7xx_hal_qspi.o
                0x0800529c                HAL_QSPI_SetTimeout
 .text.QSPI_WaitFlagStateUntilTimeout
                0x080052b8       0x6e ./Drivers/STM32H7xx_HAL_Driver/Src/stm32h7xx_hal_qspi.o
 *fill*         0x08005326        0x2 
 .text.HAL_RCC_OscConfig
                0x08005328      0x8b4 ./Drivers/STM32H7xx_HAL_Driver/Src/stm32h7xx_hal_rcc.o
                0x08005328                HAL_RCC_OscConfig
 .text.HAL_RCC_ClockConfig
                0x08005bdc      0x36c ./Drivers/STM32H7xx_HAL_Driver/Src/stm32h7xx_hal_rcc.o
                0x08005bdc                HAL_RCC_ClockConfig
 .text.HAL_RCC_EnableCSS
                0x08005f48       0x20 ./Drivers/STM32H7xx_HAL_Driver/Src/stm32h7xx_hal_rcc.o
                0x08005f48                HAL_RCC_EnableCSS
 .text.HAL_RCC_GetSysClockFreq
                0x08005f68      0x2f4 ./Drivers/STM32H7xx_HAL_Driver/Src/stm32h7xx_hal_rcc.o
                0x08005f68                HAL_RCC_GetSysClockFreq
 .text.HAL_RCC_GetHCLKFreq
                0x0800625c       0x60 ./Drivers/STM32H7xx_HAL_Driver/Src/stm32h7xx_hal_rcc.o
                0x0800625c                HAL_RCC_GetHCLKFreq
 .text.HAL_RCC_GetPCLK1Freq
                0x080062bc       0x2c ./Drivers/STM32H7xx_HAL_Driver/Src/stm32h7xx_hal_rcc.o
                0x080062bc                HAL_RCC_GetPCLK1Freq
 .text.HAL_RCC_GetPCLK2Freq
                0x080062e8       0x2c ./Drivers/STM32H7xx_HAL_Driver/Src/stm32h7xx_hal_rcc.o
                0x080062e8                HAL_RCC_GetPCLK2Freq
 .text.HAL_RCC_GetClockConfig
                0x08006314       0x84 ./Drivers/STM32H7xx_HAL_Driver/Src/stm32h7xx_hal_rcc.o
                0x08006314                HAL_RCC_GetClockConfig
 .text.HAL_RCC_NMI_IRQHandler
                0x08006398       0x28 ./Drivers/STM32H7xx_HAL_Driver/Src/stm32h7xx_hal_rcc.o
                0x08006398                HAL_RCC_NMI_IRQHandler
 .text.HAL_RCC_CSSCallback
                0x080063c0        0xe ./Drivers/STM32H7xx_HAL_Driver/Src/stm32h7xx_hal_rcc.o
                0x080063c0                HAL_RCC_CSSCallback
 *fill*         0x080063ce        0x2 
 .text.HAL_RCCEx_PeriphCLKConfig
                0x080063d0     0x1414 ./Drivers/STM32H7xx_HAL_Driver/Src/stm32h7xx_hal_rcc_ex.o
                0x080063d0                HAL_RCCEx_PeriphCLKConfig
 .text.HAL_RCCEx_GetPeriphCLKFreq
                0x080077e4      0xaf4 ./Drivers/STM32H7xx_HAL_Driver/Src/stm32h7xx_hal_rcc_ex.o
                0x080077e4                HAL_RCCEx_GetPeriphCLKFreq
 .text.HAL_RCCEx_GetD3PCLK1Freq
                0x080082d8       0x2c ./Drivers/STM32H7xx_HAL_Driver/Src/stm32h7xx_hal_rcc_ex.o
                0x080082d8                HAL_RCCEx_GetD3PCLK1Freq
 .text.HAL_RCCEx_GetPLL2ClockFreq
                0x08008304      0x2a8 ./Drivers/STM32H7xx_HAL_Driver/Src/stm32h7xx_hal_rcc_ex.o
                0x08008304                HAL_RCCEx_GetPLL2ClockFreq
 .text.HAL_RCCEx_GetPLL3ClockFreq
                0x080085ac      0x2a8 ./Drivers/STM32H7xx_HAL_Driver/Src/stm32h7xx_hal_rcc_ex.o
                0x080085ac                HAL_RCCEx_GetPLL3ClockFreq
 .text.HAL_RCCEx_GetPLL1ClockFreq
                0x08008854      0x2a4 ./Drivers/STM32H7xx_HAL_Driver/Src/stm32h7xx_hal_rcc_ex.o
                0x08008854                HAL_RCCEx_GetPLL1ClockFreq
 .text.RCCEx_PLL2_Config
                0x08008af8      0x164 ./Drivers/STM32H7xx_HAL_Driver/Src/stm32h7xx_hal_rcc_ex.o
 .text.RCCEx_PLL3_Config
                0x08008c5c      0x164 ./Drivers/STM32H7xx_HAL_Driver/Src/stm32h7xx_hal_rcc_ex.o
 .text.HAL_TIM_Base_Init
                0x08008dc0       0xae ./Drivers/STM32H7xx_HAL_Driver/Src/stm32h7xx_hal_tim.o
                0x08008dc0                HAL_TIM_Base_Init
 .text.HAL_TIM_Base_MspInit
                0x08008e6e       0x14 ./Drivers/STM32H7xx_HAL_Driver/Src/stm32h7xx_hal_tim.o
                0x08008e6e                HAL_TIM_Base_MspInit
 *fill*         0x08008e82        0x2 
 .text.HAL_TIM_Base_Start_IT
                0x08008e84       0xf0 ./Drivers/STM32H7xx_HAL_Driver/Src/stm32h7xx_hal_tim.o
                0x08008e84                HAL_TIM_Base_Start_IT
 .text.HAL_TIM_Encoder_Init
                0x08008f74      0x14c ./Drivers/STM32H7xx_HAL_Driver/Src/stm32h7xx_hal_tim.o
                0x08008f74                HAL_TIM_Encoder_Init
 .text.HAL_TIM_Encoder_Start
                0x080090c0      0x11c ./Drivers/STM32H7xx_HAL_Driver/Src/stm32h7xx_hal_tim.o
                0x080090c0                HAL_TIM_Encoder_Start
 .text.HAL_TIM_IRQHandler
                0x080091dc      0x20e ./Drivers/STM32H7xx_HAL_Driver/Src/stm32h7xx_hal_tim.o
                0x080091dc                HAL_TIM_IRQHandler
 .text.HAL_TIM_OC_DelayElapsedCallback
                0x080093ea       0x14 ./Drivers/STM32H7xx_HAL_Driver/Src/stm32h7xx_hal_tim.o
                0x080093ea                HAL_TIM_OC_DelayElapsedCallback
 .text.HAL_TIM_IC_CaptureCallback
                0x080093fe       0x14 ./Drivers/STM32H7xx_HAL_Driver/Src/stm32h7xx_hal_tim.o
                0x080093fe                HAL_TIM_IC_CaptureCallback
 .text.HAL_TIM_PWM_PulseFinishedCallback
                0x08009412       0x14 ./Drivers/STM32H7xx_HAL_Driver/Src/stm32h7xx_hal_tim.o
                0x08009412                HAL_TIM_PWM_PulseFinishedCallback
 .text.HAL_TIM_TriggerCallback
                0x08009426       0x14 ./Drivers/STM32H7xx_HAL_Driver/Src/stm32h7xx_hal_tim.o
                0x08009426                HAL_TIM_TriggerCallback
 *fill*         0x0800943a        0x2 
 .text.TIM_Base_SetConfig
                0x0800943c      0x14c ./Drivers/STM32H7xx_HAL_Driver/Src/stm32h7xx_hal_tim.o
                0x0800943c                TIM_Base_SetConfig
 .text.TIM_CCxChannelCmd
                0x08009588       0x4a ./Drivers/STM32H7xx_HAL_Driver/Src/stm32h7xx_hal_tim.o
                0x08009588                TIM_CCxChannelCmd
 *fill*         0x080095d2        0x2 
 .text.HAL_TIMEx_MasterConfigSynchronization
                0x080095d4      0x11c ./Drivers/STM32H7xx_HAL_Driver/Src/stm32h7xx_hal_tim_ex.o
                0x080095d4                HAL_TIMEx_MasterConfigSynchronization
 .text.HAL_TIMEx_CommutCallback
                0x080096f0       0x14 ./Drivers/STM32H7xx_HAL_Driver/Src/stm32h7xx_hal_tim_ex.o
                0x080096f0                HAL_TIMEx_CommutCallback
 .text.HAL_TIMEx_BreakCallback
                0x08009704       0x14 ./Drivers/STM32H7xx_HAL_Driver/Src/stm32h7xx_hal_tim_ex.o
                0x08009704                HAL_TIMEx_BreakCallback
 .text.HAL_TIMEx_Break2Callback
                0x08009718       0x14 ./Drivers/STM32H7xx_HAL_Driver/Src/stm32h7xx_hal_tim_ex.o
                0x08009718                HAL_TIMEx_Break2Callback
 .text.USB_CoreInit
                0x0800972c       0xe4 ./Drivers/STM32H7xx_HAL_Driver/Src/stm32h7xx_ll_usb.o
                0x0800972c                USB_CoreInit
 .text.USB_DisableGlobalInt
                0x08009810       0x22 ./Drivers/STM32H7xx_HAL_Driver/Src/stm32h7xx_ll_usb.o
                0x08009810                USB_DisableGlobalInt
 .text.USB_SetCurrentMode
                0x08009832       0x98 ./Drivers/STM32H7xx_HAL_Driver/Src/stm32h7xx_ll_usb.o
                0x08009832                USB_SetCurrentMode
 *fill*         0x080098ca        0x2 
 .text.USB_DevInit
                0x080098cc      0x2bc ./Drivers/STM32H7xx_HAL_Driver/Src/stm32h7xx_ll_usb.o
                0x080098cc                USB_DevInit
 .text.USB_FlushTxFifo
                0x08009b88       0x64 ./Drivers/STM32H7xx_HAL_Driver/Src/stm32h7xx_ll_usb.o
                0x08009b88                USB_FlushTxFifo
 .text.USB_FlushRxFifo
                0x08009bec       0x5c ./Drivers/STM32H7xx_HAL_Driver/Src/stm32h7xx_ll_usb.o
                0x08009bec                USB_FlushRxFifo
 .text.USB_SetDevSpeed
                0x08009c48       0x32 ./Drivers/STM32H7xx_HAL_Driver/Src/stm32h7xx_ll_usb.o
                0x08009c48                USB_SetDevSpeed
 .text.USB_DevDisconnect
                0x08009c7a       0x42 ./Drivers/STM32H7xx_HAL_Driver/Src/stm32h7xx_ll_usb.o
                0x08009c7a                USB_DevDisconnect
 .text.USB_GetMode
                0x08009cbc       0x1c ./Drivers/STM32H7xx_HAL_Driver/Src/stm32h7xx_ll_usb.o
                0x08009cbc                USB_GetMode
 .text.USB_CoreReset
                0x08009cd8       0x62 ./Drivers/STM32H7xx_HAL_Driver/Src/stm32h7xx_ll_usb.o
 .text.makeFreeRtosPriority
                0x08009d3a       0x30 ./Middlewares/Third_Party/FreeRTOS/Source/CMSIS_RTOS/cmsis_os.o
 .text.osKernelStart
                0x08009d6a        0xe ./Middlewares/Third_Party/FreeRTOS/Source/CMSIS_RTOS/cmsis_os.o
                0x08009d6a                osKernelStart
 .text.osThreadCreate
                0x08009d78       0x98 ./Middlewares/Third_Party/FreeRTOS/Source/CMSIS_RTOS/cmsis_os.o
                0x08009d78                osThreadCreate
 .text.osDelay  0x08009e10       0x28 ./Middlewares/Third_Party/FreeRTOS/Source/CMSIS_RTOS/cmsis_os.o
                0x08009e10                osDelay
 .text.vListInitialise
                0x08009e38       0x40 ./Middlewares/Third_Party/FreeRTOS/Source/list.o
                0x08009e38                vListInitialise
 .text.vListInitialiseItem
                0x08009e78       0x1a ./Middlewares/Third_Party/FreeRTOS/Source/list.o
                0x08009e78                vListInitialiseItem
 .text.vListInsertEnd
                0x08009e92       0x48 ./Middlewares/Third_Party/FreeRTOS/Source/list.o
                0x08009e92                vListInsertEnd
 .text.vListInsert
                0x08009eda       0x72 ./Middlewares/Third_Party/FreeRTOS/Source/list.o
                0x08009eda                vListInsert
 .text.uxListRemove
                0x08009f4c       0x54 ./Middlewares/Third_Party/FreeRTOS/Source/list.o
                0x08009f4c                uxListRemove
 .text.xQueueGenericReset
                0x08009fa0       0xd4 ./Middlewares/Third_Party/FreeRTOS/Source/queue.o
                0x08009fa0                xQueueGenericReset
 .text.xQueueGenericCreate
                0x0800a074       0x76 ./Middlewares/Third_Party/FreeRTOS/Source/queue.o
                0x0800a074                xQueueGenericCreate
 .text.prvInitialiseNewQueue
                0x0800a0ea       0x3e ./Middlewares/Third_Party/FreeRTOS/Source/queue.o
 .text.xQueueGenericSendFromISR
                0x0800a128      0x13c ./Middlewares/Third_Party/FreeRTOS/Source/queue.o
                0x0800a128                xQueueGenericSendFromISR
 .text.xQueueReceive
                0x0800a264      0x1c4 ./Middlewares/Third_Party/FreeRTOS/Source/queue.o
                0x0800a264                xQueueReceive
 .text.prvCopyDataToQueue
                0x0800a428       0xd4 ./Middlewares/Third_Party/FreeRTOS/Source/queue.o
 .text.prvCopyDataFromQueue
                0x0800a4fc       0x4c ./Middlewares/Third_Party/FreeRTOS/Source/queue.o
 .text.prvUnlockQueue
                0x0800a548       0xa4 ./Middlewares/Third_Party/FreeRTOS/Source/queue.o
 .text.prvIsQueueEmpty
                0x0800a5ec       0x2c ./Middlewares/Third_Party/FreeRTOS/Source/queue.o
 .text.xTaskCreateStatic
                0x0800a618       0xc0 ./Middlewares/Third_Party/FreeRTOS/Source/tasks.o
                0x0800a618                xTaskCreateStatic
 .text.xTaskCreate
                0x0800a6d8       0x8a ./Middlewares/Third_Party/FreeRTOS/Source/tasks.o
                0x0800a6d8                xTaskCreate
 *fill*         0x0800a762        0x2 
 .text.prvInitialiseNewTask
                0x0800a764      0x140 ./Middlewares/Third_Party/FreeRTOS/Source/tasks.o
 .text.prvAddNewTaskToReadyList
                0x0800a8a4       0xd4 ./Middlewares/Third_Party/FreeRTOS/Source/tasks.o
 .text.vTaskDelay
                0x0800a978       0x6c ./Middlewares/Third_Party/FreeRTOS/Source/tasks.o
                0x0800a978                vTaskDelay
 .text.vTaskStartScheduler
                0x0800a9e4       0xd4 ./Middlewares/Third_Party/FreeRTOS/Source/tasks.o
                0x0800a9e4                vTaskStartScheduler
 .text.vTaskSuspendAll
                0x0800aab8       0x1c ./Middlewares/Third_Party/FreeRTOS/Source/tasks.o
                0x0800aab8                vTaskSuspendAll
 .text.xTaskResumeAll
                0x0800aad4      0x13c ./Middlewares/Third_Party/FreeRTOS/Source/tasks.o
                0x0800aad4                xTaskResumeAll
 .text.xTaskIncrementTick
                0x0800ac10      0x174 ./Middlewares/Third_Party/FreeRTOS/Source/tasks.o
                0x0800ac10                xTaskIncrementTick
 .text.vTaskSwitchContext
                0x0800ad84       0xc8 ./Middlewares/Third_Party/FreeRTOS/Source/tasks.o
                0x0800ad84                vTaskSwitchContext
 .text.vTaskPlaceOnEventList
                0x0800ae4c       0x4c ./Middlewares/Third_Party/FreeRTOS/Source/tasks.o
                0x0800ae4c                vTaskPlaceOnEventList
 .text.xTaskRemoveFromEventList
                0x0800ae98       0xc8 ./Middlewares/Third_Party/FreeRTOS/Source/tasks.o
                0x0800ae98                xTaskRemoveFromEventList
 .text.vTaskInternalSetTimeOutState
                0x0800af60       0x2c ./Middlewares/Third_Party/FreeRTOS/Source/tasks.o
                0x0800af60                vTaskInternalSetTimeOutState
 .text.xTaskCheckForTimeOut
                0x0800af8c       0xc8 ./Middlewares/Third_Party/FreeRTOS/Source/tasks.o
                0x0800af8c                xTaskCheckForTimeOut
 .text.vTaskMissedYield
                0x0800b054       0x18 ./Middlewares/Third_Party/FreeRTOS/Source/tasks.o
                0x0800b054                vTaskMissedYield
 .text.prvIdleTask
                0x0800b06c       0x30 ./Middlewares/Third_Party/FreeRTOS/Source/tasks.o
 .text.prvInitialiseTaskLists
                0x0800b09c       0x80 ./Middlewares/Third_Party/FreeRTOS/Source/tasks.o
 .text.prvCheckTasksWaitingTermination
                0x0800b11c       0x5c ./Middlewares/Third_Party/FreeRTOS/Source/tasks.o
 .text.prvDeleteTCB
                0x0800b178       0x6a ./Middlewares/Third_Party/FreeRTOS/Source/tasks.o
 *fill*         0x0800b1e2        0x2 
 .text.prvResetNextTaskUnblockTime
                0x0800b1e4       0x40 ./Middlewares/Third_Party/FreeRTOS/Source/tasks.o
 .text.xTaskGetSchedulerState
                0x0800b224       0x3c ./Middlewares/Third_Party/FreeRTOS/Source/tasks.o
                0x0800b224                xTaskGetSchedulerState
 .text.xTaskPriorityDisinherit
                0x0800b260      0x110 ./Middlewares/Third_Party/FreeRTOS/Source/tasks.o
                0x0800b260                xTaskPriorityDisinherit
 .text.prvAddCurrentTaskToDelayedList
                0x0800b370       0xcc ./Middlewares/Third_Party/FreeRTOS/Source/tasks.o
 .text.pxPortInitialiseStack
                0x0800b43c       0x68 ./Middlewares/Third_Party/FreeRTOS/Source/portable/GCC/ARM_CM4F/port.o
                0x0800b43c                pxPortInitialiseStack
 .text.prvTaskExitError
                0x0800b4a4       0x5c ./Middlewares/Third_Party/FreeRTOS/Source/portable/GCC/ARM_CM4F/port.o
 .text.SVC_Handler
                0x0800b500       0x28 ./Middlewares/Third_Party/FreeRTOS/Source/portable/GCC/ARM_CM4F/port.o
                0x0800b500                SVC_Handler
 .text.prvPortStartFirstTask
                0x0800b528       0x28 ./Middlewares/Third_Party/FreeRTOS/Source/portable/GCC/ARM_CM4F/port.o
 .text.xPortStartScheduler
                0x0800b550      0x148 ./Middlewares/Third_Party/FreeRTOS/Source/portable/GCC/ARM_CM4F/port.o
                0x0800b550                xPortStartScheduler
 .text.vPortEnterCritical
                0x0800b698       0x64 ./Middlewares/Third_Party/FreeRTOS/Source/portable/GCC/ARM_CM4F/port.o
                0x0800b698                vPortEnterCritical
 .text.vPortExitCritical
                0x0800b6fc       0x54 ./Middlewares/Third_Party/FreeRTOS/Source/portable/GCC/ARM_CM4F/port.o
                0x0800b6fc                vPortExitCritical
 .text.PendSV_Handler
                0x0800b750       0x68 ./Middlewares/Third_Party/FreeRTOS/Source/portable/GCC/ARM_CM4F/port.o
                0x0800b750                PendSV_Handler
 .text.SysTick_Handler
                0x0800b7b8       0x44 ./Middlewares/Third_Party/FreeRTOS/Source/portable/GCC/ARM_CM4F/port.o
                0x0800b7b8                SysTick_Handler
 .text.vPortSetupTimerInterrupt
                0x0800b7fc       0x48 ./Middlewares/Third_Party/FreeRTOS/Source/portable/GCC/ARM_CM4F/port.o
                0x0800b7fc                vPortSetupTimerInterrupt
 .text.vPortEnableVFP
                0x0800b844       0x14 ./Middlewares/Third_Party/FreeRTOS/Source/portable/GCC/ARM_CM4F/port.o
 .text.vPortValidateInterruptPriority
                0x0800b858       0x84 ./Middlewares/Third_Party/FreeRTOS/Source/portable/GCC/ARM_CM4F/port.o
                0x0800b858                vPortValidateInterruptPriority
 .text.pvPortMalloc
                0x0800b8dc      0x19c ./Middlewares/Third_Party/FreeRTOS/Source/portable/MemMang/heap_4.o
                0x0800b8dc                pvPortMalloc
 .text.vPortFree
                0x0800ba78       0xc8 ./Middlewares/Third_Party/FreeRTOS/Source/portable/MemMang/heap_4.o
                0x0800ba78                vPortFree
 .text.prvHeapInit
                0x0800bb40       0xc4 ./Middlewares/Third_Party/FreeRTOS/Source/portable/MemMang/heap_4.o
 .text.prvInsertBlockIntoFreeList
                0x0800bc04       0xb4 ./Middlewares/Third_Party/FreeRTOS/Source/portable/MemMang/heap_4.o
 .text.snprintf
                0x0800bcb8       0x68 C:/ST/STM32CubeIDE_1.16.1/STM32CubeIDE/plugins/com.st.stm32cube.ide.mcu.externaltools.gnu-tools-for-stm32.12.3.rel1.win32_1.0.200.202406191623/tools/bin/../lib/gcc/arm-none-eabi/12.3.1/../../../../arm-none-eabi/lib/thumb/v7e-m+dp/hard\libc_nano.a(libc_a-snprintf.o)
                0x0800bcb8                sniprintf
                0x0800bcb8                snprintf
 .text.memset   0x0800bd20       0x10 C:/ST/STM32CubeIDE_1.16.1/STM32CubeIDE/plugins/com.st.stm32cube.ide.mcu.externaltools.gnu-tools-for-stm32.12.3.rel1.win32_1.0.200.202406191623/tools/bin/../lib/gcc/arm-none-eabi/12.3.1/../../../../arm-none-eabi/lib/thumb/v7e-m+dp/hard\libc_nano.a(libc_a-memset.o)
                0x0800bd20                memset
 .text.strncpy  0x0800bd30       0x26 C:/ST/STM32CubeIDE_1.16.1/STM32CubeIDE/plugins/com.st.stm32cube.ide.mcu.externaltools.gnu-tools-for-stm32.12.3.rel1.win32_1.0.200.202406191623/tools/bin/../lib/gcc/arm-none-eabi/12.3.1/../../../../arm-none-eabi/lib/thumb/v7e-m+dp/hard\libc_nano.a(libc_a-strncpy.o)
                0x0800bd30                strncpy
 *fill*         0x0800bd56        0x2 
 .text._reclaim_reent
                0x0800bd58       0xac C:/ST/STM32CubeIDE_1.16.1/STM32CubeIDE/plugins/com.st.stm32cube.ide.mcu.externaltools.gnu-tools-for-stm32.12.3.rel1.win32_1.0.200.202406191623/tools/bin/../lib/gcc/arm-none-eabi/12.3.1/../../../../arm-none-eabi/lib/thumb/v7e-m+dp/hard\libc_nano.a(libc_a-reent.o)
                0x0800bd58                _reclaim_reent
 .text.__errno  0x0800be04        0xc C:/ST/STM32CubeIDE_1.16.1/STM32CubeIDE/plugins/com.st.stm32cube.ide.mcu.externaltools.gnu-tools-for-stm32.12.3.rel1.win32_1.0.200.202406191623/tools/bin/../lib/gcc/arm-none-eabi/12.3.1/../../../../arm-none-eabi/lib/thumb/v7e-m+dp/hard\libc_nano.a(libc_a-errno.o)
                0x0800be04                __errno
 .text.__libc_init_array
                0x0800be10       0x48 C:/ST/STM32CubeIDE_1.16.1/STM32CubeIDE/plugins/com.st.stm32cube.ide.mcu.externaltools.gnu-tools-for-stm32.12.3.rel1.win32_1.0.200.202406191623/tools/bin/../lib/gcc/arm-none-eabi/12.3.1/../../../../arm-none-eabi/lib/thumb/v7e-m+dp/hard\libc_nano.a(libc_a-init.o)
                0x0800be10                __libc_init_array
 .text.__retarget_lock_acquire_recursive
                0x0800be58        0x2 C:/ST/STM32CubeIDE_1.16.1/STM32CubeIDE/plugins/com.st.stm32cube.ide.mcu.externaltools.gnu-tools-for-stm32.12.3.rel1.win32_1.0.200.202406191623/tools/bin/../lib/gcc/arm-none-eabi/12.3.1/../../../../arm-none-eabi/lib/thumb/v7e-m+dp/hard\libc_nano.a(libc_a-lock.o)
                0x0800be58                __retarget_lock_acquire_recursive
 .text.__retarget_lock_release_recursive
                0x0800be5a        0x2 C:/ST/STM32CubeIDE_1.16.1/STM32CubeIDE/plugins/com.st.stm32cube.ide.mcu.externaltools.gnu-tools-for-stm32.12.3.rel1.win32_1.0.200.202406191623/tools/bin/../lib/gcc/arm-none-eabi/12.3.1/../../../../arm-none-eabi/lib/thumb/v7e-m+dp/hard\libc_nano.a(libc_a-lock.o)
                0x0800be5a                __retarget_lock_release_recursive
 .text.memcpy   0x0800be5c       0x1c C:/ST/STM32CubeIDE_1.16.1/STM32CubeIDE/plugins/com.st.stm32cube.ide.mcu.externaltools.gnu-tools-for-stm32.12.3.rel1.win32_1.0.200.202406191623/tools/bin/../lib/gcc/arm-none-eabi/12.3.1/../../../../arm-none-eabi/lib/thumb/v7e-m+dp/hard\libc_nano.a(libc_a-memcpy-stub.o)
                0x0800be5c                memcpy
 .text._free_r  0x0800be78       0x94 C:/ST/STM32CubeIDE_1.16.1/STM32CubeIDE/plugins/com.st.stm32cube.ide.mcu.externaltools.gnu-tools-for-stm32.12.3.rel1.win32_1.0.200.202406191623/tools/bin/../lib/gcc/arm-none-eabi/12.3.1/../../../../arm-none-eabi/lib/thumb/v7e-m+dp/hard\libc_nano.a(libc_a-freer.o)
                0x0800be78                _free_r
 .text.sbrk_aligned
                0x0800bf0c       0x44 C:/ST/STM32CubeIDE_1.16.1/STM32CubeIDE/plugins/com.st.stm32cube.ide.mcu.externaltools.gnu-tools-for-stm32.12.3.rel1.win32_1.0.200.202406191623/tools/bin/../lib/gcc/arm-none-eabi/12.3.1/../../../../arm-none-eabi/lib/thumb/v7e-m+dp/hard\libc_nano.a(libc_a-mallocr.o)
 .text._malloc_r
                0x0800bf50      0x100 C:/ST/STM32CubeIDE_1.16.1/STM32CubeIDE/plugins/com.st.stm32cube.ide.mcu.externaltools.gnu-tools-for-stm32.12.3.rel1.win32_1.0.200.202406191623/tools/bin/../lib/gcc/arm-none-eabi/12.3.1/../../../../arm-none-eabi/lib/thumb/v7e-m+dp/hard\libc_nano.a(libc_a-mallocr.o)
                0x0800bf50                _malloc_r
 .text.__malloc_lock
                0x0800c050        0xc C:/ST/STM32CubeIDE_1.16.1/STM32CubeIDE/plugins/com.st.stm32cube.ide.mcu.externaltools.gnu-tools-for-stm32.12.3.rel1.win32_1.0.200.202406191623/tools/bin/../lib/gcc/arm-none-eabi/12.3.1/../../../../arm-none-eabi/lib/thumb/v7e-m+dp/hard\libc_nano.a(libc_a-mlock.o)
                0x0800c050                __malloc_lock
 .text.__malloc_unlock
                0x0800c05c        0xc C:/ST/STM32CubeIDE_1.16.1/STM32CubeIDE/plugins/com.st.stm32cube.ide.mcu.externaltools.gnu-tools-for-stm32.12.3.rel1.win32_1.0.200.202406191623/tools/bin/../lib/gcc/arm-none-eabi/12.3.1/../../../../arm-none-eabi/lib/thumb/v7e-m+dp/hard\libc_nano.a(libc_a-mlock.o)
                0x0800c05c                __malloc_unlock
 .text.__ssputs_r
                0x0800c068       0xb6 C:/ST/STM32CubeIDE_1.16.1/STM32CubeIDE/plugins/com.st.stm32cube.ide.mcu.externaltools.gnu-tools-for-stm32.12.3.rel1.win32_1.0.200.202406191623/tools/bin/../lib/gcc/arm-none-eabi/12.3.1/../../../../arm-none-eabi/lib/thumb/v7e-m+dp/hard\libc_nano.a(libc_a-nano-svfprintf.o)
                0x0800c068                __ssputs_r
 *fill*         0x0800c11e        0x2 
 .text._svfprintf_r
                0x0800c120      0x1f8 C:/ST/STM32CubeIDE_1.16.1/STM32CubeIDE/plugins/com.st.stm32cube.ide.mcu.externaltools.gnu-tools-for-stm32.12.3.rel1.win32_1.0.200.202406191623/tools/bin/../lib/gcc/arm-none-eabi/12.3.1/../../../../arm-none-eabi/lib/thumb/v7e-m+dp/hard\libc_nano.a(libc_a-nano-svfprintf.o)
                0x0800c120                _svfiprintf_r
                0x0800c120                _svfprintf_r
 .text._printf_common
                0x0800c318       0xda C:/ST/STM32CubeIDE_1.16.1/STM32CubeIDE/plugins/com.st.stm32cube.ide.mcu.externaltools.gnu-tools-for-stm32.12.3.rel1.win32_1.0.200.202406191623/tools/bin/../lib/gcc/arm-none-eabi/12.3.1/../../../../arm-none-eabi/lib/thumb/v7e-m+dp/hard\libc_nano.a(libc_a-nano-vfprintf_i.o)
                0x0800c318                _printf_common
 *fill*         0x0800c3f2        0x2 
 .text._printf_i
                0x0800c3f4      0x240 C:/ST/STM32CubeIDE_1.16.1/STM32CubeIDE/plugins/com.st.stm32cube.ide.mcu.externaltools.gnu-tools-for-stm32.12.3.rel1.win32_1.0.200.202406191623/tools/bin/../lib/gcc/arm-none-eabi/12.3.1/../../../../arm-none-eabi/lib/thumb/v7e-m+dp/hard\libc_nano.a(libc_a-nano-vfprintf_i.o)
                0x0800c3f4                _printf_i
 .text.memmove  0x0800c634       0x34 C:/ST/STM32CubeIDE_1.16.1/STM32CubeIDE/plugins/com.st.stm32cube.ide.mcu.externaltools.gnu-tools-for-stm32.12.3.rel1.win32_1.0.200.202406191623/tools/bin/../lib/gcc/arm-none-eabi/12.3.1/../../../../arm-none-eabi/lib/thumb/v7e-m+dp/hard\libc_nano.a(libc_a-memmove.o)
                0x0800c634                memmove
 .text._sbrk_r  0x0800c668       0x20 C:/ST/STM32CubeIDE_1.16.1/STM32CubeIDE/plugins/com.st.stm32cube.ide.mcu.externaltools.gnu-tools-for-stm32.12.3.rel1.win32_1.0.200.202406191623/tools/bin/../lib/gcc/arm-none-eabi/12.3.1/../../../../arm-none-eabi/lib/thumb/v7e-m+dp/hard\libc_nano.a(libc_a-sbrkr.o)
                0x0800c668                _sbrk_r
 .text._realloc_r
                0x0800c688       0x5c C:/ST/STM32CubeIDE_1.16.1/STM32CubeIDE/plugins/com.st.stm32cube.ide.mcu.externaltools.gnu-tools-for-stm32.12.3.rel1.win32_1.0.200.202406191623/tools/bin/../lib/gcc/arm-none-eabi/12.3.1/../../../../arm-none-eabi/lib/thumb/v7e-m+dp/hard\libc_nano.a(libc_a-reallocr.o)
                0x0800c688                _realloc_r
 .text._malloc_usable_size_r
                0x0800c6e4       0x10 C:/ST/STM32CubeIDE_1.16.1/STM32CubeIDE/plugins/com.st.stm32cube.ide.mcu.externaltools.gnu-tools-for-stm32.12.3.rel1.win32_1.0.200.202406191623/tools/bin/../lib/gcc/arm-none-eabi/12.3.1/../../../../arm-none-eabi/lib/thumb/v7e-m+dp/hard\libc_nano.a(libc_a-msizer.o)
                0x0800c6e4                _malloc_usable_size_r
 *(.glue_7)
 .glue_7        0x0800c6f4        0x0 linker stubs
 *(.glue_7t)
 .glue_7t       0x0800c6f4        0x0 linker stubs
 *(.eh_frame)
 .eh_frame      0x0800c6f4        0x0 C:/ST/STM32CubeIDE_1.16.1/STM32CubeIDE/plugins/com.st.stm32cube.ide.mcu.externaltools.gnu-tools-for-stm32.12.3.rel1.win32_1.0.200.202406191623/tools/bin/../lib/gcc/arm-none-eabi/12.3.1/thumb/v7e-m+dp/hard/crtbegin.o
 *(.init)
 .init          0x0800c6f4        0x4 C:/ST/STM32CubeIDE_1.16.1/STM32CubeIDE/plugins/com.st.stm32cube.ide.mcu.externaltools.gnu-tools-for-stm32.12.3.rel1.win32_1.0.200.202406191623/tools/bin/../lib/gcc/arm-none-eabi/12.3.1/thumb/v7e-m+dp/hard/crti.o
                0x0800c6f4                _init
 .init          0x0800c6f8        0x8 C:/ST/STM32CubeIDE_1.16.1/STM32CubeIDE/plugins/com.st.stm32cube.ide.mcu.externaltools.gnu-tools-for-stm32.12.3.rel1.win32_1.0.200.202406191623/tools/bin/../lib/gcc/arm-none-eabi/12.3.1/thumb/v7e-m+dp/hard/crtn.o
 *(.fini)
 .fini          0x0800c700        0x4 C:/ST/STM32CubeIDE_1.16.1/STM32CubeIDE/plugins/com.st.stm32cube.ide.mcu.externaltools.gnu-tools-for-stm32.12.3.rel1.win32_1.0.200.202406191623/tools/bin/../lib/gcc/arm-none-eabi/12.3.1/thumb/v7e-m+dp/hard/crti.o
                0x0800c700                _fini
 .fini          0x0800c704        0x8 C:/ST/STM32CubeIDE_1.16.1/STM32CubeIDE/plugins/com.st.stm32cube.ide.mcu.externaltools.gnu-tools-for-stm32.12.3.rel1.win32_1.0.200.202406191623/tools/bin/../lib/gcc/arm-none-eabi/12.3.1/thumb/v7e-m+dp/hard/crtn.o
                0x0800c70c                        . = ALIGN (0x4)
                0x0800c70c                        _etext = .

.vfp11_veneer   0x0800c70c        0x0
 .vfp11_veneer  0x0800c70c        0x0 linker stubs

.v4_bx          0x0800c70c        0x0
 .v4_bx         0x0800c70c        0x0 linker stubs

.iplt           0x0800c70c        0x0
 .iplt          0x0800c70c        0x0 C:/ST/STM32CubeIDE_1.16.1/STM32CubeIDE/plugins/com.st.stm32cube.ide.mcu.externaltools.gnu-tools-for-stm32.12.3.rel1.win32_1.0.200.202406191623/tools/bin/../lib/gcc/arm-none-eabi/12.3.1/thumb/v7e-m+dp/hard/crtbegin.o

.rodata         0x0800c70c      0xd0c
                0x0800c70c                        . = ALIGN (0x4)
 *(.rodata)
 .rodata        0x0800c70c       0x36 ./Core/Src/UI/UI_Init.o
 *fill*         0x0800c742        0x2 
 .rodata        0x0800c744        0xc ./Core/Src/UI/UI_Update.o
 .rodata        0x0800c750       0x78 ./Core/Src/main.o
 .rodata        0x0800c7c8        0x5 ./Middlewares/Third_Party/FreeRTOS/Source/tasks.o
 *(.rodata*)
 *fill*         0x0800c7cd        0x3 
 .rodata.UI_Init_Screen
                0x0800c7d0      0x200 ./Core/Src/UI/UI_Init.o
                0x0800c7d0                UI_Init_Screen
 .rodata.UI_Main_Screen
                0x0800c9d0      0x200 ./Core/Src/UI/UI_Init.o
                0x0800c9d0                UI_Main_Screen
 .rodata.UI_BlankScreen
                0x0800cbd0      0x200 ./Core/Src/UI/UI_Init.o
                0x0800cbd0                UI_BlankScreen
 .rodata.D1CorePrescTable
                0x0800cdd0       0x10 ./Core/Src/system_stm32h7xx.o
                0x0800cdd0                D1CorePrescTable
 .rodata.Font6x8
                0x0800cde0      0x5f0 ./Drivers/OLED/ssd1306_fonts.o
 .rodata.Font_6x8
                0x0800d3d0        0xc ./Drivers/OLED/ssd1306_fonts.o
                0x0800d3d0                Font_6x8
 .rodata.flagBitshiftOffset.0
                0x0800d3dc        0x8 ./Drivers/STM32H7xx_HAL_Driver/Src/stm32h7xx_hal_dma.o
 .rodata._svfprintf_r.str1.1
                0x0800d3e4       0x11 C:/ST/STM32CubeIDE_1.16.1/STM32CubeIDE/plugins/com.st.stm32cube.ide.mcu.externaltools.gnu-tools-for-stm32.12.3.rel1.win32_1.0.200.202406191623/tools/bin/../lib/gcc/arm-none-eabi/12.3.1/../../../../arm-none-eabi/lib/thumb/v7e-m+dp/hard\libc_nano.a(libc_a-nano-svfprintf.o)
 .rodata._printf_i.str1.1
                0x0800d3f5       0x22 C:/ST/STM32CubeIDE_1.16.1/STM32CubeIDE/plugins/com.st.stm32cube.ide.mcu.externaltools.gnu-tools-for-stm32.12.3.rel1.win32_1.0.200.202406191623/tools/bin/../lib/gcc/arm-none-eabi/12.3.1/../../../../arm-none-eabi/lib/thumb/v7e-m+dp/hard\libc_nano.a(libc_a-nano-vfprintf_i.o)
                0x0800d418                        . = ALIGN (0x4)
 *fill*         0x0800d417        0x1 

.ARM.extab
 *(.ARM.extab* .gnu.linkonce.armextab.*)

.ARM            0x0800d418        0x8
                0x0800d418                        __exidx_start = .
 *(.ARM.exidx*)
 .ARM.exidx     0x0800d418        0x8 C:/ST/STM32CubeIDE_1.16.1/STM32CubeIDE/plugins/com.st.stm32cube.ide.mcu.externaltools.gnu-tools-for-stm32.12.3.rel1.win32_1.0.200.202406191623/tools/bin/../lib/gcc/arm-none-eabi/12.3.1/../../../../arm-none-eabi/lib/thumb/v7e-m+dp/hard\libc_nano.a(libc_a-strlen.o)
 .ARM.exidx     0x0800d420        0x0 C:/ST/STM32CubeIDE_1.16.1/STM32CubeIDE/plugins/com.st.stm32cube.ide.mcu.externaltools.gnu-tools-for-stm32.12.3.rel1.win32_1.0.200.202406191623/tools/bin/../lib/gcc/arm-none-eabi/12.3.1/../../../../arm-none-eabi/lib/thumb/v7e-m+dp/hard\libc_nano.a(libc_a-memchr.o)
                                  0x8 (size before relaxing)
                0x0800d420                        __exidx_end = .

.preinit_array  0x0800d420        0x0
                0x0800d420                        PROVIDE (__preinit_array_start = .)
 *(.preinit_array*)
                0x0800d420                        PROVIDE (__preinit_array_end = .)

.init_array     0x0800d420        0x4
                0x0800d420                        PROVIDE (__init_array_start = .)
 *(SORT_BY_NAME(.init_array.*))
 *(.init_array*)
 .init_array    0x0800d420        0x4 C:/ST/STM32CubeIDE_1.16.1/STM32CubeIDE/plugins/com.st.stm32cube.ide.mcu.externaltools.gnu-tools-for-stm32.12.3.rel1.win32_1.0.200.202406191623/tools/bin/../lib/gcc/arm-none-eabi/12.3.1/thumb/v7e-m+dp/hard/crtbegin.o
                0x0800d424                        PROVIDE (__init_array_end = .)

.fini_array     0x0800d424        0x4
                [!provide]                        PROVIDE (__fini_array_start = .)
 *(SORT_BY_NAME(.fini_array.*))
 *(.fini_array*)
 .fini_array    0x0800d424        0x4 C:/ST/STM32CubeIDE_1.16.1/STM32CubeIDE/plugins/com.st.stm32cube.ide.mcu.externaltools.gnu-tools-for-stm32.12.3.rel1.win32_1.0.200.202406191623/tools/bin/../lib/gcc/arm-none-eabi/12.3.1/thumb/v7e-m+dp/hard/crtbegin.o
                [!provide]                        PROVIDE (__fini_array_end = .)
                0x0800d428                        _sidata = LOADADDR (.data)

.rel.dyn        0x0800d428        0x0
 .rel.iplt      0x0800d428        0x0 C:/ST/STM32CubeIDE_1.16.1/STM32CubeIDE/plugins/com.st.stm32cube.ide.mcu.externaltools.gnu-tools-for-stm32.12.3.rel1.win32_1.0.200.202406191623/tools/bin/../lib/gcc/arm-none-eabi/12.3.1/thumb/v7e-m+dp/hard/crtbegin.o

.data           0x24000000       0x64 load address 0x0800d428
                0x24000000                        . = ALIGN (0x4)
                0x24000000                        _sdata = .
 *(.data)
 *(.data*)
 .data.SystemCoreClock
                0x24000000        0x4 ./Core/Src/system_stm32h7xx.o
                0x24000000                SystemCoreClock
 .data.SystemD2Clock
                0x24000004        0x4 ./Core/Src/system_stm32h7xx.o
                0x24000004                SystemD2Clock
 .data.uwTickPrio
                0x24000008        0x4 ./Drivers/STM32H7xx_HAL_Driver/Src/stm32h7xx_hal.o
                0x24000008                uwTickPrio
 .data.uwTickFreq
                0x2400000c        0x1 ./Drivers/STM32H7xx_HAL_Driver/Src/stm32h7xx_hal.o
                0x2400000c                uwTickFreq
 *fill*         0x2400000d        0x3 
 .data.uxCriticalNesting
                0x24000010        0x4 ./Middlewares/Third_Party/FreeRTOS/Source/portable/GCC/ARM_CM4F/port.o
 .data._impure_ptr
                0x24000014        0x4 C:/ST/STM32CubeIDE_1.16.1/STM32CubeIDE/plugins/com.st.stm32cube.ide.mcu.externaltools.gnu-tools-for-stm32.12.3.rel1.win32_1.0.200.202406191623/tools/bin/../lib/gcc/arm-none-eabi/12.3.1/../../../../arm-none-eabi/lib/thumb/v7e-m+dp/hard\libc_nano.a(libc_a-impure.o)
                0x24000014                _impure_ptr
 .data._impure_data
                0x24000018       0x4c C:/ST/STM32CubeIDE_1.16.1/STM32CubeIDE/plugins/com.st.stm32cube.ide.mcu.externaltools.gnu-tools-for-stm32.12.3.rel1.win32_1.0.200.202406191623/tools/bin/../lib/gcc/arm-none-eabi/12.3.1/../../../../arm-none-eabi/lib/thumb/v7e-m+dp/hard\libc_nano.a(libc_a-impure.o)
                0x24000018                _impure_data
 *(.RamFunc)
 *(.RamFunc*)
                0x24000064                        . = ALIGN (0x4)
                0x24000064                        _edata = .

.igot.plt       0x24000064        0x0 load address 0x0800d48c
 .igot.plt      0x24000064        0x0 C:/ST/STM32CubeIDE_1.16.1/STM32CubeIDE/plugins/com.st.stm32cube.ide.mcu.externaltools.gnu-tools-for-stm32.12.3.rel1.win32_1.0.200.202406191623/tools/bin/../lib/gcc/arm-none-eabi/12.3.1/thumb/v7e-m+dp/hard/crtbegin.o
                0x24000064                        . = ALIGN (0x4)

.bss            0x24000064     0x4c60 load address 0x0800d48c
                0x24000064                        _sbss = .
                0x24000064                        __bss_start__ = _sbss
 *(.bss)
 .bss           0x24000064       0x1c C:/ST/STM32CubeIDE_1.16.1/STM32CubeIDE/plugins/com.st.stm32cube.ide.mcu.externaltools.gnu-tools-for-stm32.12.3.rel1.win32_1.0.200.202406191623/tools/bin/../lib/gcc/arm-none-eabi/12.3.1/thumb/v7e-m+dp/hard/crtbegin.o
 *(.bss*)
 .bss.UI_state  0x24000080      0x180 ./Core/Src/UI/UI_Init.o
                0x24000080                UI_state
 .bss.xIdleTaskTCBBuffer
                0x24000200       0xa0 ./Core/Src/freertos.o
 .bss.xIdleStack
                0x240002a0      0x200 ./Core/Src/freertos.o
 .bss.hi2c4     0x240004a0       0x54 ./Core/Src/main.o
                0x240004a0                hi2c4
 .bss.hi2s3     0x240004f4       0x54 ./Core/Src/main.o
                0x240004f4                hi2s3
 .bss.hdma_spi3_rx
                0x24000548       0x78 ./Core/Src/main.o
                0x24000548                hdma_spi3_rx
 .bss.hdma_spi3_tx
                0x240005c0       0x78 ./Core/Src/main.o
                0x240005c0                hdma_spi3_tx
 .bss.hqspi     0x24000638       0x4c ./Core/Src/main.o
                0x24000638                hqspi
 .bss.htim3     0x24000684       0x4c ./Core/Src/main.o
                0x24000684                htim3
 .bss.hpcd_USB_OTG_HS
                0x240006d0      0x4e4 ./Core/Src/main.o
                0x240006d0                hpcd_USB_OTG_HS
 .bss.defaultTaskHandle
                0x24000bb4        0x4 ./Core/Src/main.o
                0x24000bb4                defaultTaskHandle
 .bss.UITaskHandle
                0x24000bb8        0x4 ./Core/Src/main.o
                0x24000bb8                UITaskHandle
 .bss.AudioProcTaskHandle
                0x24000bbc        0x4 ./Core/Src/main.o
                0x24000bbc                AudioProcTaskHandle
 .bss.xUserInputEvent
                0x24000bc0        0x4 ./Core/Src/main.o
                0x24000bc0                xUserInputEvent
 .bss.currTime  0x24000bc4        0x4 ./Core/Src/main.o
                0x24000bc4                currTime
 .bss.prevTime  0x24000bc8        0x4 ./Core/Src/main.o
                0x24000bc8                prevTime
 .bss.htim1     0x24000bcc       0x4c ./Core/Src/stm32h7xx_hal_timebase_tim.o
                0x24000bcc                htim1
 .bss.__sbrk_heap_end
                0x24000c18        0x4 ./Core/Src/sysmem.o
 .bss.SSD1306_Buffer
                0x24000c1c      0x200 ./Drivers/OLED/ssd1306.o
 .bss.SSD1306   0x24000e1c        0x6 ./Drivers/OLED/ssd1306.o
 *fill*         0x24000e22        0x2 
 .bss.uwTick    0x24000e24        0x4 ./Drivers/STM32H7xx_HAL_Driver/Src/stm32h7xx_hal.o
                0x24000e24                uwTick
 .bss.pxCurrentTCB
                0x24000e28        0x4 ./Middlewares/Third_Party/FreeRTOS/Source/tasks.o
                0x24000e28                pxCurrentTCB
 .bss.pxReadyTasksLists
                0x24000e2c       0x8c ./Middlewares/Third_Party/FreeRTOS/Source/tasks.o
 .bss.xDelayedTaskList1
                0x24000eb8       0x14 ./Middlewares/Third_Party/FreeRTOS/Source/tasks.o
 .bss.xDelayedTaskList2
                0x24000ecc       0x14 ./Middlewares/Third_Party/FreeRTOS/Source/tasks.o
 .bss.pxDelayedTaskList
                0x24000ee0        0x4 ./Middlewares/Third_Party/FreeRTOS/Source/tasks.o
 .bss.pxOverflowDelayedTaskList
                0x24000ee4        0x4 ./Middlewares/Third_Party/FreeRTOS/Source/tasks.o
 .bss.xPendingReadyList
                0x24000ee8       0x14 ./Middlewares/Third_Party/FreeRTOS/Source/tasks.o
 .bss.xTasksWaitingTermination
                0x24000efc       0x14 ./Middlewares/Third_Party/FreeRTOS/Source/tasks.o
 .bss.uxDeletedTasksWaitingCleanUp
                0x24000f10        0x4 ./Middlewares/Third_Party/FreeRTOS/Source/tasks.o
 .bss.xSuspendedTaskList
                0x24000f14       0x14 ./Middlewares/Third_Party/FreeRTOS/Source/tasks.o
 .bss.uxCurrentNumberOfTasks
                0x24000f28        0x4 ./Middlewares/Third_Party/FreeRTOS/Source/tasks.o
 .bss.xTickCount
                0x24000f2c        0x4 ./Middlewares/Third_Party/FreeRTOS/Source/tasks.o
 .bss.uxTopReadyPriority
                0x24000f30        0x4 ./Middlewares/Third_Party/FreeRTOS/Source/tasks.o
 .bss.xSchedulerRunning
                0x24000f34        0x4 ./Middlewares/Third_Party/FreeRTOS/Source/tasks.o
 .bss.xPendedTicks
                0x24000f38        0x4 ./Middlewares/Third_Party/FreeRTOS/Source/tasks.o
 .bss.xYieldPending
                0x24000f3c        0x4 ./Middlewares/Third_Party/FreeRTOS/Source/tasks.o
 .bss.xNumOfOverflows
                0x24000f40        0x4 ./Middlewares/Third_Party/FreeRTOS/Source/tasks.o
 .bss.uxTaskNumber
                0x24000f44        0x4 ./Middlewares/Third_Party/FreeRTOS/Source/tasks.o
 .bss.xNextTaskUnblockTime
                0x24000f48        0x4 ./Middlewares/Third_Party/FreeRTOS/Source/tasks.o
 .bss.xIdleTaskHandle
                0x24000f4c        0x4 ./Middlewares/Third_Party/FreeRTOS/Source/tasks.o
 .bss.uxSchedulerSuspended
                0x24000f50        0x4 ./Middlewares/Third_Party/FreeRTOS/Source/tasks.o
 .bss.ucMaxSysCallPriority
                0x24000f54        0x1 ./Middlewares/Third_Party/FreeRTOS/Source/portable/GCC/ARM_CM4F/port.o
 *fill*         0x24000f55        0x3 
 .bss.ulMaxPRIGROUPValue
                0x24000f58        0x4 ./Middlewares/Third_Party/FreeRTOS/Source/portable/GCC/ARM_CM4F/port.o
 .bss.ucHeap    0x24000f5c     0x3c00 ./Middlewares/Third_Party/FreeRTOS/Source/portable/MemMang/heap_4.o
 .bss.xStart    0x24004b5c        0x8 ./Middlewares/Third_Party/FreeRTOS/Source/portable/MemMang/heap_4.o
 .bss.pxEnd     0x24004b64        0x4 ./Middlewares/Third_Party/FreeRTOS/Source/portable/MemMang/heap_4.o
 .bss.xFreeBytesRemaining
                0x24004b68        0x4 ./Middlewares/Third_Party/FreeRTOS/Source/portable/MemMang/heap_4.o
 .bss.xMinimumEverFreeBytesRemaining
                0x24004b6c        0x4 ./Middlewares/Third_Party/FreeRTOS/Source/portable/MemMang/heap_4.o
 .bss.xNumberOfSuccessfulAllocations
                0x24004b70        0x4 ./Middlewares/Third_Party/FreeRTOS/Source/portable/MemMang/heap_4.o
 .bss.xNumberOfSuccessfulFrees
                0x24004b74        0x4 ./Middlewares/Third_Party/FreeRTOS/Source/portable/MemMang/heap_4.o
 .bss.xBlockAllocatedBit
                0x24004b78        0x4 ./Middlewares/Third_Party/FreeRTOS/Source/portable/MemMang/heap_4.o
 .bss.__sf      0x24004b7c      0x138 C:/ST/STM32CubeIDE_1.16.1/STM32CubeIDE/plugins/com.st.stm32cube.ide.mcu.externaltools.gnu-tools-for-stm32.12.3.rel1.win32_1.0.200.202406191623/tools/bin/../lib/gcc/arm-none-eabi/12.3.1/../../../../arm-none-eabi/lib/thumb/v7e-m+dp/hard\libc_nano.a(libc_a-findfp.o)
                0x24004b7c                __sf
 .bss.errno     0x24004cb4        0x4 C:/ST/STM32CubeIDE_1.16.1/STM32CubeIDE/plugins/com.st.stm32cube.ide.mcu.externaltools.gnu-tools-for-stm32.12.3.rel1.win32_1.0.200.202406191623/tools/bin/../lib/gcc/arm-none-eabi/12.3.1/../../../../arm-none-eabi/lib/thumb/v7e-m+dp/hard\libc_nano.a(libc_a-reent.o)
                0x24004cb4                errno
 .bss.__lock___malloc_recursive_mutex
                0x24004cb8        0x1 C:/ST/STM32CubeIDE_1.16.1/STM32CubeIDE/plugins/com.st.stm32cube.ide.mcu.externaltools.gnu-tools-for-stm32.12.3.rel1.win32_1.0.200.202406191623/tools/bin/../lib/gcc/arm-none-eabi/12.3.1/../../../../arm-none-eabi/lib/thumb/v7e-m+dp/hard\libc_nano.a(libc_a-lock.o)
                0x24004cb8                __lock___malloc_recursive_mutex
 *fill*         0x24004cb9        0x3 
 .bss.__malloc_sbrk_start
                0x24004cbc        0x4 C:/ST/STM32CubeIDE_1.16.1/STM32CubeIDE/plugins/com.st.stm32cube.ide.mcu.externaltools.gnu-tools-for-stm32.12.3.rel1.win32_1.0.200.202406191623/tools/bin/../lib/gcc/arm-none-eabi/12.3.1/../../../../arm-none-eabi/lib/thumb/v7e-m+dp/hard\libc_nano.a(libc_a-mallocr.o)
                0x24004cbc                __malloc_sbrk_start
 .bss.__malloc_free_list
                0x24004cc0        0x4 C:/ST/STM32CubeIDE_1.16.1/STM32CubeIDE/plugins/com.st.stm32cube.ide.mcu.externaltools.gnu-tools-for-stm32.12.3.rel1.win32_1.0.200.202406191623/tools/bin/../lib/gcc/arm-none-eabi/12.3.1/../../../../arm-none-eabi/lib/thumb/v7e-m+dp/hard\libc_nano.a(libc_a-mallocr.o)
                0x24004cc0                __malloc_free_list
 *(COMMON)
                0x24004cc4                        . = ALIGN (0x4)
                0x24004cc4                        _ebss = .
                0x24004cc4                        __bss_end__ = _ebss

._user_heap_stack
                0x24004cc4      0x604 load address 0x0800d48c
                0x24004cc8                        . = ALIGN (0x8)
 *fill*         0x24004cc4        0x4 
                [!provide]                        PROVIDE (end = .)
                0x24004cc8                        PROVIDE (_end = .)
                0x24004ec8                        . = (. + _Min_Heap_Size)
 *fill*         0x24004cc8      0x200 
                0x240052c8                        . = (. + _Min_Stack_Size)
 *fill*         0x24004ec8      0x400 
                0x240052c8                        . = ALIGN (0x8)

/DISCARD/
 libc.a(*)
 libm.a(*)
 libgcc.a(*)

.ARM.attributes
                0x00000000       0x2e
 *(.ARM.attributes)
 .ARM.attributes
                0x00000000       0x20 C:/ST/STM32CubeIDE_1.16.1/STM32CubeIDE/plugins/com.st.stm32cube.ide.mcu.externaltools.gnu-tools-for-stm32.12.3.rel1.win32_1.0.200.202406191623/tools/bin/../lib/gcc/arm-none-eabi/12.3.1/thumb/v7e-m+dp/hard/crti.o
 .ARM.attributes
                0x00000020       0x32 C:/ST/STM32CubeIDE_1.16.1/STM32CubeIDE/plugins/com.st.stm32cube.ide.mcu.externaltools.gnu-tools-for-stm32.12.3.rel1.win32_1.0.200.202406191623/tools/bin/../lib/gcc/arm-none-eabi/12.3.1/thumb/v7e-m+dp/hard/crtbegin.o
 .ARM.attributes
                0x00000052       0x32 ./Core/Src/UI/UI_Init.o
 .ARM.attributes
                0x00000084       0x32 ./Core/Src/UI/UI_Update.o
 .ARM.attributes
                0x000000b6       0x32 ./Core/Src/freertos.o
 .ARM.attributes
                0x000000e8       0x32 ./Core/Src/main.o
 .ARM.attributes
                0x0000011a       0x32 ./Core/Src/stm32h7xx_hal_msp.o
 .ARM.attributes
                0x0000014c       0x32 ./Core/Src/stm32h7xx_hal_timebase_tim.o
 .ARM.attributes
                0x0000017e       0x32 ./Core/Src/stm32h7xx_it.o
 .ARM.attributes
                0x000001b0       0x32 ./Core/Src/sysmem.o
 .ARM.attributes
                0x000001e2       0x32 ./Core/Src/system_stm32h7xx.o
 .ARM.attributes
                0x00000214       0x21 ./Core/Startup/startup_stm32h750vbtx.o
 .ARM.attributes
                0x00000235       0x32 ./Drivers/OLED/ssd1306.o
 .ARM.attributes
                0x00000267       0x32 ./Drivers/OLED/ssd1306_fonts.o
 .ARM.attributes
                0x00000299       0x32 ./Drivers/STM32H7xx_HAL_Driver/Src/stm32h7xx_hal.o
 .ARM.attributes
                0x000002cb       0x32 ./Drivers/STM32H7xx_HAL_Driver/Src/stm32h7xx_hal_cortex.o
 .ARM.attributes
                0x000002fd       0x32 ./Drivers/STM32H7xx_HAL_Driver/Src/stm32h7xx_hal_dma.o
 .ARM.attributes
                0x0000032f       0x32 ./Drivers/STM32H7xx_HAL_Driver/Src/stm32h7xx_hal_gpio.o
 .ARM.attributes
                0x00000361       0x32 ./Drivers/STM32H7xx_HAL_Driver/Src/stm32h7xx_hal_i2c.o
 .ARM.attributes
                0x00000393       0x32 ./Drivers/STM32H7xx_HAL_Driver/Src/stm32h7xx_hal_i2c_ex.o
 .ARM.attributes
                0x000003c5       0x32 ./Drivers/STM32H7xx_HAL_Driver/Src/stm32h7xx_hal_i2s.o
 .ARM.attributes
                0x000003f7       0x32 ./Drivers/STM32H7xx_HAL_Driver/Src/stm32h7xx_hal_pcd.o
 .ARM.attributes
                0x00000429       0x32 ./Drivers/STM32H7xx_HAL_Driver/Src/stm32h7xx_hal_pcd_ex.o
 .ARM.attributes
                0x0000045b       0x32 ./Drivers/STM32H7xx_HAL_Driver/Src/stm32h7xx_hal_pwr_ex.o
 .ARM.attributes
                0x0000048d       0x32 ./Drivers/STM32H7xx_HAL_Driver/Src/stm32h7xx_hal_qspi.o
 .ARM.attributes
                0x000004bf       0x32 ./Drivers/STM32H7xx_HAL_Driver/Src/stm32h7xx_hal_rcc.o
 .ARM.attributes
                0x000004f1       0x32 ./Drivers/STM32H7xx_HAL_Driver/Src/stm32h7xx_hal_rcc_ex.o
 .ARM.attributes
                0x00000523       0x32 ./Drivers/STM32H7xx_HAL_Driver/Src/stm32h7xx_hal_tim.o
 .ARM.attributes
                0x00000555       0x32 ./Drivers/STM32H7xx_HAL_Driver/Src/stm32h7xx_hal_tim_ex.o
 .ARM.attributes
                0x00000587       0x32 ./Drivers/STM32H7xx_HAL_Driver/Src/stm32h7xx_ll_usb.o
 .ARM.attributes
                0x000005b9       0x32 ./Middlewares/Third_Party/FreeRTOS/Source/CMSIS_RTOS/cmsis_os.o
 .ARM.attributes
                0x000005eb       0x32 ./Middlewares/Third_Party/FreeRTOS/Source/list.o
 .ARM.attributes
                0x0000061d       0x32 ./Middlewares/Third_Party/FreeRTOS/Source/queue.o
 .ARM.attributes
                0x0000064f       0x32 ./Middlewares/Third_Party/FreeRTOS/Source/tasks.o
 .ARM.attributes
                0x00000681       0x32 ./Middlewares/Third_Party/FreeRTOS/Source/portable/GCC/ARM_CM4F/port.o
 .ARM.attributes
                0x000006b3       0x32 ./Middlewares/Third_Party/FreeRTOS/Source/portable/MemMang/heap_4.o
 .ARM.attributes
                0x000006e5       0x32 C:/ST/STM32CubeIDE_1.16.1/STM32CubeIDE/plugins/com.st.stm32cube.ide.mcu.externaltools.gnu-tools-for-stm32.12.3.rel1.win32_1.0.200.202406191623/tools/bin/../lib/gcc/arm-none-eabi/12.3.1/../../../../arm-none-eabi/lib/thumb/v7e-m+dp/hard\libc_nano.a(libc_a-findfp.o)
 .ARM.attributes
                0x00000717       0x32 C:/ST/STM32CubeIDE_1.16.1/STM32CubeIDE/plugins/com.st.stm32cube.ide.mcu.externaltools.gnu-tools-for-stm32.12.3.rel1.win32_1.0.200.202406191623/tools/bin/../lib/gcc/arm-none-eabi/12.3.1/../../../../arm-none-eabi/lib/thumb/v7e-m+dp/hard\libc_nano.a(libc_a-snprintf.o)
 .ARM.attributes
                0x00000749       0x32 C:/ST/STM32CubeIDE_1.16.1/STM32CubeIDE/plugins/com.st.stm32cube.ide.mcu.externaltools.gnu-tools-for-stm32.12.3.rel1.win32_1.0.200.202406191623/tools/bin/../lib/gcc/arm-none-eabi/12.3.1/../../../../arm-none-eabi/lib/thumb/v7e-m+dp/hard\libc_nano.a(libc_a-memset.o)
 .ARM.attributes
                0x0000077b       0x32 C:/ST/STM32CubeIDE_1.16.1/STM32CubeIDE/plugins/com.st.stm32cube.ide.mcu.externaltools.gnu-tools-for-stm32.12.3.rel1.win32_1.0.200.202406191623/tools/bin/../lib/gcc/arm-none-eabi/12.3.1/../../../../arm-none-eabi/lib/thumb/v7e-m+dp/hard\libc_nano.a(libc_a-strncpy.o)
 .ARM.attributes
                0x000007ad       0x32 C:/ST/STM32CubeIDE_1.16.1/STM32CubeIDE/plugins/com.st.stm32cube.ide.mcu.externaltools.gnu-tools-for-stm32.12.3.rel1.win32_1.0.200.202406191623/tools/bin/../lib/gcc/arm-none-eabi/12.3.1/../../../../arm-none-eabi/lib/thumb/v7e-m+dp/hard\libc_nano.a(libc_a-reent.o)
 .ARM.attributes
                0x000007df       0x32 C:/ST/STM32CubeIDE_1.16.1/STM32CubeIDE/plugins/com.st.stm32cube.ide.mcu.externaltools.gnu-tools-for-stm32.12.3.rel1.win32_1.0.200.202406191623/tools/bin/../lib/gcc/arm-none-eabi/12.3.1/../../../../arm-none-eabi/lib/thumb/v7e-m+dp/hard\libc_nano.a(libc_a-impure.o)
 .ARM.attributes
                0x00000811       0x32 C:/ST/STM32CubeIDE_1.16.1/STM32CubeIDE/plugins/com.st.stm32cube.ide.mcu.externaltools.gnu-tools-for-stm32.12.3.rel1.win32_1.0.200.202406191623/tools/bin/../lib/gcc/arm-none-eabi/12.3.1/../../../../arm-none-eabi/lib/thumb/v7e-m+dp/hard\libc_nano.a(libc_a-errno.o)
 .ARM.attributes
                0x00000843       0x32 C:/ST/STM32CubeIDE_1.16.1/STM32CubeIDE/plugins/com.st.stm32cube.ide.mcu.externaltools.gnu-tools-for-stm32.12.3.rel1.win32_1.0.200.202406191623/tools/bin/../lib/gcc/arm-none-eabi/12.3.1/../../../../arm-none-eabi/lib/thumb/v7e-m+dp/hard\libc_nano.a(libc_a-init.o)
 .ARM.attributes
                0x00000875       0x32 C:/ST/STM32CubeIDE_1.16.1/STM32CubeIDE/plugins/com.st.stm32cube.ide.mcu.externaltools.gnu-tools-for-stm32.12.3.rel1.win32_1.0.200.202406191623/tools/bin/../lib/gcc/arm-none-eabi/12.3.1/../../../../arm-none-eabi/lib/thumb/v7e-m+dp/hard\libc_nano.a(libc_a-lock.o)
 .ARM.attributes
                0x000008a7       0x32 C:/ST/STM32CubeIDE_1.16.1/STM32CubeIDE/plugins/com.st.stm32cube.ide.mcu.externaltools.gnu-tools-for-stm32.12.3.rel1.win32_1.0.200.202406191623/tools/bin/../lib/gcc/arm-none-eabi/12.3.1/../../../../arm-none-eabi/lib/thumb/v7e-m+dp/hard\libc_nano.a(libc_a-memcpy-stub.o)
 .ARM.attributes
                0x000008d9       0x17 C:/ST/STM32CubeIDE_1.16.1/STM32CubeIDE/plugins/com.st.stm32cube.ide.mcu.externaltools.gnu-tools-for-stm32.12.3.rel1.win32_1.0.200.202406191623/tools/bin/../lib/gcc/arm-none-eabi/12.3.1/../../../../arm-none-eabi/lib/thumb/v7e-m+dp/hard\libc_nano.a(libc_a-strlen.o)
 .ARM.attributes
                0x000008f0       0x32 C:/ST/STM32CubeIDE_1.16.1/STM32CubeIDE/plugins/com.st.stm32cube.ide.mcu.externaltools.gnu-tools-for-stm32.12.3.rel1.win32_1.0.200.202406191623/tools/bin/../lib/gcc/arm-none-eabi/12.3.1/../../../../arm-none-eabi/lib/thumb/v7e-m+dp/hard\libc_nano.a(libc_a-freer.o)
 .ARM.attributes
                0x00000922       0x32 C:/ST/STM32CubeIDE_1.16.1/STM32CubeIDE/plugins/com.st.stm32cube.ide.mcu.externaltools.gnu-tools-for-stm32.12.3.rel1.win32_1.0.200.202406191623/tools/bin/../lib/gcc/arm-none-eabi/12.3.1/../../../../arm-none-eabi/lib/thumb/v7e-m+dp/hard\libc_nano.a(libc_a-mallocr.o)
 .ARM.attributes
                0x00000954       0x32 C:/ST/STM32CubeIDE_1.16.1/STM32CubeIDE/plugins/com.st.stm32cube.ide.mcu.externaltools.gnu-tools-for-stm32.12.3.rel1.win32_1.0.200.202406191623/tools/bin/../lib/gcc/arm-none-eabi/12.3.1/../../../../arm-none-eabi/lib/thumb/v7e-m+dp/hard\libc_nano.a(libc_a-mlock.o)
 .ARM.attributes
                0x00000986       0x32 C:/ST/STM32CubeIDE_1.16.1/STM32CubeIDE/plugins/com.st.stm32cube.ide.mcu.externaltools.gnu-tools-for-stm32.12.3.rel1.win32_1.0.200.202406191623/tools/bin/../lib/gcc/arm-none-eabi/12.3.1/../../../../arm-none-eabi/lib/thumb/v7e-m+dp/hard\libc_nano.a(libc_a-nano-svfprintf.o)
 .ARM.attributes
                0x000009b8       0x32 C:/ST/STM32CubeIDE_1.16.1/STM32CubeIDE/plugins/com.st.stm32cube.ide.mcu.externaltools.gnu-tools-for-stm32.12.3.rel1.win32_1.0.200.202406191623/tools/bin/../lib/gcc/arm-none-eabi/12.3.1/../../../../arm-none-eabi/lib/thumb/v7e-m+dp/hard\libc_nano.a(libc_a-nano-vfprintf_i.o)
 .ARM.attributes
                0x000009ea       0x32 C:/ST/STM32CubeIDE_1.16.1/STM32CubeIDE/plugins/com.st.stm32cube.ide.mcu.externaltools.gnu-tools-for-stm32.12.3.rel1.win32_1.0.200.202406191623/tools/bin/../lib/gcc/arm-none-eabi/12.3.1/../../../../arm-none-eabi/lib/thumb/v7e-m+dp/hard\libc_nano.a(libc_a-memmove.o)
 .ARM.attributes
                0x00000a1c       0x32 C:/ST/STM32CubeIDE_1.16.1/STM32CubeIDE/plugins/com.st.stm32cube.ide.mcu.externaltools.gnu-tools-for-stm32.12.3.rel1.win32_1.0.200.202406191623/tools/bin/../lib/gcc/arm-none-eabi/12.3.1/../../../../arm-none-eabi/lib/thumb/v7e-m+dp/hard\libc_nano.a(libc_a-sbrkr.o)
 .ARM.attributes
                0x00000a4e       0x1c C:/ST/STM32CubeIDE_1.16.1/STM32CubeIDE/plugins/com.st.stm32cube.ide.mcu.externaltools.gnu-tools-for-stm32.12.3.rel1.win32_1.0.200.202406191623/tools/bin/../lib/gcc/arm-none-eabi/12.3.1/../../../../arm-none-eabi/lib/thumb/v7e-m+dp/hard\libc_nano.a(libc_a-memchr.o)
 .ARM.attributes
                0x00000a6a       0x32 C:/ST/STM32CubeIDE_1.16.1/STM32CubeIDE/plugins/com.st.stm32cube.ide.mcu.externaltools.gnu-tools-for-stm32.12.3.rel1.win32_1.0.200.202406191623/tools/bin/../lib/gcc/arm-none-eabi/12.3.1/../../../../arm-none-eabi/lib/thumb/v7e-m+dp/hard\libc_nano.a(libc_a-reallocr.o)
 .ARM.attributes
                0x00000a9c       0x32 C:/ST/STM32CubeIDE_1.16.1/STM32CubeIDE/plugins/com.st.stm32cube.ide.mcu.externaltools.gnu-tools-for-stm32.12.3.rel1.win32_1.0.200.202406191623/tools/bin/../lib/gcc/arm-none-eabi/12.3.1/../../../../arm-none-eabi/lib/thumb/v7e-m+dp/hard\libc_nano.a(libc_a-msizer.o)
 .ARM.attributes
                0x00000ace       0x20 C:/ST/STM32CubeIDE_1.16.1/STM32CubeIDE/plugins/com.st.stm32cube.ide.mcu.externaltools.gnu-tools-for-stm32.12.3.rel1.win32_1.0.200.202406191623/tools/bin/../lib/gcc/arm-none-eabi/12.3.1/thumb/v7e-m+dp/hard/crtn.o
OUTPUT(HuzDSPV1.elf elf32-littlearm)
LOAD linker stubs
LOAD C:/ST/STM32CubeIDE_1.16.1/STM32CubeIDE/plugins/com.st.stm32cube.ide.mcu.externaltools.gnu-tools-for-stm32.12.3.rel1.win32_1.0.200.202406191623/tools/bin/../lib/gcc/arm-none-eabi/12.3.1/../../../../arm-none-eabi/lib/thumb/v7e-m+dp/hard\libc.a
LOAD C:/ST/STM32CubeIDE_1.16.1/STM32CubeIDE/plugins/com.st.stm32cube.ide.mcu.externaltools.gnu-tools-for-stm32.12.3.rel1.win32_1.0.200.202406191623/tools/bin/../lib/gcc/arm-none-eabi/12.3.1/../../../../arm-none-eabi/lib/thumb/v7e-m+dp/hard\libm.a
LOAD C:/ST/STM32CubeIDE_1.16.1/STM32CubeIDE/plugins/com.st.stm32cube.ide.mcu.externaltools.gnu-tools-for-stm32.12.3.rel1.win32_1.0.200.202406191623/tools/bin/../lib/gcc/arm-none-eabi/12.3.1/thumb/v7e-m+dp/hard\libgcc.a

.debug_info     0x00000000    0x25ce8
 .debug_info    0x00000000      0x346 ./Core/Src/UI/UI_Init.o
 .debug_info    0x00000346      0x68f ./Core/Src/UI/UI_Update.o
 .debug_info    0x000009d5      0x927 ./Core/Src/freertos.o
 .debug_info    0x000012fc     0x3abe ./Core/Src/main.o
 .debug_info    0x00004dba     0x294c ./Core/Src/stm32h7xx_hal_msp.o
 .debug_info    0x00007706     0x10a0 ./Core/Src/stm32h7xx_hal_timebase_tim.o
 .debug_info    0x000087a6      0x887 ./Core/Src/stm32h7xx_it.o
 .debug_info    0x0000902d      0x168 ./Core/Src/sysmem.o
 .debug_info    0x00009195      0xcef ./Core/Src/system_stm32h7xx.o
 .debug_info    0x00009e84       0x30 ./Core/Startup/startup_stm32h750vbtx.o
 .debug_info    0x00009eb4     0x1361 ./Drivers/OLED/ssd1306.o
 .debug_info    0x0000b215      0x2b9 ./Drivers/OLED/ssd1306_fonts.o
 .debug_info    0x0000b4ce     0x1541 ./Drivers/STM32H7xx_HAL_Driver/Src/stm32h7xx_hal.o
 .debug_info    0x0000ca0f     0x10b2 ./Drivers/STM32H7xx_HAL_Driver/Src/stm32h7xx_hal_cortex.o
 .debug_info    0x0000dac1      0xc27 ./Drivers/STM32H7xx_HAL_Driver/Src/stm32h7xx_hal_dma.o
 .debug_info    0x0000e6e8      0xc4b ./Drivers/STM32H7xx_HAL_Driver/Src/stm32h7xx_hal_gpio.o
 .debug_info    0x0000f333     0x22a1 ./Drivers/STM32H7xx_HAL_Driver/Src/stm32h7xx_hal_i2c.o
 .debug_info    0x000115d4      0xd84 ./Drivers/STM32H7xx_HAL_Driver/Src/stm32h7xx_hal_i2c_ex.o
 .debug_info    0x00012358     0x10e5 ./Drivers/STM32H7xx_HAL_Driver/Src/stm32h7xx_hal_i2s.o
 .debug_info    0x0001343d     0x1561 ./Drivers/STM32H7xx_HAL_Driver/Src/stm32h7xx_hal_pcd.o
 .debug_info    0x0001499e      0x8b3 ./Drivers/STM32H7xx_HAL_Driver/Src/stm32h7xx_hal_pcd_ex.o
 .debug_info    0x00015251     0x1008 ./Drivers/STM32H7xx_HAL_Driver/Src/stm32h7xx_hal_pwr_ex.o
 .debug_info    0x00016259     0x12b8 ./Drivers/STM32H7xx_HAL_Driver/Src/stm32h7xx_hal_qspi.o
 .debug_info    0x00017511      0xe5b ./Drivers/STM32H7xx_HAL_Driver/Src/stm32h7xx_hal_rcc.o
 .debug_info    0x0001836c     0x1216 ./Drivers/STM32H7xx_HAL_Driver/Src/stm32h7xx_hal_rcc_ex.o
 .debug_info    0x00019582     0x2bae ./Drivers/STM32H7xx_HAL_Driver/Src/stm32h7xx_hal_tim.o
 .debug_info    0x0001c130     0x17eb ./Drivers/STM32H7xx_HAL_Driver/Src/stm32h7xx_hal_tim_ex.o
 .debug_info    0x0001d91b     0x1a1e ./Drivers/STM32H7xx_HAL_Driver/Src/stm32h7xx_ll_usb.o
 .debug_info    0x0001f339     0x21e2 ./Middlewares/Third_Party/FreeRTOS/Source/CMSIS_RTOS/cmsis_os.o
 .debug_info    0x0002151b      0x2af ./Middlewares/Third_Party/FreeRTOS/Source/list.o
 .debug_info    0x000217ca     0x17cd ./Middlewares/Third_Party/FreeRTOS/Source/queue.o
 .debug_info    0x00022f97     0x239e ./Middlewares/Third_Party/FreeRTOS/Source/tasks.o
 .debug_info    0x00025335      0x4de ./Middlewares/Third_Party/FreeRTOS/Source/portable/GCC/ARM_CM4F/port.o
 .debug_info    0x00025813      0x4d5 ./Middlewares/Third_Party/FreeRTOS/Source/portable/MemMang/heap_4.o

.debug_abbrev   0x00000000     0x4df0
 .debug_abbrev  0x00000000      0x144 ./Core/Src/UI/UI_Init.o
 .debug_abbrev  0x00000144      0x1ef ./Core/Src/UI/UI_Update.o
 .debug_abbrev  0x00000333      0x16f ./Core/Src/freertos.o
 .debug_abbrev  0x000004a2      0x3d1 ./Core/Src/main.o
 .debug_abbrev  0x00000873      0x2bb ./Core/Src/stm32h7xx_hal_msp.o
 .debug_abbrev  0x00000b2e      0x212 ./Core/Src/stm32h7xx_hal_timebase_tim.o
 .debug_abbrev  0x00000d40      0x192 ./Core/Src/stm32h7xx_it.o
 .debug_abbrev  0x00000ed2       0xbc ./Core/Src/sysmem.o
 .debug_abbrev  0x00000f8e      0x14c ./Core/Src/system_stm32h7xx.o
 .debug_abbrev  0x000010da       0x24 ./Core/Startup/startup_stm32h750vbtx.o
 .debug_abbrev  0x000010fe      0x360 ./Drivers/OLED/ssd1306.o
 .debug_abbrev  0x0000145e       0xcf ./Drivers/OLED/ssd1306_fonts.o
 .debug_abbrev  0x0000152d      0x295 ./Drivers/STM32H7xx_HAL_Driver/Src/stm32h7xx_hal.o
 .debug_abbrev  0x000017c2      0x339 ./Drivers/STM32H7xx_HAL_Driver/Src/stm32h7xx_hal_cortex.o
 .debug_abbrev  0x00001afb      0x248 ./Drivers/STM32H7xx_HAL_Driver/Src/stm32h7xx_hal_dma.o
 .debug_abbrev  0x00001d43      0x1fe ./Drivers/STM32H7xx_HAL_Driver/Src/stm32h7xx_hal_gpio.o
 .debug_abbrev  0x00001f41      0x25d ./Drivers/STM32H7xx_HAL_Driver/Src/stm32h7xx_hal_i2c.o
 .debug_abbrev  0x0000219e      0x1f5 ./Drivers/STM32H7xx_HAL_Driver/Src/stm32h7xx_hal_i2c_ex.o
 .debug_abbrev  0x00002393      0x243 ./Drivers/STM32H7xx_HAL_Driver/Src/stm32h7xx_hal_i2s.o
 .debug_abbrev  0x000025d6      0x2dc ./Drivers/STM32H7xx_HAL_Driver/Src/stm32h7xx_hal_pcd.o
 .debug_abbrev  0x000028b2      0x256 ./Drivers/STM32H7xx_HAL_Driver/Src/stm32h7xx_hal_pcd_ex.o
 .debug_abbrev  0x00002b08      0x2a7 ./Drivers/STM32H7xx_HAL_Driver/Src/stm32h7xx_hal_pwr_ex.o
 .debug_abbrev  0x00002daf      0x24d ./Drivers/STM32H7xx_HAL_Driver/Src/stm32h7xx_hal_qspi.o
 .debug_abbrev  0x00002ffc      0x2c8 ./Drivers/STM32H7xx_HAL_Driver/Src/stm32h7xx_hal_rcc.o
 .debug_abbrev  0x000032c4      0x269 ./Drivers/STM32H7xx_HAL_Driver/Src/stm32h7xx_hal_rcc_ex.o
 .debug_abbrev  0x0000352d      0x276 ./Drivers/STM32H7xx_HAL_Driver/Src/stm32h7xx_hal_tim.o
 .debug_abbrev  0x000037a3      0x281 ./Drivers/STM32H7xx_HAL_Driver/Src/stm32h7xx_hal_tim_ex.o
 .debug_abbrev  0x00003a24      0x2b3 ./Drivers/STM32H7xx_HAL_Driver/Src/stm32h7xx_ll_usb.o
 .debug_abbrev  0x00003cd7      0x426 ./Middlewares/Third_Party/FreeRTOS/Source/CMSIS_RTOS/cmsis_os.o
 .debug_abbrev  0x000040fd       0xf5 ./Middlewares/Third_Party/FreeRTOS/Source/list.o
 .debug_abbrev  0x000041f2      0x3b5 ./Middlewares/Third_Party/FreeRTOS/Source/queue.o
 .debug_abbrev  0x000045a7      0x3d0 ./Middlewares/Third_Party/FreeRTOS/Source/tasks.o
 .debug_abbrev  0x00004977      0x25c ./Middlewares/Third_Party/FreeRTOS/Source/portable/GCC/ARM_CM4F/port.o
 .debug_abbrev  0x00004bd3      0x21d ./Middlewares/Third_Party/FreeRTOS/Source/portable/MemMang/heap_4.o

.debug_aranges  0x00000000     0x1e00
 .debug_aranges
                0x00000000       0x20 ./Core/Src/UI/UI_Init.o
 .debug_aranges
                0x00000020       0x40 ./Core/Src/UI/UI_Update.o
 .debug_aranges
                0x00000060       0x20 ./Core/Src/freertos.o
 .debug_aranges
                0x00000080       0x98 ./Core/Src/main.o
 .debug_aranges
                0x00000118       0x70 ./Core/Src/stm32h7xx_hal_msp.o
 .debug_aranges
                0x00000188       0x30 ./Core/Src/stm32h7xx_hal_timebase_tim.o
 .debug_aranges
                0x000001b8       0x70 ./Core/Src/stm32h7xx_it.o
 .debug_aranges
                0x00000228       0x20 ./Core/Src/sysmem.o
 .debug_aranges
                0x00000248       0x28 ./Core/Src/system_stm32h7xx.o
 .debug_aranges
                0x00000270       0x28 ./Core/Startup/startup_stm32h750vbtx.o
 .debug_aranges
                0x00000298       0xe8 ./Drivers/OLED/ssd1306.o
 .debug_aranges
                0x00000380       0x18 ./Drivers/OLED/ssd1306_fonts.o
 .debug_aranges
                0x00000398      0x198 ./Drivers/STM32H7xx_HAL_Driver/Src/stm32h7xx_hal.o
 .debug_aranges
                0x00000530      0x130 ./Drivers/STM32H7xx_HAL_Driver/Src/stm32h7xx_hal_cortex.o
 .debug_aranges
                0x00000660       0xa0 ./Drivers/STM32H7xx_HAL_Driver/Src/stm32h7xx_hal_dma.o
 .debug_aranges
                0x00000700       0x58 ./Drivers/STM32H7xx_HAL_Driver/Src/stm32h7xx_hal_gpio.o
 .debug_aranges