Archive member included to satisfy reference by file (symbol)

C:/ST/STM32CubeIDE_1.16.1/STM32CubeIDE/plugins/com.st.stm32cube.ide.mcu.externaltools.gnu-tools-for-stm32.12.3.rel1.win32_1.0.200.202406191623/tools/bin/../lib/gcc/arm-none-eabi/12.3.1/../../../../arm-none-eabi/lib/thumb/v7e-m+dp/hard\libc_nano.a(libc_a-exit.o)
                              C:/ST/STM32CubeIDE_1.16.1/STM32CubeIDE/plugins/com.st.stm32cube.ide.mcu.externaltools.gnu-tools-for-stm32.12.3.rel1.win32_1.0.200.202406191623/tools/bin/../lib/gcc/arm-none-eabi/12.3.1/../../../../arm-none-eabi/lib/thumb/v7e-m+dp/hard/crt0.o (exit)
C:/ST/STM32CubeIDE_1.16.1/STM32CubeIDE/plugins/com.st.stm32cube.ide.mcu.externaltools.gnu-tools-for-stm32.12.3.rel1.win32_1.0.200.202406191623/tools/bin/../lib/gcc/arm-none-eabi/12.3.1/../../../../arm-none-eabi/lib/thumb/v7e-m+dp/hard\libc_nano.a(libc_a-findfp.o)
                              ./Middlewares/Third_Party/FreeRTOS/Source/tasks.o (__sf)
C:/ST/STM32CubeIDE_1.16.1/STM32CubeIDE/plugins/com.st.stm32cube.ide.mcu.externaltools.gnu-tools-for-stm32.12.3.rel1.win32_1.0.200.202406191623/tools/bin/../lib/gcc/arm-none-eabi/12.3.1/../../../../arm-none-eabi/lib/thumb/v7e-m+dp/hard\libc_nano.a(libc_a-fwalk.o)
                              C:/ST/STM32CubeIDE_1.16.1/STM32CubeIDE/plugins/com.st.stm32cube.ide.mcu.externaltools.gnu-tools-for-stm32.12.3.rel1.win32_1.0.200.202406191623/tools/bin/../lib/gcc/arm-none-eabi/12.3.1/../../../../arm-none-eabi/lib/thumb/v7e-m+dp/hard\libc_nano.a(libc_a-findfp.o) (_fwalk_sglue)
C:/ST/STM32CubeIDE_1.16.1/STM32CubeIDE/plugins/com.st.stm32cube.ide.mcu.externaltools.gnu-tools-for-stm32.12.3.rel1.win32_1.0.200.202406191623/tools/bin/../lib/gcc/arm-none-eabi/12.3.1/../../../../arm-none-eabi/lib/thumb/v7e-m+dp/hard\libc_nano.a(libc_a-snprintf.o)
                              ./Core/Src/UI/UI_Update.o (snprintf)
C:/ST/STM32CubeIDE_1.16.1/STM32CubeIDE/plugins/com.st.stm32cube.ide.mcu.externaltools.gnu-tools-for-stm32.12.3.rel1.win32_1.0.200.202406191623/tools/bin/../lib/gcc/arm-none-eabi/12.3.1/../../../../arm-none-eabi/lib/thumb/v7e-m+dp/hard\libc_nano.a(libc_a-stdio.o)
                              C:/ST/STM32CubeIDE_1.16.1/STM32CubeIDE/plugins/com.st.stm32cube.ide.mcu.externaltools.gnu-tools-for-stm32.12.3.rel1.win32_1.0.200.202406191623/tools/bin/../lib/gcc/arm-none-eabi/12.3.1/../../../../arm-none-eabi/lib/thumb/v7e-m+dp/hard\libc_nano.a(libc_a-findfp.o) (__sread)
C:/ST/STM32CubeIDE_1.16.1/STM32CubeIDE/plugins/com.st.stm32cube.ide.mcu.externaltools.gnu-tools-for-stm32.12.3.rel1.win32_1.0.200.202406191623/tools/bin/../lib/gcc/arm-none-eabi/12.3.1/../../../../arm-none-eabi/lib/thumb/v7e-m+dp/hard\libc_nano.a(libc_a-memset.o)
                              C:/ST/STM32CubeIDE_1.16.1/STM32CubeIDE/plugins/com.st.stm32cube.ide.mcu.externaltools.gnu-tools-for-stm32.12.3.rel1.win32_1.0.200.202406191623/tools/bin/../lib/gcc/arm-none-eabi/12.3.1/../../../../arm-none-eabi/lib/thumb/v7e-m+dp/hard/crt0.o (memset)
C:/ST/STM32CubeIDE_1.16.1/STM32CubeIDE/plugins/com.st.stm32cube.ide.mcu.externaltools.gnu-tools-for-stm32.12.3.rel1.win32_1.0.200.202406191623/tools/bin/../lib/gcc/arm-none-eabi/12.3.1/../../../../arm-none-eabi/lib/thumb/v7e-m+dp/hard\libc_nano.a(libc_a-strncpy.o)
                              ./Core/Src/UI/UI_Init.o (strncpy)
C:/ST/STM32CubeIDE_1.16.1/STM32CubeIDE/plugins/com.st.stm32cube.ide.mcu.externaltools.gnu-tools-for-stm32.12.3.rel1.win32_1.0.200.202406191623/tools/bin/../lib/gcc/arm-none-eabi/12.3.1/../../../../arm-none-eabi/lib/thumb/v7e-m+dp/hard\libc_nano.a(libc_a-closer.o)
                              C:/ST/STM32CubeIDE_1.16.1/STM32CubeIDE/plugins/com.st.stm32cube.ide.mcu.externaltools.gnu-tools-for-stm32.12.3.rel1.win32_1.0.200.202406191623/tools/bin/../lib/gcc/arm-none-eabi/12.3.1/../../../../arm-none-eabi/lib/thumb/v7e-m+dp/hard\libc_nano.a(libc_a-stdio.o) (_close_r)
C:/ST/STM32CubeIDE_1.16.1/STM32CubeIDE/plugins/com.st.stm32cube.ide.mcu.externaltools.gnu-tools-for-stm32.12.3.rel1.win32_1.0.200.202406191623/tools/bin/../lib/gcc/arm-none-eabi/12.3.1/../../../../arm-none-eabi/lib/thumb/v7e-m+dp/hard\libc_nano.a(libc_a-reent.o)
                              ./Middlewares/Third_Party/FreeRTOS/Source/tasks.o (_reclaim_reent)
C:/ST/STM32CubeIDE_1.16.1/STM32CubeIDE/plugins/com.st.stm32cube.ide.mcu.externaltools.gnu-tools-for-stm32.12.3.rel1.win32_1.0.200.202406191623/tools/bin/../lib/gcc/arm-none-eabi/12.3.1/../../../../arm-none-eabi/lib/thumb/v7e-m+dp/hard\libc_nano.a(libc_a-impure.o)
                              ./Middlewares/Third_Party/FreeRTOS/Source/tasks.o (_impure_ptr)
C:/ST/STM32CubeIDE_1.16.1/STM32CubeIDE/plugins/com.st.stm32cube.ide.mcu.externaltools.gnu-tools-for-stm32.12.3.rel1.win32_1.0.200.202406191623/tools/bin/../lib/gcc/arm-none-eabi/12.3.1/../../../../arm-none-eabi/lib/thumb/v7e-m+dp/hard\libc_nano.a(libc_a-lseekr.o)
[...]
Memory Configuration

Name             Origin             Length             Attributes
FLASH            0x08000000         0x00020000         xr
DTCMRAM          0x20000000         0x00020000         xrw
RAM_D1           0x24000000         0x00080000         xrw
RAM_D2           0x30000000         0x00048000         xrw
RAM_D3           0x38000000         0x00010000         xrw
ITCMRAM          0x00000000         0x00010000         xrw
*default*        0x00000000         0xffffffff

Linker script and memory map

LOAD C:/ST/STM32CubeIDE_1.16.1/STM32CubeIDE/plugins/com.st.stm32cube.ide.mcu.externaltools.gnu-tools-for-stm32.12.3.rel1.win32_1.0.200.202406191623/tools/bin/../lib/gcc/arm-none-eabi/12.3.1/thumb/v7e-m+dp/hard/crti.o
LOAD C:/ST/STM32CubeIDE_1.16.1/STM32CubeIDE/plugins/com.st.stm32cube.ide.mcu.externaltools.gnu-tools-for-stm32.12.3.rel1.win32_1.0.200.202406191623/tools/bin/../lib/gcc/arm-none-eabi/12.3.1/thumb/v7e-m+dp/hard/crtbegin.o
LOAD C:/ST/STM32CubeIDE_1.16.1/STM32CubeIDE/plugins/com.st.stm32cube.ide.mcu.externaltools.gnu-tools-for-stm32.12.3.rel1.win32_1.0.200.202406191623/tools/bin/../lib/gcc/arm-none-eabi/12.3.1/../../../../arm-none-eabi/lib/thumb/v7e-m+dp/hard/crt0.o
LOAD ./Core/Src/DSP/DSP_IIR_HPF.o
LOAD ./Core/Src/DSP/DSP_IIR_LPF.o
LOAD ./Core/Src/DSP/DSP_Init.o
LOAD ./Core/Src/DSP/DSP_Shifter.o
LOAD ./Core/Src/UI/UI_Init.o
LOAD ./Core/Src/UI/UI_Update.o
LOAD ./Core/Src/freertos.o
LOAD ./Core/Src/main.o
LOAD ./Core/Src/stm32h7xx_hal_msp.o
LOAD ./Core/Src/stm32h7xx_hal_timebase_tim.o
LOAD ./Core/Src/stm32h7xx_it.o
LOAD ./Core/Src/syscalls.o
LOAD ./Core/Src/sysmem.o
LOAD ./Core/Src/system_stm32h7xx.o
LOAD ./Core/Startup/startup_stm32h750vbtx.o
LOAD ./Drivers/OLED/ssd1306.o
LOAD ./Drivers/OLED/ssd1306_fonts.o
LOAD ./Drivers/STM32H7xx_HAL_Driver/Src/stm32h7xx_hal.o
LOAD ./Drivers/STM32H7xx_HAL_Driver/Src/stm32h7xx_hal_cortex.o
LOAD ./Drivers/STM32H7xx_HAL_Driver/Src/stm32h7xx_hal_dma.o
LOAD ./Drivers/STM32H7xx_HAL_Driver/Src/stm32h7xx_hal_dma_ex.o
LOAD ./Drivers/STM32H7xx_HAL_Driver/Src/stm32h7xx_hal_exti.o
LOAD ./Drivers/STM32H7xx_HAL_Driver/Src/stm32h7xx_hal_flash.o
LOAD ./Drivers/STM32H7xx_HAL_Driver/Src/stm32h7xx_hal_flash_ex.o
LOAD ./Drivers/STM32H7xx_HAL_Driver/Src/stm32h7xx_hal_gpio.o
LOAD ./Drivers/STM32H7xx_HAL_Driver/Src/stm32h7xx_hal_hsem.o
LOAD ./Drivers/STM32H7xx_HAL_Driver/Src/stm32h7xx_hal_i2c.o
LOAD ./Drivers/STM32H7xx_HAL_Driver/Src/stm32h7xx_hal_i2c_ex.o
LOAD ./Drivers/STM32H7xx_HAL_Driver/Src/stm32h7xx_hal_i2s.o
LOAD ./Drivers/STM32H7xx_HAL_Driver/Src/stm32h7xx_hal_i2s_ex.o
LOAD ./Drivers/STM32H7xx_HAL_Driver/Src/stm32h7xx_hal_mdma.o
LOAD ./Drivers/STM32H7xx_HAL_Driver/Src/stm32h7xx_hal_pcd.o
LOAD ./Drivers/STM32H7xx_HAL_Driver/Src/stm32h7xx_hal_pcd_ex.o
LOAD ./Drivers/STM32H7xx_HAL_Driver/Src/stm32h7xx_hal_pwr.o
LOAD ./Drivers/STM32H7xx_HAL_Driver/Src/stm32h7xx_hal_pwr_ex.o
LOAD ./Drivers/STM32H7xx_HAL_Driver/Src/stm32h7xx_hal_qspi.o
LOAD ./Drivers/STM32H7xx_HAL_Driver/Src/stm32h7xx_hal_rcc.o
LOAD ./Drivers/STM32H7xx_HAL_Driver/Src/stm32h7xx_hal_rcc_ex.o
LOAD ./Drivers/STM32H7xx_HAL_Driver/Src/stm32h7xx_hal_tim.o
LOAD ./Drivers/STM32H7xx_HAL_Driver/Src/stm32h7xx_hal_tim_ex.o
LOAD ./Drivers/STM32H7xx_HAL_Driver/Src/stm32h7xx_ll_usb.o
LOAD ./Middlewares/Third_Party/FreeRTOS/Source/CMSIS_RTOS/cmsis_os.o
LOAD ./Middlewares/Third_Party/FreeRTOS/Source/croutine.o
LOAD ./Middlewares/Third_Party/FreeRTOS/Source/event_groups.o
LOAD ./Middlewares/Third_Party/FreeRTOS/Source/list.o
LOAD ./Middlewares/Third_Party/FreeRTOS/Source/queue.o
LOAD ./Middlewares/Third_Party/FreeRTOS/Source/stream_buffer.o
LOAD ./Middlewares/Third_Party/FreeRTOS/Source/tasks.o
LOAD ./Middlewares/Third_Party/FreeRTOS/Source/timers.o
LOAD ./Middlewares/Third_Party/FreeRTOS/Source/portable/GCC/ARM_CM4F/port.o
LOAD ./Middlewares/Third_Party/FreeRTOS/Source/portable/MemMang/heap_4.o
START GROUP
LOAD C:/ST/STM32CubeIDE_1.16.1/STM32CubeIDE/plugins/com.st.stm32cube.ide.mcu.externaltools.gnu-tools-for-stm32.12.3.rel1.win32_1.0.200.202406191623/tools/bin/../lib/gcc/arm-none-eabi/12.3.1/../../../../arm-none-eabi/lib/thumb/v7e-m+dp/hard\libc_nano.a
LOAD C:/ST/STM32CubeIDE_1.16.1/STM32CubeIDE/plugins/com.st.stm32cube.ide.mcu.externaltools.gnu-tools-for-stm32.12.3.rel1.win32_1.0.200.202406191623/tools/bin/../lib/gcc/arm-none-eabi/12.3.1/../../../../arm-none-eabi/lib/thumb/v7e-m+dp/hard\libm.a
END GROUP
START GROUP
LOAD C:/ST/STM32CubeIDE_1.16.1/STM32CubeIDE/plugins/com.st.stm32cube.ide.mcu.externaltools.gnu-tools-for-stm32.12.3.rel1.win32_1.0.200.202406191623/tools/bin/../lib/gcc/arm-none-eabi/12.3.1/thumb/v7e-m+dp/hard\libgcc.a
LOAD C:/ST/STM32CubeIDE_1.16.1/STM32CubeIDE/plugins/com.st.stm32cube.ide.mcu.externaltools.gnu-tools-for-stm32.12.3.rel1.win32_1.0.200.202406191623/tools/bin/../lib/gcc/arm-none-eabi/12.3.1/../../../../arm-none-eabi/lib/thumb/v7e-m+dp/hard\libc_nano.a
END GROUP
START GROUP
LOAD C:/ST/STM32CubeIDE_1.16.1/STM32CubeIDE/plugins/com.st.stm32cube.ide.mcu.externaltools.gnu-tools-for-stm32.12.3.rel1.win32_1.0.200.202406191623/tools/bin/../lib/gcc/arm-none-eabi/12.3.1/thumb/v7e-m+dp/hard\libgcc.a
LOAD C:/ST/STM32CubeIDE_1.16.1/STM32CubeIDE/plugins/com.st.stm32cube.ide.mcu.externaltools.gnu-tools-for-stm32.12.3.rel1.win32_1.0.200.202406191623/tools/bin/../lib/gcc/arm-none-eabi/12.3.1/../../../../arm-none-eabi/lib/thumb/v7e-m+dp/hard\libc_nano.a
LOAD C:/ST/STM32CubeIDE_1.16.1/STM32CubeIDE/plugins/com.st.stm32cube.ide.mcu.externaltools.gnu-tools-for-stm32.12.3.rel1.win32_1.0.200.202406191623/tools/bin/../lib/gcc/arm-none-eabi/12.3.1/../../../../arm-none-eabi/lib/thumb/v7e-m+dp/hard\libnosys.a
END GROUP
START GROUP
LOAD C:/ST/STM32CubeIDE_1.16.1/STM32CubeIDE/plugins/com.st.stm32cube.ide.mcu.externaltools.gnu-tools-for-stm32.12.3.rel1.win32_1.0.200.202406191623/tools/bin/../lib/gcc/arm-none-eabi/12.3.1/thumb/v7e-m+dp/hard\libgcc.a
LOAD C:/ST/STM32CubeIDE_1.16.1/STM32CubeIDE/plugins/com.st.stm32cube.ide.mcu.externaltools.gnu-tools-for-stm32.12.3.rel1.win32_1.0.200.202406191623/tools/bin/../lib/gcc/arm-none-eabi/12.3.1/../../../../arm-none-eabi/lib/thumb/v7e-m+dp/hard\libc_nano.a
LOAD C:/ST/STM32CubeIDE_1.16.1/STM32CubeIDE/plugins/com.st.stm32cube.ide.mcu.externaltools.gnu-tools-for-stm32.12.3.rel1.win32_1.0.200.202406191623/tools/bin/../lib/gcc/arm-none-eabi/12.3.1/../../../../arm-none-eabi/lib/thumb/v7e-m+dp/hard\libnosys.a
END GROUP
LOAD C:/ST/STM32CubeIDE_1.16.1/STM32CubeIDE/plugins/com.st.stm32cube.ide.mcu.externaltools.gnu-tools-for-stm32.12.3.rel1.win32_1.0.200.202406191623/tools/bin/../lib/gcc/arm-none-eabi/12.3.1/thumb/v7e-m+dp/hard/crtend.o
LOAD C:/ST/STM32CubeIDE_1.16.1/STM32CubeIDE/plugins/com.st.stm32cube.ide.mcu.externaltools.gnu-tools-for-stm32.12.3.rel1.win32_1.0.200.202406191623/tools/bin/../lib/gcc/arm-none-eabi/12.3.1/thumb/v7e-m+dp/hard/crtn.o
                0x24080000                        _estack = (ORIGIN (RAM_D1) + LENGTH (RAM_D1))
                0x00000200                        _Min_Heap_Size = 0x200
                0x00000400                        _Min_Stack_Size = 0x400

.isr_vector     0x08000000      0x298
                0x08000000                        . = ALIGN (0x4)
 *(.isr_vector)
 .isr_vector    0x08000000      0x298 ./Core/Startup/startup_stm32h750vbtx.o
                0x08000000                g_pfnVectors
                0x08000298                        . = ALIGN (0x4)

.text           0x080002a0     0xd8e8
                0x080002a0                        . = ALIGN (0x4)
 *(.text)
 .text          0x080002a0       0x40 C:/ST/STM32CubeIDE_1.16.1/STM32CubeIDE/plugins/com.st.stm32cube.ide.mcu.externaltools.gnu-tools-for-stm32.12.3.rel1.win32_1.0.200.202406191623/tools/bin/../lib/gcc/arm-none-eabi/12.3.1/thumb/v7e-m+dp/hard/crtbegin.o
 .text          0x080002e0       0x10 C:/ST/STM32CubeIDE_1.16.1/STM32CubeIDE/plugins/com.st.stm32cube.ide.mcu.externaltools.gnu-tools-for-stm32.12.3.rel1.win32_1.0.200.202406191623/tools/bin/../lib/gcc/arm-none-eabi/12.3.1/../../../../arm-none-eabi/lib/thumb/v7e-m+dp/hard\libc_nano.a(libc_a-strlen.o)
                0x080002e0                strlen
 .text          0x080002f0       0xa0 C:/ST/STM32CubeIDE_1.16.1/STM32CubeIDE/plugins/com.st.stm32cube.ide.mcu.externaltools.gnu-tools-for-stm32.12.3.rel1.win32_1.0.200.202406191623/tools/bin/../lib/gcc/arm-none-eabi/12.3.1/../../../../arm-none-eabi/lib/thumb/v7e-m+dp/hard\libc_nano.a(libc_a-memchr.o)
                0x080002f0                memchr
 *(.text*)
 .text.DSP_HPF_Init
                0x08000390       0x64 ./Core/Src/DSP/DSP_IIR_HPF.o
                0x08000390                DSP_HPF_Init
 .text.DSP_HPF_Update
                0x080003f4       0xbe ./Core/Src/DSP/DSP_IIR_HPF.o
                0x080003f4                DSP_HPF_Update
 .text.DSP_IIR_LPF_Init
                0x080004b2       0x34 ./Core/Src/DSP/DSP_IIR_LPF.o
                0x080004b2                DSP_IIR_LPF_Init
 *fill*         0x080004e6        0x2 
 .text.DSP_IIR_LPF_SetCoeff
                0x080004e8       0x90 ./Core/Src/DSP/DSP_IIR_LPF.o
                0x080004e8                DSP_IIR_LPF_SetCoeff
 .text.DSP_Init
                0x08000578       0x40 ./Core/Src/DSP/DSP_Init.o
                0x08000578                DSP_Init
 .text.DSP_Shifter_Init
                0x080005b8       0x18 ./Core/Src/DSP/DSP_Shifter.o
                0x080005b8                DSP_Shifter_Init
 .text.UI_Init  0x080005d0       0xe8 ./Core/Src/UI/UI_Init.o
                0x080005d0                UI_Init
 .text.UI_SwitchStates
                0x080006b8       0xd8 ./Core/Src/UI/UI_Update.o
                0x080006b8                UI_SwitchStates
 .text.UI_GetActiveBitmap
                0x08000790       0x5c ./Core/Src/UI/UI_Update.o
                0x08000790                UI_GetActiveBitmap
 .text.UI_UpdateSelection
                0x080007ec       0xc4 ./Core/Src/UI/UI_Update.o
                0x080007ec                UI_UpdateSelection
 .text.UI_DrawSelectedOption
                0x080008b0       0xf0 ./Core/Src/UI/UI_Update.o
                0x080008b0                UI_DrawSelectedOption
 .text.UI_UpdateOLED
                0x080009a0      0x1c4 ./Core/Src/UI/UI_Update.o
                0x080009a0                UI_UpdateOLED
 .text.vApplicationGetIdleTaskMemory
                0x08000b64       0x34 ./Core/Src/freertos.o
                0x08000b64                vApplicationGetIdleTaskMemory
 .text.HAL_I2SEx_TxRxHalfCpltCallback
                0x08000b98       0x70 ./Core/Src/main.o
                0x08000b98                HAL_I2SEx_TxRxHalfCpltCallback
 .text.HAL_I2SEx_TxRxCpltCallback
                0x08000c08       0x70 ./Core/Src/main.o
                0x08000c08                HAL_I2SEx_TxRxCpltCallback
 .text.main     0x08000c78       0xd8 ./Core/Src/main.o
                0x08000c78                main
 .text.SystemClock_Config
                0x08000d50      0x100 ./Core/Src/main.o
                0x08000d50                SystemClock_Config
 .text.MX_I2C4_Init
                0x08000e50       0x80 ./Core/Src/main.o
 .text.MX_I2S3_Init
                0x08000ed0       0x68 ./Core/Src/main.o
 .text.MX_QUADSPI_Init
                0x08000f38       0x58 ./Core/Src/main.o
 .text.MX_TIM3_Init
                0x08000f90       0xac ./Core/Src/main.o
 .text.MX_USB_OTG_HS_PCD_Init
                0x0800103c       0x64 ./Core/Src/main.o
 .text.MX_DMA_Init
                0x080010a0       0x50 ./Core/Src/main.o
 .text.MX_GPIO_Init
                0x080010f0      0x160 ./Core/Src/main.o
 .text.HAL_GPIO_EXTI_Callback
                0x08001250       0x80 ./Core/Src/main.o
                0x08001250                HAL_GPIO_EXTI_Callback
 .text.StartDefaultTask
                0x080012d0       0x10 ./Core/Src/main.o
                0x080012d0                StartDefaultTask
 .text.StartUITask
                0x080012e0      0x114 ./Core/Src/main.o
                0x080012e0                StartUITask
 .text.StartAudioProcTask
                0x080013f4       0xd0 ./Core/Src/main.o
                0x080013f4                StartAudioProcTask
 .text.MPU_Config
                0x080014c4       0x58 ./Core/Src/main.o
 .text.HAL_TIM_PeriodElapsedCallback
                0x0800151c       0x24 ./Core/Src/main.o
                0x0800151c                HAL_TIM_PeriodElapsedCallback
 .text.Error_Handler
                0x08001540        0xc ./Core/Src/main.o
                0x08001540                Error_Handler
 .text.HAL_MspInit
                0x0800154c       0x3c ./Core/Src/stm32h7xx_hal_msp.o
                0x0800154c                HAL_MspInit
 .text.HAL_I2C_MspInit
                0x08001588       0xd4 ./Core/Src/stm32h7xx_hal_msp.o
                0x08001588                HAL_I2C_MspInit
 .text.HAL_I2S_MspInit
                0x0800165c      0x264 ./Core/Src/stm32h7xx_hal_msp.o
                0x0800165c                HAL_I2S_MspInit
 .text.HAL_QSPI_MspInit
                0x080018c0      0x230 ./Core/Src/stm32h7xx_hal_msp.o
                0x080018c0                HAL_QSPI_MspInit
 .text.HAL_TIM_Encoder_MspInit
                0x08001af0       0xa4 ./Core/Src/stm32h7xx_hal_msp.o
                0x08001af0                HAL_TIM_Encoder_MspInit
 .text.HAL_PCD_MspInit
                0x08001b94      0x190 ./Core/Src/stm32h7xx_hal_msp.o
                0x08001b94                HAL_PCD_MspInit
 .text.HAL_InitTick
                0x08001d24       0xc0 ./Core/Src/stm32h7xx_hal_timebase_tim.o
                0x08001d24                HAL_InitTick
 .text.NMI_Handler
                0x08001de4        0xc ./Core/Src/stm32h7xx_it.o
                0x08001de4                NMI_Handler
 .text.HardFault_Handler
                0x08001df0        0x8 ./Core/Src/stm32h7xx_it.o
                0x08001df0                HardFault_Handler
 .text.MemManage_Handler
                0x08001df8        0x8 ./Core/Src/stm32h7xx_it.o
                0x08001df8                MemManage_Handler
 .text.BusFault_Handler
                0x08001e00        0x8 ./Core/Src/stm32h7xx_it.o
                0x08001e00                BusFault_Handler
 .text.UsageFault_Handler
                0x08001e08        0x8 ./Core/Src/stm32h7xx_it.o
                0x08001e08                UsageFault_Handler
 .text.DebugMon_Handler
                0x08001e10        0xe ./Core/Src/stm32h7xx_it.o
                0x08001e10                DebugMon_Handler
 .text.EXTI4_IRQHandler
                0x08001e1e        0xe ./Core/Src/stm32h7xx_it.o
                0x08001e1e                EXTI4_IRQHandler
 .text.DMA1_Stream0_IRQHandler
                0x08001e2c       0x14 ./Core/Src/stm32h7xx_it.o
                0x08001e2c                DMA1_Stream0_IRQHandler
 .text.DMA1_Stream1_IRQHandler
                0x08001e40       0x14 ./Core/Src/stm32h7xx_it.o
                0x08001e40                DMA1_Stream1_IRQHandler
 .text.TIM1_UP_IRQHandler
                0x08001e54       0x14 ./Core/Src/stm32h7xx_it.o
                0x08001e54                TIM1_UP_IRQHandler
 .text.TIM3_IRQHandler
                0x08001e68       0x14 ./Core/Src/stm32h7xx_it.o
                0x08001e68                TIM3_IRQHandler
 .text._sbrk    0x08001e7c       0x6c ./Core/Src/sysmem.o
                0x08001e7c                _sbrk
 .text.SystemInit
                0x08001ee8      0x110 ./Core/Src/system_stm32h7xx.o
                0x08001ee8                SystemInit
 .text.Reset_Handler
                0x08001ff8       0x50 ./Core/Startup/startup_stm32h750vbtx.o
                0x08001ff8                Reset_Handler
 .text.Default_Handler
                0x08002048        0x2 ./Core/Startup/startup_stm32h750vbtx.o
                0x08002048                RTC_Alarm_IRQHandler
                0x08002048                HASH_RNG_IRQHandler
                0x08002048                EXTI2_IRQHandler
                0x08002048                TIM8_CC_IRQHandler
                0x08002048                HRTIM1_Master_IRQHandler
                0x08002048                UART8_IRQHandler
                0x08002048                SPI4_IRQHandler
                0x08002048                TIM1_CC_IRQHandler
                0x08002048                BDMA_Channel6_IRQHandler
                0x08002048                DMA2_Stream5_IRQHandler
                0x08002048                HRTIM1_FLT_IRQHandler
                0x08002048                JPEG_IRQHandler
                0x08002048                DMA1_Stream5_IRQHandler
                0x08002048                BDMA_Channel1_IRQHandler
                0x08002048                HRTIM1_TIMD_IRQHandler
                0x08002048                TAMP_STAMP_IRQHandler
                0x08002048                EXTI3_IRQHandler
                0x08002048                LPTIM4_IRQHandler
                0x08002048                TIM8_TRG_COM_TIM14_IRQHandler
                0x08002048                LPTIM2_IRQHandler
                0x08002048                DFSDM1_FLT1_IRQHandler
                0x08002048                DMAMUX2_OVR_IRQHandler
                0x08002048                TIM8_UP_TIM13_IRQHandler
                0x08002048                I2C3_ER_IRQHandler
                0x08002048                DFSDM1_FLT2_IRQHandler
                0x08002048                MDMA_IRQHandler
                0x08002048                LPTIM3_IRQHandler
                0x08002048                HSEM1_IRQHandler
                0x08002048                EXTI0_IRQHandler
                0x08002048                I2C2_EV_IRQHandler
                0x08002048                DMA1_Stream2_IRQHandler
                0x08002048                FPU_IRQHandler
                0x08002048                OTG_HS_WKUP_IRQHandler
                0x08002048                FDCAN1_IT1_IRQHandler
                0x08002048                LTDC_ER_IRQHandler
                0x08002048                DMA2_Stream2_IRQHandler
                0x08002048                HRTIM1_TIME_IRQHandler
                0x08002048                SPI1_IRQHandler
                0x08002048                TIM6_DAC_IRQHandler
                0x08002048                DCMI_IRQHandler
                0x08002048                HRTIM1_TIMC_IRQHandler
                0x08002048                DMA2_Stream3_IRQHandler
                0x08002048                SAI2_IRQHandler
                0x08002048                DFSDM1_FLT3_IRQHandler
                0x08002048                USART6_IRQHandler
                0x08002048                TIM17_IRQHandler
                0x08002048                USART3_IRQHandler
                0x08002048                BDMA_Channel7_IRQHandler
                0x08002048                CRYP_IRQHandler
                0x08002048                LPTIM5_IRQHandler
                0x08002048                UART5_IRQHandler
                0x08002048                ADC3_IRQHandler
                0x08002048                DMA2_Stream0_IRQHandler
                0x08002048                TIM4_IRQHandler
                0x08002048                BDMA_Channel2_IRQHandler
                0x08002048                QUADSPI_IRQHandler
                0x08002048                I2C1_EV_IRQHandler
                0x08002048                DMA1_Stream6_IRQHandler
                0x08002048                DMAMUX1_OVR_IRQHandler
                0x08002048                TIM16_IRQHandler
                0x08002048                UART4_IRQHandler
                0x08002048                BDMA_Channel5_IRQHandler
                0x08002048                RCC_IRQHandler
                0x08002048                TIM8_BRK_TIM12_IRQHandler
                0x08002048                TIM1_TRG_COM_IRQHandler
                0x08002048                Default_Handler
                0x08002048                ECC_IRQHandler
                0x08002048                CEC_IRQHandler
                0x08002048                EXTI15_10_IRQHandler
                0x08002048                BDMA_Channel0_IRQHandler
                0x08002048                ADC_IRQHandler
                0x08002048                DMA1_Stream7_IRQHandler
                0x08002048                HRTIM1_TIMA_IRQHandler
                0x08002048                SPI5_IRQHandler
                0x08002048                TIM7_IRQHandler
                0x08002048                SDMMC1_IRQHandler
                0x08002048                TIM5_IRQHandler
                0x08002048                DMA2_Stream7_IRQHandler
                0x08002048                TIM15_IRQHandler
                0x08002048                PVD_AVD_IRQHandler
                0x08002048                I2C3_EV_IRQHandler
                0x08002048                EXTI9_5_IRQHandler
                0x08002048                RTC_WKUP_IRQHandler
                0x08002048                LTDC_IRQHandler
                0x08002048                SAI3_IRQHandler
                0x08002048                ETH_WKUP_IRQHandler
                0x08002048                SPDIF_RX_IRQHandler
                0x08002048                SPI2_IRQHandler
                0x08002048                OTG_HS_EP1_IN_IRQHandler
                0x08002048                CRS_IRQHandler
                0x08002048                HRTIM1_TIMB_IRQHandler
                0x08002048                FDCAN2_IT1_IRQHandler
                0x08002048                ETH_IRQHandler
                0x08002048                BDMA_Channel4_IRQHandler
                0x08002048                OTG_HS_EP1_OUT_IRQHandler
                0x08002048                WWDG_IRQHandler
                0x08002048                SPI6_IRQHandler
                0x08002048                MDIOS_IRQHandler
                0x08002048                I2C4_EV_IRQHandler
                0x08002048                FDCAN2_IT0_IRQHandler
                0x08002048                LPUART1_IRQHandler
                0x08002048                FDCAN1_IT0_IRQHandler
                0x08002048                TIM2_IRQHandler
                0x08002048                OTG_FS_WKUP_IRQHandler
                0x08002048                OTG_HS_IRQHandler
                0x08002048                DMA2D_IRQHandler
                0x08002048                TIM1_BRK_IRQHandler
                0x08002048                EXTI1_IRQHandler
                0x08002048                SDMMC2_IRQHandler
                0x08002048                OTG_FS_EP1_OUT_IRQHandler
                0x08002048                BDMA_Channel3_IRQHandler
                0x08002048                UART7_IRQHandler
                0x08002048                MDIOS_WKUP_IRQHandler
                0x08002048                USART2_IRQHandler
                0x08002048                DFSDM1_FLT0_IRQHandler
                0x08002048                SAI4_IRQHandler
                0x08002048                I2C2_ER_IRQHandler
                0x08002048                DMA2_Stream1_IRQHandler
                0x08002048                FLASH_IRQHandler
                0x08002048                DMA2_Stream4_IRQHandler
                0x08002048                USART1_IRQHandler
                0x08002048                OTG_FS_IRQHandler
                0x08002048                SPI3_IRQHandler
                0x08002048                WAKEUP_PIN_IRQHandler
                0x08002048                DMA1_Stream4_IRQHandler
                0x08002048                OTG_FS_EP1_IN_IRQHandler
                0x08002048                I2C1_ER_IRQHandler
                0x08002048                FMC_IRQHandler
                0x08002048                FDCAN_CAL_IRQHandler
                0x08002048                SWPMI1_IRQHandler
                0x08002048                COMP1_IRQHandler
                0x08002048                LPTIM1_IRQHandler
                0x08002048                I2C4_ER_IRQHandler
                0x08002048                DMA2_Stream6_IRQHandler
                0x08002048                SAI1_IRQHandler
                0x08002048                DMA1_Stream3_IRQHandler
 *fill*         0x0800204a        0x2 
 .text.ssd1306_Fill
                0x0800204c       0x30 ./Drivers/OLED/ssd1306.o
                0x0800204c                ssd1306_Fill
 .text.ssd1306_DrawPixel
                0x0800207c       0xa8 ./Drivers/OLED/ssd1306.o
                0x0800207c                ssd1306_DrawPixel
 .text.ssd1306_WriteChar
                0x08002124      0x124 ./Drivers/OLED/ssd1306.o
                0x08002124                ssd1306_WriteChar
 .text.ssd1306_WriteString
                0x08002248       0x4c ./Drivers/OLED/ssd1306.o
                0x08002248                ssd1306_WriteString
 .text.ssd1306_SetCursor
                0x08002294       0x30 ./Drivers/OLED/ssd1306.o
                0x08002294                ssd1306_SetCursor
 .text.ssd1306_Line
                0x080022c4       0xd8 ./Drivers/OLED/ssd1306.o
                0x080022c4                ssd1306_Line
 .text.ssd1306_FillCircle
                0x0800239c       0xe6 ./Drivers/OLED/ssd1306.o
                0x0800239c                ssd1306_FillCircle
 .text.ssd1306_DrawBitmap
                0x08002482       0xb6 ./Drivers/OLED/ssd1306.o
                0x08002482                ssd1306_DrawBitmap
 .text.HAL_Init
                0x08002538       0x78 ./Drivers/STM32H7xx_HAL_Driver/Src/stm32h7xx_hal.o
                0x08002538                HAL_Init
 .text.HAL_IncTick
                0x080025b0       0x28 ./Drivers/STM32H7xx_HAL_Driver/Src/stm32h7xx_hal.o
                0x080025b0                HAL_IncTick
 .text.HAL_GetTick
                0x080025d8       0x18 ./Drivers/STM32H7xx_HAL_Driver/Src/stm32h7xx_hal.o
                0x080025d8                HAL_GetTick
 .text.HAL_Delay
                0x080025f0       0x48 ./Drivers/STM32H7xx_HAL_Driver/Src/stm32h7xx_hal.o
                0x080025f0                HAL_Delay
 .text.HAL_GetREVID
                0x08002638       0x18 ./Drivers/STM32H7xx_HAL_Driver/Src/stm32h7xx_hal.o
                0x08002638                HAL_GetREVID
 .text.__NVIC_SetPriorityGrouping
                0x08002650       0x48 ./Drivers/STM32H7xx_HAL_Driver/Src/stm32h7xx_hal_cortex.o
 .text.__NVIC_GetPriorityGrouping
                0x08002698       0x1c ./Drivers/STM32H7xx_HAL_Driver/Src/stm32h7xx_hal_cortex.o
 .text.__NVIC_EnableIRQ
                0x080026b4       0x3c ./Drivers/STM32H7xx_HAL_Driver/Src/stm32h7xx_hal_cortex.o
 .text.__NVIC_SetPriority
                0x080026f0       0x54 ./Drivers/STM32H7xx_HAL_Driver/Src/stm32h7xx_hal_cortex.o
 .text.NVIC_EncodePriority
                0x08002744       0x66 ./Drivers/STM32H7xx_HAL_Driver/Src/stm32h7xx_hal_cortex.o
 .text.HAL_NVIC_SetPriorityGrouping
                0x080027aa       0x16 ./Drivers/STM32H7xx_HAL_Driver/Src/stm32h7xx_hal_cortex.o
                0x080027aa                HAL_NVIC_SetPriorityGrouping
 .text.HAL_NVIC_SetPriority
                0x080027c0       0x34 ./Drivers/STM32H7xx_HAL_Driver/Src/stm32h7xx_hal_cortex.o
                0x080027c0                HAL_NVIC_SetPriority
 .text.HAL_NVIC_EnableIRQ
                0x080027f4       0x1c ./Drivers/STM32H7xx_HAL_Driver/Src/stm32h7xx_hal_cortex.o
                0x080027f4                HAL_NVIC_EnableIRQ
 .text.HAL_MPU_Disable
                0x08002810       0x30 ./Drivers/STM32H7xx_HAL_Driver/Src/stm32h7xx_hal_cortex.o
                0x08002810                HAL_MPU_Disable
 .text.HAL_MPU_Enable
                0x08002840       0x40 ./Drivers/STM32H7xx_HAL_Driver/Src/stm32h7xx_hal_cortex.o
                0x08002840                HAL_MPU_Enable
 .text.HAL_MPU_ConfigRegion
                0x08002880       0x80 ./Drivers/STM32H7xx_HAL_Driver/Src/stm32h7xx_hal_cortex.o
                0x08002880                HAL_MPU_ConfigRegion
 .text.HAL_DMA_Init
                0x08002900      0x6b8 ./Drivers/STM32H7xx_HAL_Driver/Src/stm32h7xx_hal_dma.o
                0x08002900                HAL_DMA_Init
 .text.HAL_DMA_Start_IT
                0x08002fb8      0x4d4 ./Drivers/STM32H7xx_HAL_Driver/Src/stm32h7xx_hal_dma.o
                0x08002fb8                HAL_DMA_Start_IT
 .text.HAL_DMA_IRQHandler
                0x0800348c      0xe54 ./Drivers/STM32H7xx_HAL_Driver/Src/stm32h7xx_hal_dma.o
                0x0800348c                HAL_DMA_IRQHandler
 .text.DMA_SetConfig
                0x080042e0      0x358 ./Drivers/STM32H7xx_HAL_Driver/Src/stm32h7xx_hal_dma.o
 .text.DMA_CalcBaseAndBitshift
                0x08004638      0x164 ./Drivers/STM32H7xx_HAL_Driver/Src/stm32h7xx_hal_dma.o
 .text.DMA_CheckFifoParam
                0x0800479c       0xf8 ./Drivers/STM32H7xx_HAL_Driver/Src/stm32h7xx_hal_dma.o
 .text.DMA_CalcDMAMUXChannelBaseAndMask
                0x08004894      0x134 ./Drivers/STM32H7xx_HAL_Driver/Src/stm32h7xx_hal_dma.o
 .text.DMA_CalcDMAMUXRequestGenBaseAndMask
                0x080049c8       0xe8 ./Drivers/STM32H7xx_HAL_Driver/Src/stm32h7xx_hal_dma.o
 .text.HAL_GPIO_Init
                0x08004ab0      0x360 ./Drivers/STM32H7xx_HAL_Driver/Src/stm32h7xx_hal_gpio.o
                0x08004ab0                HAL_GPIO_Init
 .text.HAL_GPIO_WritePin
                0x08004e10       0x32 ./Drivers/STM32H7xx_HAL_Driver/Src/stm32h7xx_hal_gpio.o
                0x08004e10                HAL_GPIO_WritePin
 .text.HAL_GPIO_TogglePin
                0x08004e42       0x34 ./Drivers/STM32H7xx_HAL_Driver/Src/stm32h7xx_hal_gpio.o
                0x08004e42                HAL_GPIO_TogglePin
 .text.HAL_GPIO_EXTI_IRQHandler
                0x08004e76       0x34 ./Drivers/STM32H7xx_HAL_Driver/Src/stm32h7xx_hal_gpio.o
                0x08004e76                HAL_GPIO_EXTI_IRQHandler
 *fill*         0x08004eaa        0x2 
 .text.HAL_I2C_Init
                0x08004eac      0x138 ./Drivers/STM32H7xx_HAL_Driver/Src/stm32h7xx_hal_i2c.o
                0x08004eac                HAL_I2C_Init
 .text.HAL_I2CEx_ConfigAnalogFilter
                0x08004fe4       0x96 ./Drivers/STM32H7xx_HAL_Driver/Src/stm32h7xx_hal_i2c_ex.o
                0x08004fe4                HAL_I2CEx_ConfigAnalogFilter
 .text.HAL_I2CEx_ConfigDigitalFilter
                0x0800507a       0x98 ./Drivers/STM32H7xx_HAL_Driver/Src/stm32h7xx_hal_i2c_ex.o
                0x0800507a                HAL_I2CEx_ConfigDigitalFilter
 *fill*         0x08005112        0x2 
 .text.HAL_I2S_Init
                0x08005114      0x244 ./Drivers/STM32H7xx_HAL_Driver/Src/stm32h7xx_hal_i2s.o
                0x08005114                HAL_I2S_Init
 .text.HAL_I2SEx_TransmitReceive_DMA
                0x08005358      0x1c0 ./Drivers/STM32H7xx_HAL_Driver/Src/stm32h7xx_hal_i2s.o
                0x08005358                HAL_I2SEx_TransmitReceive_DMA
 .text.HAL_I2S_ErrorCallback
                0x08005518       0x14 ./Drivers/STM32H7xx_HAL_Driver/Src/stm32h7xx_hal_i2s.o
                0x08005518                HAL_I2S_ErrorCallback
 .text.I2SEx_DMATxRxCplt
                0x0800552c       0x58 ./Drivers/STM32H7xx_HAL_Driver/Src/stm32h7xx_hal_i2s.o
 .text.I2SEx_DMATxRxHalfCplt
                0x08005584       0x1c ./Drivers/STM32H7xx_HAL_Driver/Src/stm32h7xx_hal_i2s.o
 .text.I2S_DMAError
                0x080055a0       0x4c ./Drivers/STM32H7xx_HAL_Driver/Src/stm32h7xx_hal_i2s.o
 .text.HAL_PCD_Init
                0x080055ec      0x218 ./Drivers/STM32H7xx_HAL_Driver/Src/stm32h7xx_hal_pcd.o
                0x080055ec                HAL_PCD_Init
 .text.HAL_PCDEx_ActivateLPM
                0x08005804       0x48 ./Drivers/STM32H7xx_HAL_Driver/Src/stm32h7xx_hal_pcd_ex.o
                0x08005804                HAL_PCDEx_ActivateLPM
 .text.HAL_PWREx_ConfigSupply
                0x0800584c       0x74 ./Drivers/STM32H7xx_HAL_Driver/Src/stm32h7xx_hal_pwr_ex.o
                0x0800584c                HAL_PWREx_ConfigSupply
 .text.HAL_PWREx_EnableUSBVoltageDetector
                0x080058c0       0x20 ./Drivers/STM32H7xx_HAL_Driver/Src/stm32h7xx_hal_pwr_ex.o
                0x080058c0                HAL_PWREx_EnableUSBVoltageDetector
 .text.HAL_QSPI_Init
                0x080058e0       0xe8 ./Drivers/STM32H7xx_HAL_Driver/Src/stm32h7xx_hal_qspi.o
                0x080058e0                HAL_QSPI_Init
 .text.HAL_QSPI_SetTimeout
                0x080059c8       0x1c ./Drivers/STM32H7xx_HAL_Driver/Src/stm32h7xx_hal_qspi.o
                0x080059c8                HAL_QSPI_SetTimeout
 .text.QSPI_WaitFlagStateUntilTimeout
                0x080059e4       0x6e ./Drivers/STM32H7xx_HAL_Driver/Src/stm32h7xx_hal_qspi.o
 *fill*         0x08005a52        0x2 
 .text.HAL_RCC_OscConfig
                0x08005a54      0x8b4 ./Drivers/STM32H7xx_HAL_Driver/Src/stm32h7xx_hal_rcc.o
                0x08005a54                HAL_RCC_OscConfig
 .text.HAL_RCC_ClockConfig
                0x08006308      0x36c ./Drivers/STM32H7xx_HAL_Driver/Src/stm32h7xx_hal_rcc.o
                0x08006308                HAL_RCC_ClockConfig
 .text.HAL_RCC_EnableCSS
                0x08006674       0x20 ./Drivers/STM32H7xx_HAL_Driver/Src/stm32h7xx_hal_rcc.o
                0x08006674                HAL_RCC_EnableCSS
 .text.HAL_RCC_GetSysClockFreq
                0x08006694      0x2f4 ./Drivers/STM32H7xx_HAL_Driver/Src/stm32h7xx_hal_rcc.o
                0x08006694                HAL_RCC_GetSysClockFreq
 .text.HAL_RCC_GetHCLKFreq
                0x08006988       0x60 ./Drivers/STM32H7xx_HAL_Driver/Src/stm32h7xx_hal_rcc.o
                0x08006988                HAL_RCC_GetHCLKFreq
 .text.HAL_RCC_GetPCLK1Freq
                0x080069e8       0x2c ./Drivers/STM32H7xx_HAL_Driver/Src/stm32h7xx_hal_rcc.o
                0x080069e8                HAL_RCC_GetPCLK1Freq
 .text.HAL_RCC_GetPCLK2Freq
                0x08006a14       0x2c ./Drivers/STM32H7xx_HAL_Driver/Src/stm32h7xx_hal_rcc.o
                0x08006a14                HAL_RCC_GetPCLK2Freq
 .text.HAL_RCC_GetClockConfig
                0x08006a40       0x84 ./Drivers/STM32H7xx_HAL_Driver/Src/stm32h7xx_hal_rcc.o
                0x08006a40                HAL_RCC_GetClockConfig
 .text.HAL_RCC_NMI_IRQHandler
                0x08006ac4       0x28 ./Drivers/STM32H7xx_HAL_Driver/Src/stm32h7xx_hal_rcc.o
                0x08006ac4                HAL_RCC_NMI_IRQHandler
 .text.HAL_RCC_CSSCallback
                0x08006aec        0xe ./Drivers/STM32H7xx_HAL_Driver/Src/stm32h7xx_hal_rcc.o
                0x08006aec                HAL_RCC_CSSCallback
 *fill*         0x08006afa        0x2 
 .text.HAL_RCCEx_PeriphCLKConfig
                0x08006afc     0x1414 ./Drivers/STM32H7xx_HAL_Driver/Src/stm32h7xx_hal_rcc_ex.o
                0x08006afc                HAL_RCCEx_PeriphCLKConfig
 .text.HAL_RCCEx_GetPeriphCLKFreq
                0x08007f10      0xaf4 ./Drivers/STM32H7xx_HAL_Driver/Src/stm32h7xx_hal_rcc_ex.o
                0x08007f10                HAL_RCCEx_GetPeriphCLKFreq
 .text.HAL_RCCEx_GetD3PCLK1Freq
                0x08008a04       0x2c ./Drivers/STM32H7xx_HAL_Driver/Src/stm32h7xx_hal_rcc_ex.o
                0x08008a04                HAL_RCCEx_GetD3PCLK1Freq
 .text.HAL_RCCEx_GetPLL2ClockFreq
                0x08008a30      0x2a8 ./Drivers/STM32H7xx_HAL_Driver/Src/stm32h7xx_hal_rcc_ex.o
                0x08008a30                HAL_RCCEx_GetPLL2ClockFreq
 .text.HAL_RCCEx_GetPLL3ClockFreq
                0x08008cd8      0x2a8 ./Drivers/STM32H7xx_HAL_Driver/Src/stm32h7xx_hal_rcc_ex.o
                0x08008cd8                HAL_RCCEx_GetPLL3ClockFreq
 .text.HAL_RCCEx_GetPLL1ClockFreq
                0x08008f80      0x2a4 ./Drivers/STM32H7xx_HAL_Driver/Src/stm32h7xx_hal_rcc_ex.o
                0x08008f80                HAL_RCCEx_GetPLL1ClockFreq
 .text.RCCEx_PLL2_Config
                0x08009224      0x164 ./Drivers/STM32H7xx_HAL_Driver/Src/stm32h7xx_hal_rcc_ex.o
 .text.RCCEx_PLL3_Config
                0x08009388      0x164 ./Drivers/STM32H7xx_HAL_Driver/Src/stm32h7xx_hal_rcc_ex.o
 .text.HAL_TIM_Base_Init
                0x080094ec       0xae ./Drivers/STM32H7xx_HAL_Driver/Src/stm32h7xx_hal_tim.o
                0x080094ec                HAL_TIM_Base_Init
 .text.HAL_TIM_Base_MspInit
                0x0800959a       0x14 ./Drivers/STM32H7xx_HAL_Driver/Src/stm32h7xx_hal_tim.o
                0x0800959a                HAL_TIM_Base_MspInit
 *fill*         0x080095ae        0x2 
 .text.HAL_TIM_Base_Start_IT
                0x080095b0       0xf0 ./Drivers/STM32H7xx_HAL_Driver/Src/stm32h7xx_hal_tim.o
                0x080095b0                HAL_TIM_Base_Start_IT
 .text.HAL_TIM_Encoder_Init
                0x080096a0      0x14c ./Drivers/STM32H7xx_HAL_Driver/Src/stm32h7xx_hal_tim.o
                0x080096a0                HAL_TIM_Encoder_Init
 .text.HAL_TIM_Encoder_Start
                0x080097ec      0x11c ./Drivers/STM32H7xx_HAL_Driver/Src/stm32h7xx_hal_tim.o
                0x080097ec                HAL_TIM_Encoder_Start
 .text.HAL_TIM_IRQHandler
                0x08009908      0x20e ./Drivers/STM32H7xx_HAL_Driver/Src/stm32h7xx_hal_tim.o
                0x08009908                HAL_TIM_IRQHandler
 .text.HAL_TIM_OC_DelayElapsedCallback
                0x08009b16       0x14 ./Drivers/STM32H7xx_HAL_Driver/Src/stm32h7xx_hal_tim.o
                0x08009b16                HAL_TIM_OC_DelayElapsedCallback
 .text.HAL_TIM_IC_CaptureCallback
                0x08009b2a       0x14 ./Drivers/STM32H7xx_HAL_Driver/Src/stm32h7xx_hal_tim.o
                0x08009b2a                HAL_TIM_IC_CaptureCallback
 .text.HAL_TIM_PWM_PulseFinishedCallback
                0x08009b3e       0x14 ./Drivers/STM32H7xx_HAL_Driver/Src/stm32h7xx_hal_tim.o
                0x08009b3e                HAL_TIM_PWM_PulseFinishedCallback
 .text.HAL_TIM_TriggerCallback
                0x08009b52       0x14 ./Drivers/STM32H7xx_HAL_Driver/Src/stm32h7xx_hal_tim.o
                0x08009b52                HAL_TIM_TriggerCallback
 *fill*         0x08009b66        0x2 
 .text.TIM_Base_SetConfig
                0x08009b68      0x14c ./Drivers/STM32H7xx_HAL_Driver/Src/stm32h7xx_hal_tim.o
                0x08009b68                TIM_Base_SetConfig
 .text.TIM_CCxChannelCmd
                0x08009cb4       0x4a ./Drivers/STM32H7xx_HAL_Driver/Src/stm32h7xx_hal_tim.o
                0x08009cb4                TIM_CCxChannelCmd
 *fill*         0x08009cfe        0x2 
 .text.HAL_TIMEx_MasterConfigSynchronization
                0x08009d00      0x11c ./Drivers/STM32H7xx_HAL_Driver/Src/stm32h7xx_hal_tim_ex.o
                0x08009d00                HAL_TIMEx_MasterConfigSynchronization
 .text.HAL_TIMEx_CommutCallback
                0x08009e1c       0x14 ./Drivers/STM32H7xx_HAL_Driver/Src/stm32h7xx_hal_tim_ex.o
                0x08009e1c                HAL_TIMEx_CommutCallback
 .text.HAL_TIMEx_BreakCallback
                0x08009e30       0x14 ./Drivers/STM32H7xx_HAL_Driver/Src/stm32h7xx_hal_tim_ex.o
                0x08009e30                HAL_TIMEx_BreakCallback
 .text.HAL_TIMEx_Break2Callback
                0x08009e44       0x14 ./Drivers/STM32H7xx_HAL_Driver/Src/stm32h7xx_hal_tim_ex.o
                0x08009e44                HAL_TIMEx_Break2Callback
 .text.USB_CoreInit
                0x08009e58       0xe4 ./Drivers/STM32H7xx_HAL_Driver/Src/stm32h7xx_ll_usb.o
                0x08009e58                USB_CoreInit
 .text.USB_DisableGlobalInt
                0x08009f3c       0x22 ./Drivers/STM32H7xx_HAL_Driver/Src/stm32h7xx_ll_usb.o
                0x08009f3c                USB_DisableGlobalInt
 .text.USB_SetCurrentMode
                0x08009f5e       0x98 ./Drivers/STM32H7xx_HAL_Driver/Src/stm32h7xx_ll_usb.o
                0x08009f5e                USB_SetCurrentMode
 *fill*         0x08009ff6        0x2 
 .text.USB_DevInit
                0x08009ff8      0x2bc ./Drivers/STM32H7xx_HAL_Driver/Src/stm32h7xx_ll_usb.o
                0x08009ff8                USB_DevInit
 .text.USB_FlushTxFifo
                0x0800a2b4       0x64 ./Drivers/STM32H7xx_HAL_Driver/Src/stm32h7xx_ll_usb.o
                0x0800a2b4                USB_FlushTxFifo
 .text.USB_FlushRxFifo
                0x0800a318       0x5c ./Drivers/STM32H7xx_HAL_Driver/Src/stm32h7xx_ll_usb.o
                0x0800a318                USB_FlushRxFifo
 .text.USB_SetDevSpeed
                0x0800a374       0x32 ./Drivers/STM32H7xx_HAL_Driver/Src/stm32h7xx_ll_usb.o
                0x0800a374                USB_SetDevSpeed
 .text.USB_DevDisconnect
                0x0800a3a6       0x42 ./Drivers/STM32H7xx_HAL_Driver/Src/stm32h7xx_ll_usb.o
                0x0800a3a6                USB_DevDisconnect
 .text.USB_GetMode
                0x0800a3e8       0x1c ./Drivers/STM32H7xx_HAL_Driver/Src/stm32h7xx_ll_usb.o
                0x0800a3e8                USB_GetMode
 .text.USB_CoreReset
                0x0800a404       0x62 ./Drivers/STM32H7xx_HAL_Driver/Src/stm32h7xx_ll_usb.o
 .text.makeFreeRtosPriority
                0x0800a466       0x30 ./Middlewares/Third_Party/FreeRTOS/Source/CMSIS_RTOS/cmsis_os.o
 .text.osKernelStart
                0x0800a496        0xe ./Middlewares/Third_Party/FreeRTOS/Source/CMSIS_RTOS/cmsis_os.o
                0x0800a496                osKernelStart
 .text.osThreadCreate
                0x0800a4a4       0x98 ./Middlewares/Third_Party/FreeRTOS/Source/CMSIS_RTOS/cmsis_os.o
                0x0800a4a4                osThreadCreate
 .text.osDelay  0x0800a53c       0x28 ./Middlewares/Third_Party/FreeRTOS/Source/CMSIS_RTOS/cmsis_os.o
                0x0800a53c                osDelay
 .text.vListInitialise
                0x0800a564       0x40 ./Middlewares/Third_Party/FreeRTOS/Source/list.o
                0x0800a564                vListInitialise
 .text.vListInitialiseItem
                0x0800a5a4       0x1a ./Middlewares/Third_Party/FreeRTOS/Source/list.o
                0x0800a5a4                vListInitialiseItem
 .text.vListInsertEnd
                0x0800a5be       0x48 ./Middlewares/Third_Party/FreeRTOS/Source/list.o
                0x0800a5be                vListInsertEnd
 .text.vListInsert
                0x0800a606       0x72 ./Middlewares/Third_Party/FreeRTOS/Source/list.o
                0x0800a606                vListInsert
 .text.uxListRemove
                0x0800a678       0x54 ./Middlewares/Third_Party/FreeRTOS/Source/list.o
                0x0800a678                uxListRemove
 .text.xQueueGenericReset
                0x0800a6cc       0xd4 ./Middlewares/Third_Party/FreeRTOS/Source/queue.o
                0x0800a6cc                xQueueGenericReset
 .text.xQueueGenericCreate
                0x0800a7a0       0x76 ./Middlewares/Third_Party/FreeRTOS/Source/queue.o
                0x0800a7a0                xQueueGenericCreate
 .text.prvInitialiseNewQueue
                0x0800a816       0x3e ./Middlewares/Third_Party/FreeRTOS/Source/queue.o
 .text.xQueueGenericSendFromISR
                0x0800a854      0x13c ./Middlewares/Third_Party/FreeRTOS/Source/queue.o
                0x0800a854                xQueueGenericSendFromISR
 .text.xQueueReceive
                0x0800a990      0x1c4 ./Middlewares/Third_Party/FreeRTOS/Source/queue.o
                0x0800a990                xQueueReceive
 .text.prvCopyDataToQueue
                0x0800ab54       0xd4 ./Middlewares/Third_Party/FreeRTOS/Source/queue.o
 .text.prvCopyDataFromQueue
                0x0800ac28       0x4c ./Middlewares/Third_Party/FreeRTOS/Source/queue.o
 .text.prvUnlockQueue
                0x0800ac74       0xa4 ./Middlewares/Third_Party/FreeRTOS/Source/queue.o
 .text.prvIsQueueEmpty
                0x0800ad18       0x2c ./Middlewares/Third_Party/FreeRTOS/Source/queue.o
 .text.xTaskCreateStatic
                0x0800ad44       0xc0 ./Middlewares/Third_Party/FreeRTOS/Source/tasks.o
                0x0800ad44                xTaskCreateStatic
 .text.xTaskCreate
                0x0800ae04       0x8a ./Middlewares/Third_Party/FreeRTOS/Source/tasks.o
                0x0800ae04                xTaskCreate
 *fill*         0x0800ae8e        0x2 
 .text.prvInitialiseNewTask
                0x0800ae90      0x140 ./Middlewares/Third_Party/FreeRTOS/Source/tasks.o
 .text.prvAddNewTaskToReadyList
                0x0800afd0       0xd4 ./Middlewares/Third_Party/FreeRTOS/Source/tasks.o
 .text.vTaskDelay
                0x0800b0a4       0x6c ./Middlewares/Third_Party/FreeRTOS/Source/tasks.o
                0x0800b0a4                vTaskDelay
 .text.vTaskStartScheduler
                0x0800b110       0xd4 ./Middlewares/Third_Party/FreeRTOS/Source/tasks.o
                0x0800b110                vTaskStartScheduler
 .text.vTaskSuspendAll
                0x0800b1e4       0x1c ./Middlewares/Third_Party/FreeRTOS/Source/tasks.o
                0x0800b1e4                vTaskSuspendAll
 .text.xTaskResumeAll
                0x0800b200      0x13c ./Middlewares/Third_Party/FreeRTOS/Source/tasks.o
                0x0800b200                xTaskResumeAll
 .text.xTaskIncrementTick
                0x0800b33c      0x174 ./Middlewares/Third_Party/FreeRTOS/Source/tasks.o
                0x0800b33c                xTaskIncrementTick
 .text.vTaskSwitchContext
                0x0800b4b0       0xc8 ./Middlewares/Third_Party/FreeRTOS/Source/tasks.o
                0x0800b4b0                vTaskSwitchContext
 .text.vTaskPlaceOnEventList
                0x0800b578       0x4c ./Middlewares/Third_Party/FreeRTOS/Source/tasks.o
                0x0800b578                vTaskPlaceOnEventList
 .text.xTaskRemoveFromEventList
                0x0800b5c4       0xc8 ./Middlewares/Third_Party/FreeRTOS/Source/tasks.o
                0x0800b5c4                xTaskRemoveFromEventList
 .text.vTaskInternalSetTimeOutState
                0x0800b68c       0x2c ./Middlewares/Third_Party/FreeRTOS/Source/tasks.o
                0x0800b68c                vTaskInternalSetTimeOutState
 .text.xTaskCheckForTimeOut
                0x0800b6b8       0xc8 ./Middlewares/Third_Party/FreeRTOS/Source/tasks.o
                0x0800b6b8                xTaskCheckForTimeOut
 .text.vTaskMissedYield
                0x0800b780       0x18 ./Middlewares/Third_Party/FreeRTOS/Source/tasks.o
                0x0800b780                vTaskMissedYield
 .text.prvIdleTask
                0x0800b798       0x30 ./Middlewares/Third_Party/FreeRTOS/Source/tasks.o
 .text.prvInitialiseTaskLists
                0x0800b7c8       0x80 ./Middlewares/Third_Party/FreeRTOS/Source/tasks.o
 .text.prvCheckTasksWaitingTermination
                0x0800b848       0x5c ./Middlewares/Third_Party/FreeRTOS/Source/tasks.o
 .text.prvDeleteTCB
                0x0800b8a4       0x6a ./Middlewares/Third_Party/FreeRTOS/Source/tasks.o
 *fill*         0x0800b90e        0x2 
 .text.prvResetNextTaskUnblockTime
                0x0800b910       0x40 ./Middlewares/Third_Party/FreeRTOS/Source/tasks.o
 .text.xTaskGetSchedulerState
                0x0800b950       0x3c ./Middlewares/Third_Party/FreeRTOS/Source/tasks.o
                0x0800b950                xTaskGetSchedulerState
 .text.xTaskPriorityDisinherit
                0x0800b98c      0x110 ./Middlewares/Third_Party/FreeRTOS/Source/tasks.o
                0x0800b98c                xTaskPriorityDisinherit
 .text.xTaskNotifyWait
                0x0800ba9c       0xc0 ./Middlewares/Third_Party/FreeRTOS/Source/tasks.o
                0x0800ba9c                xTaskNotifyWait
 .text.xTaskGenericNotifyFromISR
                0x0800bb5c      0x1cc ./Middlewares/Third_Party/FreeRTOS/Source/tasks.o
                0x0800bb5c                xTaskGenericNotifyFromISR
 .text.prvAddCurrentTaskToDelayedList
                0x0800bd28       0xcc ./Middlewares/Third_Party/FreeRTOS/Source/tasks.o
 .text.pxPortInitialiseStack
                0x0800bdf4       0x68 ./Middlewares/Third_Party/FreeRTOS/Source/portable/GCC/ARM_CM4F/port.o
                0x0800bdf4                pxPortInitialiseStack
 .text.prvTaskExitError
                0x0800be5c       0x5c ./Middlewares/Third_Party/FreeRTOS/Source/portable/GCC/ARM_CM4F/port.o
 *fill*         0x0800beb8        0x8 
 .text.SVC_Handler
                0x0800bec0       0x28 ./Middlewares/Third_Party/FreeRTOS/Source/portable/GCC/ARM_CM4F/port.o
                0x0800bec0                SVC_Handler
 .text.prvPortStartFirstTask
                0x0800bee8       0x28 ./Middlewares/Third_Party/FreeRTOS/Source/portable/GCC/ARM_CM4F/port.o
 .text.xPortStartScheduler
                0x0800bf10      0x148 ./Middlewares/Third_Party/FreeRTOS/Source/portable/GCC/ARM_CM4F/port.o
                0x0800bf10                xPortStartScheduler
 .text.vPortEnterCritical
                0x0800c058       0x64 ./Middlewares/Third_Party/FreeRTOS/Source/portable/GCC/ARM_CM4F/port.o
                0x0800c058                vPortEnterCritical
 .text.vPortExitCritical
                0x0800c0bc       0x54 ./Middlewares/Third_Party/FreeRTOS/Source/portable/GCC/ARM_CM4F/port.o
                0x0800c0bc                vPortExitCritical
 .text.PendSV_Handler
                0x0800c110       0x68 ./Middlewares/Third_Party/FreeRTOS/Source/portable/GCC/ARM_CM4F/port.o
                0x0800c110                PendSV_Handler
 .text.SysTick_Handler
                0x0800c178       0x44 ./Middlewares/Third_Party/FreeRTOS/Source/portable/GCC/ARM_CM4F/port.o
                0x0800c178                SysTick_Handler
 .text.vPortSetupTimerInterrupt
                0x0800c1bc       0x48 ./Middlewares/Third_Party/FreeRTOS/Source/portable/GCC/ARM_CM4F/port.o
                0x0800c1bc                vPortSetupTimerInterrupt
 .text.vPortEnableVFP
                0x0800c204       0x14 ./Middlewares/Third_Party/FreeRTOS/Source/portable/GCC/ARM_CM4F/port.o
 .text.vPortValidateInterruptPriority
                0x0800c218       0x84 ./Middlewares/Third_Party/FreeRTOS/Source/portable/GCC/ARM_CM4F/port.o
                0x0800c218                vPortValidateInterruptPriority
 .text.pvPortMalloc
                0x0800c29c      0x19c ./Middlewares/Third_Party/FreeRTOS/Source/portable/MemMang/heap_4.o
                0x0800c29c                pvPortMalloc
 .text.vPortFree
                0x0800c438       0xc8 ./Middlewares/Third_Party/FreeRTOS/Source/portable/MemMang/heap_4.o
                0x0800c438                vPortFree
 .text.prvHeapInit
                0x0800c500       0xc4 ./Middlewares/Third_Party/FreeRTOS/Source/portable/MemMang/heap_4.o
 .text.prvInsertBlockIntoFreeList
                0x0800c5c4       0xb4 ./Middlewares/Third_Party/FreeRTOS/Source/portable/MemMang/heap_4.o
 .text.snprintf
                0x0800c678       0x68 C:/ST/STM32CubeIDE_1.16.1/STM32CubeIDE/plugins/com.st.stm32cube.ide.mcu.externaltools.gnu-tools-for-stm32.12.3.rel1.win32_1.0.200.202406191623/tools/bin/../lib/gcc/arm-none-eabi/12.3.1/../../../../arm-none-eabi/lib/thumb/v7e-m+dp/hard\libc_nano.a(libc_a-snprintf.o)
                0x0800c678                sniprintf
                0x0800c678                snprintf
 .text.memset   0x0800c6e0       0x10 C:/ST/STM32CubeIDE_1.16.1/STM32CubeIDE/plugins/com.st.stm32cube.ide.mcu.externaltools.gnu-tools-for-stm32.12.3.rel1.win32_1.0.200.202406191623/tools/bin/../lib/gcc/arm-none-eabi/12.3.1/../../../../arm-none-eabi/lib/thumb/v7e-m+dp/hard\libc_nano.a(libc_a-memset.o)
                0x0800c6e0                memset
 .text.strncpy  0x0800c6f0       0x26 C:/ST/STM32CubeIDE_1.16.1/STM32CubeIDE/plugins/com.st.stm32cube.ide.mcu.externaltools.gnu-tools-for-stm32.12.3.rel1.win32_1.0.200.202406191623/tools/bin/../lib/gcc/arm-none-eabi/12.3.1/../../../../arm-none-eabi/lib/thumb/v7e-m+dp/hard\libc_nano.a(libc_a-strncpy.o)
                0x0800c6f0                strncpy
 *fill*         0x0800c716        0x2 
 .text._reclaim_reent
                0x0800c718       0xac C:/ST/STM32CubeIDE_1.16.1/STM32CubeIDE/plugins/com.st.stm32cube.ide.mcu.externaltools.gnu-tools-for-stm32.12.3.rel1.win32_1.0.200.202406191623/tools/bin/../lib/gcc/arm-none-eabi/12.3.1/../../../../arm-none-eabi/lib/thumb/v7e-m+dp/hard\libc_nano.a(libc_a-reent.o)
                0x0800c718                _reclaim_reent
 .text.__errno  0x0800c7c4        0xc C:/ST/STM32CubeIDE_1.16.1/STM32CubeIDE/plugins/com.st.stm32cube.ide.mcu.externaltools.gnu-tools-for-stm32.12.3.rel1.win32_1.0.200.202406191623/tools/bin/../lib/gcc/arm-none-eabi/12.3.1/../../../../arm-none-eabi/lib/thumb/v7e-m+dp/hard\libc_nano.a(libc_a-errno.o)
                0x0800c7c4                __errno
 .text.__libc_init_array
                0x0800c7d0       0x48 C:/ST/STM32CubeIDE_1.16.1/STM32CubeIDE/plugins/com.st.stm32cube.ide.mcu.externaltools.gnu-tools-for-stm32.12.3.rel1.win32_1.0.200.202406191623/tools/bin/../lib/gcc/arm-none-eabi/12.3.1/../../../../arm-none-eabi/lib/thumb/v7e-m+dp/hard\libc_nano.a(libc_a-init.o)
                0x0800c7d0                __libc_init_array
 .text.__retarget_lock_acquire_recursive
                0x0800c818        0x2 C:/ST/STM32CubeIDE_1.16.1/STM32CubeIDE/plugins/com.st.stm32cube.ide.mcu.externaltools.gnu-tools-for-stm32.12.3.rel1.win32_1.0.200.202406191623/tools/bin/../lib/gcc/arm-none-eabi/12.3.1/../../../../arm-none-eabi/lib/thumb/v7e-m+dp/hard\libc_nano.a(libc_a-lock.o)
                0x0800c818                __retarget_lock_acquire_recursive
 .text.__retarget_lock_release_recursive
                0x0800c81a        0x2 C:/ST/STM32CubeIDE_1.16.1/STM32CubeIDE/plugins/com.st.stm32cube.ide.mcu.externaltools.gnu-tools-for-stm32.12.3.rel1.win32_1.0.200.202406191623/tools/bin/../lib/gcc/arm-none-eabi/12.3.1/../../../../arm-none-eabi/lib/thumb/v7e-m+dp/hard\libc_nano.a(libc_a-lock.o)
                0x0800c81a                __retarget_lock_release_recursive
 .text.memcpy   0x0800c81c       0x1c C:/ST/STM32CubeIDE_1.16.1/STM32CubeIDE/plugins/com.st.stm32cube.ide.mcu.externaltools.gnu-tools-for-stm32.12.3.rel1.win32_1.0.200.202406191623/tools/bin/../lib/gcc/arm-none-eabi/12.3.1/../../../../arm-none-eabi/lib/thumb/v7e-m+dp/hard\libc_nano.a(libc_a-memcpy-stub.o)
                0x0800c81c                memcpy
 .text._free_r  0x0800c838       0x94 C:/ST/STM32CubeIDE_1.16.1/STM32CubeIDE/plugins/com.st.stm32cube.ide.mcu.externaltools.gnu-tools-for-stm32.12.3.rel1.win32_1.0.200.202406191623/tools/bin/../lib/gcc/arm-none-eabi/12.3.1/../../../../arm-none-eabi/lib/thumb/v7e-m+dp/hard\libc_nano.a(libc_a-freer.o)
                0x0800c838                _free_r
 .text.sbrk_aligned
                0x0800c8cc       0x44 C:/ST/STM32CubeIDE_1.16.1/STM32CubeIDE/plugins/com.st.stm32cube.ide.mcu.externaltools.gnu-tools-for-stm32.12.3.rel1.win32_1.0.200.202406191623/tools/bin/../lib/gcc/arm-none-eabi/12.3.1/../../../../arm-none-eabi/lib/thumb/v7e-m+dp/hard\libc_nano.a(libc_a-mallocr.o)
 .text._malloc_r
                0x0800c910      0x100 C:/ST/STM32CubeIDE_1.16.1/STM32CubeIDE/plugins/com.st.stm32cube.ide.mcu.externaltools.gnu-tools-for-stm32.12.3.rel1.win32_1.0.200.202406191623/tools/bin/../lib/gcc/arm-none-eabi/12.3.1/../../../../arm-none-eabi/lib/thumb/v7e-m+dp/hard\libc_nano.a(libc_a-mallocr.o)
                0x0800c910                _malloc_r
 .text.__malloc_lock
                0x0800ca10        0xc C:/ST/STM32CubeIDE_1.16.1/STM32CubeIDE/plugins/com.st.stm32cube.ide.mcu.externaltools.gnu-tools-for-stm32.12.3.rel1.win32_1.0.200.202406191623/tools/bin/../lib/gcc/arm-none-eabi/12.3.1/../../../../arm-none-eabi/lib/thumb/v7e-m+dp/hard\libc_nano.a(libc_a-mlock.o)
                0x0800ca10                __malloc_lock
 .text.__malloc_unlock
                0x0800ca1c        0xc C:/ST/STM32CubeIDE_1.16.1/STM32CubeIDE/plugins/com.st.stm32cube.ide.mcu.externaltools.gnu-tools-for-stm32.12.3.rel1.win32_1.0.200.202406191623/tools/bin/../lib/gcc/arm-none-eabi/12.3.1/../../../../arm-none-eabi/lib/thumb/v7e-m+dp/hard\libc_nano.a(libc_a-mlock.o)
                0x0800ca1c                __malloc_unlock
 .text.__ssputs_r
                0x0800ca28       0xb6 C:/ST/STM32CubeIDE_1.16.1/STM32CubeIDE/plugins/com.st.stm32cube.ide.mcu.externaltools.gnu-tools-for-stm32.12.3.rel1.win32_1.0.200.202406191623/tools/bin/../lib/gcc/arm-none-eabi/12.3.1/../../../../arm-none-eabi/lib/thumb/v7e-m+dp/hard\libc_nano.a(libc_a-nano-svfprintf.o)
                0x0800ca28                __ssputs_r
 *fill*         0x0800cade        0x2 
 .text._svfprintf_r
                0x0800cae0      0x1f8 C:/ST/STM32CubeIDE_1.16.1/STM32CubeIDE/plugins/com.st.stm32cube.ide.mcu.externaltools.gnu-tools-for-stm32.12.3.rel1.win32_1.0.200.202406191623/tools/bin/../lib/gcc/arm-none-eabi/12.3.1/../../../../arm-none-eabi/lib/thumb/v7e-m+dp/hard\libc_nano.a(libc_a-nano-svfprintf.o)
                0x0800cae0                _svfiprintf_r
                0x0800cae0                _svfprintf_r
 .text._printf_common
                0x0800ccd8       0xda C:/ST/STM32CubeIDE_1.16.1/STM32CubeIDE/plugins/com.st.stm32cube.ide.mcu.externaltools.gnu-tools-for-stm32.12.3.rel1.win32_1.0.200.202406191623/tools/bin/../lib/gcc/arm-none-eabi/12.3.1/../../../../arm-none-eabi/lib/thumb/v7e-m+dp/hard\libc_nano.a(libc_a-nano-vfprintf_i.o)
                0x0800ccd8                _printf_common
 *fill*         0x0800cdb2        0x2 
 .text._printf_i
                0x0800cdb4      0x240 C:/ST/STM32CubeIDE_1.16.1/STM32CubeIDE/plugins/com.st.stm32cube.ide.mcu.externaltools.gnu-tools-for-stm32.12.3.rel1.win32_1.0.200.202406191623/tools/bin/../lib/gcc/arm-none-eabi/12.3.1/../../../../arm-none-eabi/lib/thumb/v7e-m+dp/hard\libc_nano.a(libc_a-nano-vfprintf_i.o)
                0x0800cdb4                _printf_i
 .text.memmove  0x0800cff4       0x34 C:/ST/STM32CubeIDE_1.16.1/STM32CubeIDE/plugins/com.st.stm32cube.ide.mcu.externaltools.gnu-tools-for-stm32.12.3.rel1.win32_1.0.200.202406191623/tools/bin/../lib/gcc/arm-none-eabi/12.3.1/../../../../arm-none-eabi/lib/thumb/v7e-m+dp/hard\libc_nano.a(libc_a-memmove.o)
                0x0800cff4                memmove
 .text._sbrk_r  0x0800d028       0x20 C:/ST/STM32CubeIDE_1.16.1/STM32CubeIDE/plugins/com.st.stm32cube.ide.mcu.externaltools.gnu-tools-for-stm32.12.3.rel1.win32_1.0.200.202406191623/tools/bin/../lib/gcc/arm-none-eabi/12.3.1/../../../../arm-none-eabi/lib/thumb/v7e-m+dp/hard\libc_nano.a(libc_a-sbrkr.o)
                0x0800d028                _sbrk_r
 .text._realloc_r
                0x0800d048       0x5c C:/ST/STM32CubeIDE_1.16.1/STM32CubeIDE/plugins/com.st.stm32cube.ide.mcu.externaltools.gnu-tools-for-stm32.12.3.rel1.win32_1.0.200.202406191623/tools/bin/../lib/gcc/arm-none-eabi/12.3.1/../../../../arm-none-eabi/lib/thumb/v7e-m+dp/hard\libc_nano.a(libc_a-reallocr.o)
                0x0800d048                _realloc_r
 .text._malloc_usable_size_r
                0x0800d0a4       0x10 C:/ST/STM32CubeIDE_1.16.1/STM32CubeIDE/plugins/com.st.stm32cube.ide.mcu.externaltools.gnu-tools-for-stm32.12.3.rel1.win32_1.0.200.202406191623/tools/bin/../lib/gcc/arm-none-eabi/12.3.1/../../../../arm-none-eabi/lib/thumb/v7e-m+dp/hard\libc_nano.a(libc_a-msizer.o)
                0x0800d0a4                _malloc_usable_size_r
 .text.tanf     0x0800d0b4       0x58 C:/ST/STM32CubeIDE_1.16.1/STM32CubeIDE/plugins/com.st.stm32cube.ide.mcu.externaltools.gnu-tools-for-stm32.12.3.rel1.win32_1.0.200.202406191623/tools/bin/../lib/gcc/arm-none-eabi/12.3.1/../../../../arm-none-eabi/lib/thumb/v7e-m+dp/hard\libm.a(libm_a-sf_tan.o)
                0x0800d0b4                tanf
 .text.__kernel_tanf
                0x0800d10c      0x1c0 C:/ST/STM32CubeIDE_1.16.1/STM32CubeIDE/plugins/com.st.stm32cube.ide.mcu.externaltools.gnu-tools-for-stm32.12.3.rel1.win32_1.0.200.202406191623/tools/bin/../lib/gcc/arm-none-eabi/12.3.1/../../../../arm-none-eabi/lib/thumb/v7e-m+dp/hard\libm.a(libm_a-kf_tan.o)
                0x0800d10c                __kernel_tanf
 .text.__ieee754_rem_pio2f
                0x0800d2cc      0x260 C:/ST/STM32CubeIDE_1.16.1/STM32CubeIDE/plugins/com.st.stm32cube.ide.mcu.externaltools.gnu-tools-for-stm32.12.3.rel1.win32_1.0.200.202406191623/tools/bin/../lib/gcc/arm-none-eabi/12.3.1/../../../../arm-none-eabi/lib/thumb/v7e-m+dp/hard\libm.a(libm_a-ef_rem_pio2.o)
                0x0800d2cc                __ieee754_rem_pio2f
 .text.fabsf    0x0800d52c        0xe C:/ST/STM32CubeIDE_1.16.1/STM32CubeIDE/plugins/com.st.stm32cube.ide.mcu.externaltools.gnu-tools-for-stm32.12.3.rel1.win32_1.0.200.202406191623/tools/bin/../lib/gcc/arm-none-eabi/12.3.1/../../../../arm-none-eabi/lib/thumb/v7e-m+dp/hard\libm.a(libm_a-sf_fabs.o)
                0x0800d52c                fabsf
 *fill*         0x0800d53a        0x2 
 .text.__kernel_rem_pio2f
                0x0800d53c      0x4e4 C:/ST/STM32CubeIDE_1.16.1/STM32CubeIDE/plugins/com.st.stm32cube.ide.mcu.externaltools.gnu-tools-for-stm32.12.3.rel1.win32_1.0.200.202406191623/tools/bin/../lib/gcc/arm-none-eabi/12.3.1/../../../../arm-none-eabi/lib/thumb/v7e-m+dp/hard\libm.a(libm_a-kf_rem_pio2.o)
                0x0800d53c                __kernel_rem_pio2f
 .text.scalbnf  0x0800da20       0xc8 C:/ST/STM32CubeIDE_1.16.1/STM32CubeIDE/plugins/com.st.stm32cube.ide.mcu.externaltools.gnu-tools-for-stm32.12.3.rel1.win32_1.0.200.202406191623/tools/bin/../lib/gcc/arm-none-eabi/12.3.1/../../../../arm-none-eabi/lib/thumb/v7e-m+dp/hard\libm.a(libm_a-sf_scalbn.o)
                0x0800da20                scalbnf
 .text.floorf   0x0800dae8       0x88 C:/ST/STM32CubeIDE_1.16.1/STM32CubeIDE/plugins/com.st.stm32cube.ide.mcu.externaltools.gnu-tools-for-stm32.12.3.rel1.win32_1.0.200.202406191623/tools/bin/../lib/gcc/arm-none-eabi/12.3.1/../../../../arm-none-eabi/lib/thumb/v7e-m+dp/hard\libm.a(libm_a-sf_floor.o)
                0x0800dae8                floorf
 *(.glue_7)
 .glue_7        0x0800db70        0x0 linker stubs
 *(.glue_7t)
 .glue_7t       0x0800db70        0x0 linker stubs
 *(.eh_frame)
 .eh_frame      0x0800db70        0x0 C:/ST/STM32CubeIDE_1.16.1/STM32CubeIDE/plugins/com.st.stm32cube.ide.mcu.externaltools.gnu-tools-for-stm32.12.3.rel1.win32_1.0.200.202406191623/tools/bin/../lib/gcc/arm-none-eabi/12.3.1/thumb/v7e-m+dp/hard/crtbegin.o
 *(.init)
 .init          0x0800db70        0x4 C:/ST/STM32CubeIDE_1.16.1/STM32CubeIDE/plugins/com.st.stm32cube.ide.mcu.externaltools.gnu-tools-for-stm32.12.3.rel1.win32_1.0.200.202406191623/tools/bin/../lib/gcc/arm-none-eabi/12.3.1/thumb/v7e-m+dp/hard/crti.o
                0x0800db70                _init
 .init          0x0800db74        0x8 C:/ST/STM32CubeIDE_1.16.1/STM32CubeIDE/plugins/com.st.stm32cube.ide.mcu.externaltools.gnu-tools-for-stm32.12.3.rel1.win32_1.0.200.202406191623/tools/bin/../lib/gcc/arm-none-eabi/12.3.1/thumb/v7e-m+dp/hard/crtn.o
 *(.fini)
 .fini          0x0800db7c        0x4 C:/ST/STM32CubeIDE_1.16.1/STM32CubeIDE/plugins/com.st.stm32cube.ide.mcu.externaltools.gnu-tools-for-stm32.12.3.rel1.win32_1.0.200.202406191623/tools/bin/../lib/gcc/arm-none-eabi/12.3.1/thumb/v7e-m+dp/hard/crti.o
                0x0800db7c                _fini
 .fini          0x0800db80        0x8 C:/ST/STM32CubeIDE_1.16.1/STM32CubeIDE/plugins/com.st.stm32cube.ide.mcu.externaltools.gnu-tools-for-stm32.12.3.rel1.win32_1.0.200.202406191623/tools/bin/../lib/gcc/arm-none-eabi/12.3.1/thumb/v7e-m+dp/hard/crtn.o
                0x0800db88                        . = ALIGN (0x4)
                0x0800db88                        _etext = .

.vfp11_veneer   0x0800db88        0x0
 .vfp11_veneer  0x0800db88        0x0 linker stubs

.v4_bx          0x0800db88        0x0
 .v4_bx         0x0800db88        0x0 linker stubs

.iplt           0x0800db88        0x0
 .iplt          0x0800db88        0x0 C:/ST/STM32CubeIDE_1.16.1/STM32CubeIDE/plugins/com.st.stm32cube.ide.mcu.externaltools.gnu-tools-for-stm32.12.3.rel1.win32_1.0.200.202406191623/tools/bin/../lib/gcc/arm-none-eabi/12.3.1/thumb/v7e-m+dp/hard/crtbegin.o

.rodata         0x0800db88     0x10dc
                0x0800db88                        . = ALIGN (0x4)
 *(.rodata)
 .rodata        0x0800db88       0x36 ./Core/Src/UI/UI_Init.o
 *fill*         0x0800dbbe        0x2 
 .rodata        0x0800dbc0        0xc ./Core/Src/UI/UI_Update.o
 .rodata        0x0800dbcc       0x78 ./Core/Src/main.o
 .rodata        0x0800dc44        0x5 ./Middlewares/Third_Party/FreeRTOS/Source/tasks.o
 *(.rodata*)
 *fill*         0x0800dc49        0x3 
 .rodata.UI_Init_Screen
                0x0800dc4c      0x200 ./Core/Src/UI/UI_Init.o
                0x0800dc4c                UI_Init_Screen
 .rodata.UI_Main_Screen
                0x0800de4c      0x200 ./Core/Src/UI/UI_Init.o
                0x0800de4c                UI_Main_Screen
 .rodata.UI_BlankScreen
                0x0800e04c      0x200 ./Core/Src/UI/UI_Init.o
                0x0800e04c                UI_BlankScreen
 .rodata.D1CorePrescTable
                0x0800e24c       0x10 ./Core/Src/system_stm32h7xx.o
                0x0800e24c                D1CorePrescTable
 .rodata.Font6x8
                0x0800e25c      0x5f0 ./Drivers/OLED/ssd1306_fonts.o
 .rodata.Font_6x8
                0x0800e84c        0xc ./Drivers/OLED/ssd1306_fonts.o
                0x0800e84c                Font_6x8
 .rodata.flagBitshiftOffset.0
                0x0800e858        0x8 ./Drivers/STM32H7xx_HAL_Driver/Src/stm32h7xx_hal_dma.o
 .rodata._svfprintf_r.str1.1
                0x0800e860       0x11 C:/ST/STM32CubeIDE_1.16.1/STM32CubeIDE/plugins/com.st.stm32cube.ide.mcu.externaltools.gnu-tools-for-stm32.12.3.rel1.win32_1.0.200.202406191623/tools/bin/../lib/gcc/arm-none-eabi/12.3.1/../../../../arm-none-eabi/lib/thumb/v7e-m+dp/hard\libc_nano.a(libc_a-nano-svfprintf.o)
 .rodata._printf_i.str1.1
                0x0800e871       0x22 C:/ST/STM32CubeIDE_1.16.1/STM32CubeIDE/plugins/com.st.stm32cube.ide.mcu.externaltools.gnu-tools-for-stm32.12.3.rel1.win32_1.0.200.202406191623/tools/bin/../lib/gcc/arm-none-eabi/12.3.1/../../../../arm-none-eabi/lib/thumb/v7e-m+dp/hard\libc_nano.a(libc_a-nano-vfprintf_i.o)
 *fill*         0x0800e893        0x1 
 .rodata.npio2_hw
                0x0800e894       0x80 C:/ST/STM32CubeIDE_1.16.1/STM32CubeIDE/plugins/com.st.stm32cube.ide.mcu.externaltools.gnu-tools-for-stm32.12.3.rel1.win32_1.0.200.202406191623/tools/bin/../lib/gcc/arm-none-eabi/12.3.1/../../../../arm-none-eabi/lib/thumb/v7e-m+dp/hard\libm.a(libm_a-ef_rem_pio2.o)
 .rodata.two_over_pi
                0x0800e914      0x318 C:/ST/STM32CubeIDE_1.16.1/STM32CubeIDE/plugins/com.st.stm32cube.ide.mcu.externaltools.gnu-tools-for-stm32.12.3.rel1.win32_1.0.200.202406191623/tools/bin/../lib/gcc/arm-none-eabi/12.3.1/../../../../arm-none-eabi/lib/thumb/v7e-m+dp/hard\libm.a(libm_a-ef_rem_pio2.o)
 .rodata.PIo2   0x0800ec2c       0x2c C:/ST/STM32CubeIDE_1.16.1/STM32CubeIDE/plugins/com.st.stm32cube.ide.mcu.externaltools.gnu-tools-for-stm32.12.3.rel1.win32_1.0.200.202406191623/tools/bin/../lib/gcc/arm-none-eabi/12.3.1/../../../../arm-none-eabi/lib/thumb/v7e-m+dp/hard\libm.a(libm_a-kf_rem_pio2.o)
 .rodata.init_jk
                0x0800ec58        0xc C:/ST/STM32CubeIDE_1.16.1/STM32CubeIDE/plugins/com.st.stm32cube.ide.mcu.externaltools.gnu-tools-for-stm32.12.3.rel1.win32_1.0.200.202406191623/tools/bin/../lib/gcc/arm-none-eabi/12.3.1/../../../../arm-none-eabi/lib/thumb/v7e-m+dp/hard\libm.a(libm_a-kf_rem_pio2.o)
                0x0800ec64                        . = ALIGN (0x4)

.ARM.extab
 *(.ARM.extab* .gnu.linkonce.armextab.*)

.ARM            0x0800ec64        0x8
                0x0800ec64                        __exidx_start = .
 *(.ARM.exidx*)
 .ARM.exidx     0x0800ec64        0x8 C:/ST/STM32CubeIDE_1.16.1/STM32CubeIDE/plugins/com.st.stm32cube.ide.mcu.externaltools.gnu-tools-for-stm32.12.3.rel1.win32_1.0.200.202406191623/tools/bin/../lib/gcc/arm-none-eabi/12.3.1/../../../../arm-none-eabi/lib/thumb/v7e-m+dp/hard\libc_nano.a(libc_a-strlen.o)
 .ARM.exidx     0x0800ec6c        0x0 C:/ST/STM32CubeIDE_1.16.1/STM32CubeIDE/plugins/com.st.stm32cube.ide.mcu.externaltools.gnu-tools-for-stm32.12.3.rel1.win32_1.0.200.202406191623/tools/bin/../lib/gcc/arm-none-eabi/12.3.1/../../../../arm-none-eabi/lib/thumb/v7e-m+dp/hard\libc_nano.a(libc_a-memchr.o)
                                  0x8 (size before relaxing)
                0x0800ec6c                        __exidx_end = .

.preinit_array  0x0800ec6c        0x0
                0x0800ec6c                        PROVIDE (__preinit_array_start = .)
 *(.preinit_array*)
                0x0800ec6c                        PROVIDE (__preinit_array_end = .)

.init_array     0x0800ec6c        0x4
                0x0800ec6c                        PROVIDE (__init_array_start = .)
 *(SORT_BY_NAME(.init_array.*))
 *(.init_array*)
 .init_array    0x0800ec6c        0x4 C:/ST/STM32CubeIDE_1.16.1/STM32CubeIDE/plugins/com.st.stm32cube.ide.mcu.externaltools.gnu-tools-for-stm32.12.3.rel1.win32_1.0.200.202406191623/tools/bin/../lib/gcc/arm-none-eabi/12.3.1/thumb/v7e-m+dp/hard/crtbegin.o
                0x0800ec70                        PROVIDE (__init_array_end = .)

.fini_array     0x0800ec70        0x4
                [!provide]                        PROVIDE (__fini_array_start = .)
 *(SORT_BY_NAME(.fini_array.*))
 *(.fini_array*)
 .fini_array    0x0800ec70        0x4 C:/ST/STM32CubeIDE_1.16.1/STM32CubeIDE/plugins/com.st.stm32cube.ide.mcu.externaltools.gnu-tools-for-stm32.12.3.rel1.win32_1.0.200.202406191623/tools/bin/../lib/gcc/arm-none-eabi/12.3.1/thumb/v7e-m+dp/hard/crtbegin.o
                [!provide]                        PROVIDE (__fini_array_end = .)
                0x0800ec74                        _sidata = LOADADDR (.data)

.rel.dyn        0x0800ec74        0x0
 .rel.iplt      0x0800ec74        0x0 C:/ST/STM32CubeIDE_1.16.1/STM32CubeIDE/plugins/com.st.stm32cube.ide.mcu.externaltools.gnu-tools-for-stm32.12.3.rel1.win32_1.0.200.202406191623/tools/bin/../lib/gcc/arm-none-eabi/12.3.1/thumb/v7e-m+dp/hard/crtbegin.o

.data           0x24000000       0x68 load address 0x0800ec74
                0x24000000                        . = ALIGN (0x4)
                0x24000000                        _sdata = .
 *(.data)
 *(.data*)
 .data.pBufOut  0x24000000        0x4 ./Core/Src/main.o
 .data.SystemCoreClock
                0x24000004        0x4 ./Core/Src/system_stm32h7xx.o
                0x24000004                SystemCoreClock
 .data.SystemD2Clock
                0x24000008        0x4 ./Core/Src/system_stm32h7xx.o
                0x24000008                SystemD2Clock
 .data.uwTickPrio
                0x2400000c        0x4 ./Drivers/STM32H7xx_HAL_Driver/Src/stm32h7xx_hal.o
                0x2400000c                uwTickPrio
 .data.uwTickFreq
                0x24000010        0x1 ./Drivers/STM32H7xx_HAL_Driver/Src/stm32h7xx_hal.o
                0x24000010                uwTickFreq
 *fill*         0x24000011        0x3 
 .data.uxCriticalNesting
                0x24000014        0x4 ./Middlewares/Third_Party/FreeRTOS/Source/portable/GCC/ARM_CM4F/port.o
 .data._impure_ptr
                0x24000018        0x4 C:/ST/STM32CubeIDE_1.16.1/STM32CubeIDE/plugins/com.st.stm32cube.ide.mcu.externaltools.gnu-tools-for-stm32.12.3.rel1.win32_1.0.200.202406191623/tools/bin/../lib/gcc/arm-none-eabi/12.3.1/../../../../arm-none-eabi/lib/thumb/v7e-m+dp/hard\libc_nano.a(libc_a-impure.o)
                0x24000018                _impure_ptr
 .data._impure_data
                0x2400001c       0x4c C:/ST/STM32CubeIDE_1.16.1/STM32CubeIDE/plugins/com.st.stm32cube.ide.mcu.externaltools.gnu-tools-for-stm32.12.3.rel1.win32_1.0.200.202406191623/tools/bin/../lib/gcc/arm-none-eabi/12.3.1/../../../../arm-none-eabi/lib/thumb/v7e-m+dp/hard\libc_nano.a(libc_a-impure.o)
                0x2400001c                _impure_data
 *(.RamFunc)
 *(.RamFunc*)
                0x24000068                        . = ALIGN (0x4)
                0x24000068                        _edata = .

.igot.plt       0x24000068        0x0 load address 0x0800ecdc
 .igot.plt      0x24000068        0x0 C:/ST/STM32CubeIDE_1.16.1/STM32CubeIDE/plugins/com.st.stm32cube.ide.mcu.externaltools.gnu-tools-for-stm32.12.3.rel1.win32_1.0.200.202406191623/tools/bin/../lib/gcc/arm-none-eabi/12.3.1/thumb/v7e-m+dp/hard/crtbegin.o
                0x24000068                        . = ALIGN (0x4)

.bss            0x24000068     0x6458 load address 0x0800ecdc
                0x24000068                        _sbss = .
                0x24000068                        __bss_start__ = _sbss
 *(.bss)
 .bss           0x24000068       0x1c C:/ST/STM32CubeIDE_1.16.1/STM32CubeIDE/plugins/com.st.stm32cube.ide.mcu.externaltools.gnu-tools-for-stm32.12.3.rel1.win32_1.0.200.202406191623/tools/bin/../lib/gcc/arm-none-eabi/12.3.1/thumb/v7e-m+dp/hard/crtbegin.o
 *(.bss*)
 .bss.LPF       0x24000084       0x10 ./Core/Src/DSP/DSP_Init.o
                0x24000084                LPF
 .bss.gPitch    0x24000094      0xfb0 ./Core/Src/DSP/DSP_Init.o
                0x24000094                gPitch
 .bss.hpf_300   0x24001044       0x34 ./Core/Src/DSP/DSP_Init.o
                0x24001044                hpf_300
 .bss.UI_state  0x24001078      0x180 ./Core/Src/UI/UI_Init.o
                0x24001078                UI_state
 .bss.xIdleTaskTCBBuffer
                0x240011f8       0xa0 ./Core/Src/freertos.o
 .bss.xIdleStack
                0x24001298      0x200 ./Core/Src/freertos.o
 .bss.hi2c4     0x24001498       0x54 ./Core/Src/main.o
                0x24001498                hi2c4
 .bss.hi2s3     0x240014ec       0x54 ./Core/Src/main.o
                0x240014ec                hi2s3
 .bss.hdma_spi3_rx
                0x24001540       0x78 ./Core/Src/main.o
                0x24001540                hdma_spi3_rx
 .bss.hdma_spi3_tx
                0x240015b8       0x78 ./Core/Src/main.o
                0x240015b8                hdma_spi3_tx
 .bss.hqspi     0x24001630       0x4c ./Core/Src/main.o
                0x24001630                hqspi
 .bss.htim3     0x2400167c       0x4c ./Core/Src/main.o
                0x2400167c                htim3
 .bss.hpcd_USB_OTG_HS
                0x240016c8      0x4e4 ./Core/Src/main.o
                0x240016c8                hpcd_USB_OTG_HS
 .bss.defaultTaskHandle
                0x24001bac        0x4 ./Core/Src/main.o
                0x24001bac                defaultTaskHandle
 .bss.UITaskHandle
                0x24001bb0        0x4 ./Core/Src/main.o
                0x24001bb0                UITaskHandle
 .bss.AudioProcTaskHandle
                0x24001bb4        0x4 ./Core/Src/main.o
                0x24001bb4                AudioProcTaskHandle
 .bss.xUserInputEvent
                0x24001bb8        0x4 ./Core/Src/main.o
                0x24001bb8                xUserInputEvent
 .bss.currTime  0x24001bbc        0x4 ./Core/Src/main.o
                0x24001bbc                currTime
 .bss.prevTime  0x24001bc0        0x4 ./Core/Src/main.o
                0x24001bc0                prevTime
 .bss.adcData   0x24001bc4      0x400 ./Core/Src/main.o
                0x24001bc4                adcData
 .bss.dacData   0x24001fc4      0x400 ./Core/Src/main.o
                0x24001fc4                dacData
 .bss.pBufIn    0x240023c4        0x4 ./Core/Src/main.o
 .bss.htim1     0x240023c8       0x4c ./Core/Src/stm32h7xx_hal_timebase_tim.o
                0x240023c8                htim1
 .bss.__sbrk_heap_end
                0x24002414        0x4 ./Core/Src/sysmem.o
 .bss.SSD1306_Buffer
                0x24002418      0x200 ./Drivers/OLED/ssd1306.o
 .bss.SSD1306   0x24002618        0x6 ./Drivers/OLED/ssd1306.o
 *fill*         0x2400261e        0x2 
 .bss.uwTick    0x24002620        0x4 ./Drivers/STM32H7xx_HAL_Driver/Src/stm32h7xx_hal.o
                0x24002620                uwTick
 .bss.pxCurrentTCB
                0x24002624        0x4 ./Middlewares/Third_Party/FreeRTOS/Source/tasks.o
                0x24002624                pxCurrentTCB
 .bss.pxReadyTasksLists
                0x24002628       0x8c ./Middlewares/Third_Party/FreeRTOS/Source/tasks.o
 .bss.xDelayedTaskList1
                0x240026b4       0x14 ./Middlewares/Third_Party/FreeRTOS/Source/tasks.o
 .bss.xDelayedTaskList2
                0x240026c8       0x14 ./Middlewares/Third_Party/FreeRTOS/Source/tasks.o
 .bss.pxDelayedTaskList
                0x240026dc        0x4 ./Middlewares/Third_Party/FreeRTOS/Source/tasks.o
 .bss.pxOverflowDelayedTaskList
                0x240026e0        0x4 ./Middlewares/Third_Party/FreeRTOS/Source/tasks.o
 .bss.xPendingReadyList
                0x240026e4       0x14 ./Middlewares/Third_Party/FreeRTOS/Source/tasks.o
 .bss.xTasksWaitingTermination
                0x240026f8       0x14 ./Middlewares/Third_Party/FreeRTOS/Source/tasks.o
 .bss.uxDeletedTasksWaitingCleanUp
                0x2400270c        0x4 ./Middlewares/Third_Party/FreeRTOS/Source/tasks.o
 .bss.xSuspendedTaskList
                0x24002710       0x14 ./Middlewares/Third_Party/FreeRTOS/Source/tasks.o
 .bss.uxCurrentNumberOfTasks
                0x24002724        0x4 ./Middlewares/Third_Party/FreeRTOS/Source/tasks.o
 .bss.xTickCount
                0x24002728        0x4 ./Middlewares/Third_Party/FreeRTOS/Source/tasks.o
 .bss.uxTopReadyPriority
                0x2400272c        0x4 ./Middlewares/Third_Party/FreeRTOS/Source/tasks.o
 .bss.xSchedulerRunning
                0x24002730        0x4 ./Middlewares/Third_Party/FreeRTOS/Source/tasks.o
 .bss.xPendedTicks
                0x24002734        0x4 ./Middlewares/Third_Party/FreeRTOS/Source/tasks.o
 .bss.xYieldPending
                0x24002738        0x4 ./Middlewares/Third_Party/FreeRTOS/Source/tasks.o
 .bss.xNumOfOverflows
                0x2400273c        0x4 ./Middlewares/Third_Party/FreeRTOS/Source/tasks.o
 .bss.uxTaskNumber
                0x24002740        0x4 ./Middlewares/Third_Party/FreeRTOS/Source/tasks.o
 .bss.xNextTaskUnblockTime
                0x24002744        0x4 ./Middlewares/Third_Party/FreeRTOS/Source/tasks.o
 .bss.xIdleTaskHandle
                0x24002748        0x4 ./Middlewares/Third_Party/FreeRTOS/Source/tasks.o
 .bss.uxSchedulerSuspended
                0x2400274c        0x4 ./Middlewares/Third_Party/FreeRTOS/Source/tasks.o
 .bss.ucMaxSysCallPriority
                0x24002750        0x1 ./Middlewares/Third_Party/FreeRTOS/Source/portable/GCC/ARM_CM4F/port.o
 *fill*         0x24002751        0x3 
 .bss.ulMaxPRIGROUPValue
                0x24002754        0x4 ./Middlewares/Third_Party/FreeRTOS/Source/portable/GCC/ARM_CM4F/port.o
 .bss.ucHeap    0x24002758     0x3c00 ./Middlewares/Third_Party/FreeRTOS/Source/portable/MemMang/heap_4.o
 .bss.xStart    0x24006358        0x8 ./Middlewares/Third_Party/FreeRTOS/Source/portable/MemMang/heap_4.o
 .bss.pxEnd     0x24006360        0x4 ./Middlewares/Third_Party/FreeRTOS/Source/portable/MemMang/heap_4.o
 .bss.xFreeBytesRemaining
                0x24006364        0x4 ./Middlewares/Third_Party/FreeRTOS/Source/portable/MemMang/heap_4.o
 .bss.xMinimumEverFreeBytesRemaining
                0x24006368        0x4 ./Middlewares/Third_Party/FreeRTOS/Source/portable/MemMang/heap_4.o
 .bss.xNumberOfSuccessfulAllocations
                0x2400636c        0x4 ./Middlewares/Third_Party/FreeRTOS/Source/portable/MemMang/heap_4.o
 .bss.xNumberOfSuccessfulFrees
                0x24006370        0x4 ./Middlewares/Third_Party/FreeRTOS/Source/portable/MemMang/heap_4.o
 .bss.xBlockAllocatedBit
                0x24006374        0x4 ./Middlewares/Third_Party/FreeRTOS/Source/portable/MemMang/heap_4.o
 .bss.__sf      0x24006378      0x138 C:/ST/STM32CubeIDE_1.16.1/STM32CubeIDE/plugins/com.st.stm32cube.ide.mcu.externaltools.gnu-tools-for-stm32.12.3.rel1.win32_1.0.200.202406191623/tools/bin/../lib/gcc/arm-none-eabi/12.3.1/../../../../arm-none-eabi/lib/thumb/v7e-m+dp/hard\libc_nano.a(libc_a-findfp.o)
                0x24006378                __sf
 .bss.errno     0x240064b0        0x4 C:/ST/STM32CubeIDE_1.16.1/STM32CubeIDE/plugins/com.st.stm32cube.ide.mcu.externaltools.gnu-tools-for-stm32.12.3.rel1.win32_1.0.200.202406191623/tools/bin/../lib/gcc/arm-none-eabi/12.3.1/../../../../arm-none-eabi/lib/thumb/v7e-m+dp/hard\libc_nano.a(libc_a-reent.o)
                0x240064b0                errno
 .bss.__lock___malloc_recursive_mutex
                0x240064b4        0x1 C:/ST/STM32CubeIDE_1.16.1/STM32CubeIDE/plugins/com.st.stm32cube.ide.mcu.externaltools.gnu-tools-for-stm32.12.3.rel1.win32_1.0.200.202406191623/tools/bin/../lib/gcc/arm-none-eabi/12.3.1/../../../../arm-none-eabi/lib/thumb/v7e-m+dp/hard\libc_nano.a(libc_a-lock.o)
                0x240064b4                __lock___malloc_recursive_mutex
 *fill*         0x240064b5        0x3 
 .bss.__malloc_sbrk_start
                0x240064b8        0x4 C:/ST/STM32CubeIDE_1.16.1/STM32CubeIDE/plugins/com.st.stm32cube.ide.mcu.externaltools.gnu-tools-for-stm32.12.3.rel1.win32_1.0.200.202406191623/tools/bin/../lib/gcc/arm-none-eabi/12.3.1/../../../../arm-none-eabi/lib/thumb/v7e-m+dp/hard\libc_nano.a(libc_a-mallocr.o)
                0x240064b8                __malloc_sbrk_start
 .bss.__malloc_free_list
                0x240064bc        0x4 C:/ST/STM32CubeIDE_1.16.1/STM32CubeIDE/plugins/com.st.stm32cube.ide.mcu.externaltools.gnu-tools-for-stm32.12.3.rel1.win32_1.0.200.202406191623/tools/bin/../lib/gcc/arm-none-eabi/12.3.1/../../../../arm-none-eabi/lib/thumb/v7e-m+dp/hard\libc_nano.a(libc_a-mallocr.o)
                0x240064bc                __malloc_free_list
 *(COMMON)
                0x240064c0                        . = ALIGN (0x4)
                0x240064c0                        _ebss = .
                0x240064c0                        __bss_end__ = _ebss

._user_heap_stack
                0x240064c0      0x600 load address 0x0800ecdc
                0x240064c0                        . = ALIGN (0x8)
                [!provide]                        PROVIDE (end = .)
                0x240064c0                        PROVIDE (_end = .)
                0x240066c0                        . = (. + _Min_Heap_Size)
 *fill*         0x240064c0      0x200 
                0x24006ac0                        . = (. + _Min_Stack_Size)
 *fill*         0x240066c0      0x400 
                0x24006ac0                        . = ALIGN (0x8)

/DISCARD/
 libc.a(*)
 libm.a(*)
 libgcc.a(*)

.ARM.attributes
                0x00000000       0x2e
 *(.ARM.attributes)
 .ARM.attributes
                0x00000000       0x20 C:/ST/STM32CubeIDE_1.16.1/STM32CubeIDE/plugins/com.st.stm32cube.ide.mcu.externaltools.gnu-tools-for-stm32.12.3.rel1.win32_1.0.200.202406191623/tools/bin/../lib/gcc/arm-none-eabi/12.3.1/thumb/v7e-m+dp/hard/crti.o
 .ARM.attributes
                0x00000020       0x32 C:/ST/STM32CubeIDE_1.16.1/STM32CubeIDE/plugins/com.st.stm32cube.ide.mcu.externaltools.gnu-tools-for-stm32.12.3.rel1.win32_1.0.200.202406191623/tools/bin/../lib/gcc/arm-none-eabi/12.3.1/thumb/v7e-m+dp/hard/crtbegin.o
 .ARM.attributes
                0x00000052       0x32 ./Core/Src/DSP/DSP_IIR_HPF.o
 .ARM.attributes
                0x00000084       0x32 ./Core/Src/DSP/DSP_IIR_LPF.o
 .ARM.attributes
                0x000000b6       0x32 ./Core/Src/DSP/DSP_Init.o
 .ARM.attributes
                0x000000e8       0x32 ./Core/Src/DSP/DSP_Shifter.o
 .ARM.attributes
                0x0000011a       0x32 ./Core/Src/UI/UI_Init.o
 .ARM.attributes
                0x0000014c       0x32 ./Core/Src/UI/UI_Update.o
 .ARM.attributes
                0x0000017e       0x32 ./Core/Src/freertos.o
 .ARM.attributes
                0x000001b0       0x32 ./Core/Src/main.o
 .ARM.attributes
                0x000001e2       0x32 ./Core/Src/stm32h7xx_hal_msp.o
 .ARM.attributes
                0x00000214       0x32 ./Core/Src/stm32h7xx_hal_timebase_tim.o
 .ARM.attributes
                0x00000246       0x32 ./Core/Src/stm32h7xx_it.o
 .ARM.attributes
                0x00000278       0x32 ./Core/Src/sysmem.o
 .ARM.attributes
                0x000002aa       0x32 ./Core/Src/system_stm32h7xx.o
 .ARM.attributes
                0x000002dc       0x21 ./Core/Startup/startup_stm32h750vbtx.o
 .ARM.attributes
                0x000002fd       0x32 ./Drivers/OLED/ssd1306.o
 .ARM.attributes
                0x0000032f       0x32 ./Drivers/OLED/ssd1306_fonts.o
 .ARM.attributes
                0x00000361       0x32 ./Drivers/STM32H7xx_HAL_Driver/Src/stm32h7xx_hal.o
 .ARM.attributes
                0x00000393       0x32 ./Drivers/STM32H7xx_HAL_Driver/Src/stm32h7xx_hal_cortex.o
 .ARM.attributes
                0x000003c5       0x32 ./Drivers/STM32H7xx_HAL_Driver/Src/stm32h7xx_hal_dma.o
 .ARM.attributes
                0x000003f7       0x32 ./Drivers/STM32H7xx_HAL_Driver/Src/stm32h7xx_hal_gpio.o
 .ARM.attributes
                0x00000429       0x32 ./Drivers/STM32H7xx_HAL_Driver/Src/stm32h7xx_hal_i2c.o
 .ARM.attributes
                0x0000045b       0x32 ./Drivers/STM32H7xx_HAL_Driver/Src/stm32h7xx_hal_i2c_ex.o
 .ARM.attributes
                0x0000048d       0x32 ./Drivers/STM32H7xx_HAL_Driver/Src/stm32h7xx_hal_i2s.o
 .ARM.attributes
                0x000004bf       0x32 ./Drivers/STM32H7xx_HAL_Driver/Src/stm32h7xx_hal_pcd.o
 .ARM.attributes
                0x000004f1       0x32 ./Drivers/STM32H7xx_HAL_Driver/Src/stm32h7xx_hal_pcd_ex.o
 .ARM.attributes
                0x00000523       0x32 ./Drivers/STM32H7xx_HAL_Driver/Src/stm32h7xx_hal_pwr_ex.o
 .ARM.attributes
                0x00000555       0x32 ./Drivers/STM32H7xx_HAL_Driver/Src/stm32h7xx_hal_qspi.o
 .ARM.attributes
                0x00000587       0x32 ./Drivers/STM32H7xx_HAL_Driver/Src/stm32h7xx_hal_rcc.o
 .ARM.attributes
                0x000005b9       0x32 ./Drivers/STM32H7xx_HAL_Driver/Src/stm32h7xx_hal_rcc_ex.o
 .ARM.attributes
                0x000005eb       0x32 ./Drivers/STM32H7xx_HAL_Driver/Src/stm32h7xx_hal_tim.o
 .ARM.attributes
                0x0000061d       0x32 ./Drivers/STM32H7xx_HAL_Driver/Src/stm32h7xx_hal_tim_ex.o
 .ARM.attributes
                0x0000064f       0x32 ./Drivers/STM32H7xx_HAL_Driver/Src/stm32h7xx_ll_usb.o
 .ARM.attributes
                0x00000681       0x32 ./Middlewares/Third_Party/FreeRTOS/Source/CMSIS_RTOS/cmsis_os.o
 .ARM.attributes
                0x000006b3       0x32 ./Middlewares/Third_Party/FreeRTOS/Source/list.o
 .ARM.attributes
                0x000006e5       0x32 ./Middlewares/Third_Party/FreeRTOS/Source/queue.o
 .ARM.attributes
                0x00000717       0x32 ./Middlewares/Third_Party/FreeRTOS/Source/tasks.o
 .ARM.attributes
                0x00000749       0x32 ./Middlewares/Third_Party/FreeRTOS/Source/portable/GCC/ARM_CM4F/port.o
 .ARM.attributes
                0x0000077b       0x32 ./Middlewares/Third_Party/FreeRTOS/Source/portable/MemMang/heap_4.o
 .ARM.attributes
                0x000007ad       0x32 C:/ST/STM32CubeIDE_1.16.1/STM32CubeIDE/plugins/com.st.stm32cube.ide.mcu.externaltools.gnu-tools-for-stm32.12.3.rel1.win32_1.0.200.202406191623/tools/bin/../lib/gcc/arm-none-eabi/12.3.1/../../../../arm-none-eabi/lib/thumb/v7e-m+dp/hard\libc_nano.a(libc_a-findfp.o)
 .ARM.attributes
                0x000007df       0x32 C:/ST/STM32CubeIDE_1.16.1/STM32CubeIDE/plugins/com.st.stm32cube.ide.mcu.externaltools.gnu-tools-for-stm32.12.3.rel1.win32_1.0.200.202406191623/tools/bin/../lib/gcc/arm-none-eabi/12.3.1/../../../../arm-none-eabi/lib/thumb/v7e-m+dp/hard\libc_nano.a(libc_a-snprintf.o)
 .ARM.attributes
                0x00000811       0x32 C:/ST/STM32CubeIDE_1.16.1/STM32CubeIDE/plugins/com.st.stm32cube.ide.mcu.externaltools.gnu-tools-for-stm32.12.3.rel1.win32_1.0.200.202406191623/tools/bin/../lib/gcc/arm-none-eabi/12.3.1/../../../../arm-none-eabi/lib/thumb/v7e-m+dp/hard\libc_nano.a(libc_a-memset.o)
 .ARM.attributes
                0x00000843       0x32 C:/ST/STM32CubeIDE_1.16.1/STM32CubeIDE/plugins/com.st.stm32cube.ide.mcu.externaltools.gnu-tools-for-stm32.12.3.rel1.win32_1.0.200.202406191623/tools/bin/../lib/gcc/arm-none-eabi/12.3.1/../../../../arm-none-eabi/lib/thumb/v7e-m+dp/hard\libc_nano.a(libc_a-strncpy.o)
 .ARM.attributes
                0x00000875       0x32 C:/ST/STM32CubeIDE_1.16.1/STM32CubeIDE/plugins/com.st.stm32cube.ide.mcu.externaltools.gnu-tools-for-stm32.12.3.rel1.win32_1.0.200.202406191623/tools/bin/../lib/gcc/arm-none-eabi/12.3.1/../../../../arm-none-eabi/lib/thumb/v7e-m+dp/hard\libc_nano.a(libc_a-reent.o)
 .ARM.attributes
                0x000008a7       0x32 C:/ST/STM32CubeIDE_1.16.1/STM32CubeIDE/plugins/com.st.stm32cube.ide.mcu.externaltools.gnu-tools-for-stm32.12.3.rel1.win32_1.0.200.202406191623/tools/bin/../lib/gcc/arm-none-eabi/12.3.1/../../../../arm-none-eabi/lib/thumb/v7e-m+dp/hard\libc_nano.a(libc_a-impure.o)
 .ARM.attributes
                0x000008d9       0x32 C:/ST/STM32CubeIDE_1.16.1/STM32CubeIDE/plugins/com.st.stm32cube.ide.mcu.externaltools.gnu-tools-for-stm32.12.3.rel1.win32_1.0.200.202406191623/tools/bin/../lib/gcc/arm-none-eabi/12.3.1/../../../../arm-none-eabi/lib/thumb/v7e-m+dp/hard\libc_nano.a(libc_a-errno.o)
 .ARM.attributes
                0x0000090b       0x32 C:/ST/STM32CubeIDE_1.16.1/STM32CubeIDE/plugins/com.st.stm32cube.ide.mcu.externaltools.gnu-tools-for-stm32.12.3.rel1.win32_1.0.200.202406191623/tools/bin/../lib/gcc/arm-none-eabi/12.3.1/../../../../arm-none-eabi/lib/thumb/v7e-m+dp/hard\libc_nano.a(libc_a-init.o)
 .ARM.attributes
                0x0000093d       0x32 C:/ST/STM32CubeIDE_1.16.1/STM32CubeIDE/plugins/com.st.stm32cube.ide.mcu.externaltools.gnu-tools-for-stm32.12.3.rel1.win32_1.0.200.202406191623/tools/bin/../lib/gcc/arm-none-eabi/12.3.1/../../../../arm-none-eabi/lib/thumb/v7e-m+dp/hard\libc_nano.a(libc_a-lock.o)
 .ARM.attributes
                0x0000096f       0x32 C:/ST/STM32CubeIDE_1.16.1/STM32CubeIDE/plugins/com.st.stm32cube.ide.mcu.externaltools.gnu-tools-for-stm32.12.3.rel1.win32_1.0.200.202406191623/tools/bin/../lib/gcc/arm-none-eabi/12.3.1/../../../../arm-none-eabi/lib/thumb/v7e-m+dp/hard\libc_nano.a(libc_a-memcpy-stub.o)
 .ARM.attributes
                0x000009a1       0x17 C:/ST/STM32CubeIDE_1.16.1/STM32CubeIDE/plugins/com.st.stm32cube.ide.mcu.externaltools.gnu-tools-for-stm32.12.3.rel1.win32_1.0.200.202406191623/tools/bin/../lib/gcc/arm-none-eabi/12.3.1/../../../../arm-none-eabi/lib/thumb/v7e-m+dp/hard\libc_nano.a(libc_a-strlen.o)
 .ARM.attributes
                0x000009b8       0x32 C:/ST/STM32CubeIDE_1.16.1/STM32CubeIDE/plugins/com.st.stm32cube.ide.mcu.externaltools.gnu-tools-for-stm32.12.3.rel1.win32_1.0.200.202406191623/tools/bin/../lib/gcc/arm-none-eabi/12.3.1/../../../../arm-none-eabi/lib/thumb/v7e-m+dp/hard\libc_nano.a(libc_a-freer.o)
 .ARM.attributes
                0x000009ea       0x32 C:/ST/STM32CubeIDE_1.16.1/STM32CubeIDE/plugins/com.st.stm32cube.ide.mcu.externaltools.gnu-tools-for-stm32.12.3.rel1.win32_1.0.200.202406191623/tools/bin/../lib/gcc/arm-none-eabi/12.3.1/../../../../arm-none-eabi/lib/thumb/v7e-m+dp/hard\libc_nano.a(libc_a-mallocr.o)
 .ARM.attributes
                0x00000a1c       0x32 C:/ST/STM32CubeIDE_1.16.1/STM32CubeIDE/plugins/com.st.stm32cube.ide.mcu.externaltools.gnu-tools-for-stm32.12.3.rel1.win32_1.0.200.202406191623/tools/bin/../lib/gcc/arm-none-eabi/12.3.1/../../../../arm-none-eabi/lib/thumb/v7e-m+dp/hard\libc_nano.a(libc_a-mlock.o)
 .ARM.attributes
                0x00000a4e       0x32 C:/ST/STM32CubeIDE_1.16.1/STM32CubeIDE/plugins/com.st.stm32cube.ide.mcu.externaltools.gnu-tools-for-stm32.12.3.rel1.win32_1.0.200.202406191623/tools/bin/../lib/gcc/arm-none-eabi/12.3.1/../../../../arm-none-eabi/lib/thumb/v7e-m+dp/hard\libc_nano.a(libc_a-nano-svfprintf.o)
 .ARM.attributes
                0x00000a80       0x32 C:/ST/STM32CubeIDE_1.16.1/STM32CubeIDE/plugins/com.st.stm32cube.ide.mcu.externaltools.gnu-tools-for-stm32.12.3.rel1.win32_1.0.200.202406191623/tools/bin/../lib/gcc/arm-none-eabi/12.3.1/../../../../arm-none-eabi/lib/thumb/v7e-m+dp/hard\libc_nano.a(libc_a-nano-vfprintf_i.o)
 .ARM.attributes
                0x00000ab2       0x32 C:/ST/STM32CubeIDE_1.16.1/STM32CubeIDE/plugins/com.st.stm32cube.ide.mcu.externaltools.gnu-tools-for-stm32.12.3.rel1.win32_1.0.200.202406191623/tools/bin/../lib/gcc/arm-none-eabi/12.3.1/../../../../arm-none-eabi/lib/thumb/v7e-m+dp/hard\libc_nano.a(libc_a-memmove.o)
 .ARM.attributes
                0x00000ae4       0x32 C:/ST/STM32CubeIDE_1.16.1/STM32CubeIDE/plugins/com.st.stm32cube.ide.mcu.externaltools.gnu-tools-for-stm32.12.3.rel1.win32_1.0.200.202406191623/tools/bin/../lib/gcc/arm-none-eabi/12.3.1/../../../../arm-none-eabi/lib/thumb/v7e-m+dp/hard\libc_nano.a(libc_a-sbrkr.o)
 .ARM.attributes
                0x00000b16       0x1c C:/ST/STM32CubeIDE_1.16.1/STM32CubeIDE/plugins/com.st.stm32cube.ide.mcu.externaltools.gnu-tools-for-stm32.12.3.rel1.win32_1.0.200.202406191623/tools/bin/../lib/gcc/arm-none-eabi/12.3.1/../../../../arm-none-eabi/lib/thumb/v7e-m+dp/hard\libc_nano.a(libc_a-memchr.o)
 .ARM.attributes
                0x00000b32       0x32 C:/ST/STM32CubeIDE_1.16.1/STM32CubeIDE/plugins/com.st.stm32cube.ide.mcu.externaltools.gnu-tools-for-stm32.12.3.rel1.win32_1.0.200.202406191623/tools/bin/../lib/gcc/arm-none-eabi/12.3.1/../../../../arm-none-eabi/lib/thumb/v7e-m+dp/hard\libc_nano.a(libc_a-reallocr.o)
 .ARM.attributes
                0x00000b64       0x32 C:/ST/STM32CubeIDE_1.16.1/STM32CubeIDE/plugins/com.st.stm32cube.ide.mcu.externaltools.gnu-tools-for-stm32.12.3.rel1.win32_1.0.200.202406191623/tools/bin/../lib/gcc/arm-none-eabi/12.3.1/../../../../arm-none-eabi/lib/thumb/v7e-m+dp/hard\libc_nano.a(libc_a-msizer.o)
 .ARM.attributes
                0x00000b96       0x32 C:/ST/STM32CubeIDE_1.16.1/STM32CubeIDE/plugins/com.st.stm32cube.ide.mcu.externaltools.gnu-tools-for-stm32.12.3.rel1.win32_1.0.200.202406191623/tools/bin/../lib/gcc/arm-none-eabi/12.3.1/../../../../arm-none-eabi/lib/thumb/v7e-m+dp/hard\libm.a(libm_a-sf_tan.o)
 .ARM.attributes
                0x00000bc8       0x32 C:/ST/STM32CubeIDE_1.16.1/STM32CubeIDE/plugins/com.st.stm32cube.ide.mcu.externaltools.gnu-tools-for-stm32.12.3.rel1.win32_1.0.200.202406191623/tools/bin/../lib/gcc/arm-none-eabi/12.3.1/../../../../arm-none-eabi/lib/thumb/v7e-m+dp/hard\libm.a(libm_a-kf_tan.o)
 .ARM.attributes
                0x00000bfa       0x32 C:/ST/STM32CubeIDE_1.16.1/STM32CubeIDE/plugins/com.st.stm32cube.ide.mcu.externaltools.gnu-tools-for-stm32.12.3.rel1.win32_1.0.200.202406191623/tools/bin/../lib/gcc/arm-none-eabi/12.3.1/../../../../arm-none-eabi/lib/thumb/v7e-m+dp/hard\libm.a(libm_a-ef_rem_pio2.o)
 .ARM.attributes
                0x00000c2c       0x32 C:/ST/STM32CubeIDE_1.16.1/STM32CubeIDE/plugins/com.st.stm32cube.ide.mcu.externaltools.gnu-tools-for-stm32.12.3.rel1.win32_1.0.200.202406191623/tools/bin/../lib/gcc/arm-none-eabi/12.3.1/../../../../arm-none-eabi/lib/thumb/v7e-m+dp/hard\libm.a(libm_a-sf_fabs.o)
 .ARM.attributes
                0x00000c5e       0x32 C:/ST/STM32CubeIDE_1.16.1/STM32CubeIDE/plugins/com.st.stm32cube.ide.mcu.externaltools.gnu-tools-for-stm32.12.3.rel1.win32_1.0.200.202406191623/tools/bin/../lib/gcc/arm-none-eabi/12.3.1/../../../../arm-none-eabi/lib/thumb/v7e-m+dp/hard\libm.a(libm_a-kf_rem_pio2.o)
 .ARM.attributes
                0x00000c90       0x32 C:/ST/STM32CubeIDE_1.16.1/STM32CubeIDE/plugins/com.st.stm32cube.ide.mcu.externaltools.gnu-tools-for-stm32.12.3.rel1.win32_1.0.200.202406191623/tools/bin/../lib/gcc/arm-none-eabi/12.3.1/../../../../arm-none-eabi/lib/thumb/v7e-m+dp/hard\libm.a(libm_a-sf_scalbn.o)
 .ARM.attributes