../Core/Src/main.c:104:6:HAL_I2SEx_TxRxHalfCpltCallback	32	static,ignoring_inline_asm
../Core/Src/main.c:119:6:HAL_I2SEx_TxRxCpltCallback	32	static,ignoring_inline_asm
../Core/Src/main.c:140:5:main	104	static
../Core/Src/main.c:233:6:SystemClock_Config	120	static
../Core/Src/main.c:297:13:MX_I2C4_Init	8	static
../Core/Src/main.c:345:13:MX_I2S3_Init	8	static
../Core/Src/main.c:381:13:MX_QUADSPI_Init	8	static
../Core/Src/main.c:416:13:MX_TIM3_Init	56	static
../Core/Src/main.c:465:13:MX_USB_OTG_HS_PCD_Init	8	static
../Core/Src/main.c:499:13:MX_DMA_Init	16	static
../Core/Src/main.c:520:13:MX_GPIO_Init	56	static
../Core/Src/main.c:570:6:HAL_GPIO_EXTI_Callback	24	static,ignoring_inline_asm
../Core/Src/main.c:596:6:StartDefaultTask	16	static
../Core/Src/main.c:614:6:StartUITask	32	static
../Core/Src/main.c:676:6:StartAudioProcTask	40	static
../Core/Src/main.c:714:6:MPU_Config	24	static
../Core/Src/main.c:749:6:HAL_TIM_PeriodElapsedCallback	16	static
../Core/Src/main.c:766:6:Error_Handler	4	static,ignoring_inline_asm
