17:59:26 **** Incremental Build of configuration Debug for project HuzDSPV1 ****
make -j12 all 
arm-none-eabi-gcc "../Core/Src/main.c" -mcpu=cortex-m7 -std=gnu11 -g3 -DDEBUG -DUSE_HAL_DRIVER -DSTM32H750xx -c -I../Core/Inc -I../Drivers/STM32H7xx_HAL_Driver/Inc -I../Drivers/STM32H7xx_HAL_Driver/Inc/Legacy -I../Drivers/CMSIS/Device/ST/STM32H7xx/Include -I../Drivers/CMSIS/Include -I../Middlewares/Third_Party/FreeRTOS/Source/include -I../Middlewares/Third_Party/FreeRTOS/Source/CMSIS_RTOS -I../Middlewares/Third_Party/FreeRTOS/Source/portable/GCC/ARM_CM4F -I"C:/Users/Huzaifa/Documents/firmware/DSP/HuzDSPV1/Drivers/OLED" -O0 -ffunction-sections -fdata-sections -Wall -fstack-usage -fcyclomatic-complexity -MMD -MP -MF"Core/Src/main.d" -MT"Core/Src/main.o" --specs=nano.specs -mfpu=fpv5-d16 -mfloat-abi=hard -mthumb -o "Core/Src/main.o"
arm-none-eabi-gcc -o "HuzDSPV1.elf" @"objects.list"   -mcpu=cortex-m7 -T"C:\Users\Huzaifa\Documents\firmware\DSP\HuzDSPV1\STM32H750VBTX_FLASH.ld" --specs=nosys.specs -Wl,-Map="HuzDSPV1.map" -Wl,--gc-sections -static --specs=nano.specs -mfpu=fpv5-d16 -mfloat-abi=hard -mthumb -Wl,--start-group -lc -lm -Wl,--end-group
Finished building target: HuzDSPV1.elf
 
arm-none-eabi-size  HuzDSPV1.elf 
arm-none-eabi-objdump -h -S HuzDSPV1.elf  > "HuzDSPV1.list"
   text	   data	    bss	    dec	    hex	filename
  54816	    104	  22128	  77048	  12cf8	HuzDSPV1.elf
Finished building: default.size.stdout
 
Finished building: HuzDSPV1.list
 
