15:29:47 **** Incremental Build of configuration Debug for project HuzDSPV1 ****
make -j12 all 
arm-none-eabi-gcc "../Core/Src/UI/UI_Init.c" -mcpu=cortex-m7 -std=gnu11 -g3 -DDEBUG -DUSE_HAL_DRIVER -DSTM32H750xx -c -I../Core/Inc -I../Drivers/STM32H7xx_HAL_Driver/Inc -I../Drivers/STM32H7xx_HAL_Driver/Inc/Legacy -I../Drivers/CMSIS/Device/ST/STM32H7xx/Include -I../Drivers/CMSIS/Include -I../Middlewares/Third_Party/FreeRTOS/Source/include -I../Middlewares/Third_Party/FreeRTOS/Source/CMSIS_RTOS -I../Middlewares/Third_Party/FreeRTOS/Source/portable/GCC/ARM_CM4F -O0 -ffunction-sections -fdata-sections -Wall -fstack-usage -fcyclomatic-complexity -MMD -MP -MF"Core/Src/UI/UI_Init.d" -MT"Core/Src/UI/UI_Init.o" --specs=nano.specs -mfpu=fpv5-d16 -mfloat-abi=hard -mthumb -o "Core/Src/UI/UI_Init.o"
arm-none-eabi-gcc "../Core/Src/main.c" -mcpu=cortex-m7 -std=gnu11 -g3 -DDEBUG -DUSE_HAL_DRIVER -DSTM32H750xx -c -I../Core/Inc -I../Drivers/STM32H7xx_HAL_Driver/Inc -I../Drivers/STM32H7xx_HAL_Driver/Inc/Legacy -I../Drivers/CMSIS/Device/ST/STM32H7xx/Include -I../Drivers/CMSIS/Include -I../Middlewares/Third_Party/FreeRTOS/Source/include -I../Middlewares/Third_Party/FreeRTOS/Source/CMSIS_RTOS -I../Middlewares/Third_Party/FreeRTOS/Source/portable/GCC/ARM_CM4F -O0 -ffunction-sections -fdata-sections -Wall -fstack-usage -fcyclomatic-complexity -MMD -MP -MF"Core/Src/main.d" -MT"Core/Src/main.o" --specs=nano.specs -mfpu=fpv5-d16 -mfloat-abi=hard -mthumb -o "Core/Src/main.o"
../Core/Src/UI/UI_Init.c: In function 'UI_Init':
../Core/Src/UI/UI_Init.c:11:20: warning: unused variable 'UI_state' [-Wunused-variable]
   11 |         UI_state_t UI_state = {0};
      |                    ^~~~~~~~
arm-none-eabi-gcc -o "HuzDSPV1.elf" @"objects.list"   -mcpu=cortex-m7 -T"C:\Users\Huzaifa\Documents\firmware\DSP\HuzDSPV1\STM32H750VBTX_FLASH.ld" --specs=nosys.specs -Wl,-Map="HuzDSPV1.map" -Wl,--gc-sections -static --specs=nano.specs -mfpu=fpv5-d16 -mfloat-abi=hard -mthumb -Wl,--start-group -lc -lm -Wl,--end-group
Finished building target: HuzDSPV1.elf
 
arm-none-eabi-size  HuzDSPV1.elf 
arm-none-eabi-objdump -h -S HuzDSPV1.elf  > "HuzDSPV1.list"
   text	   data	    bss	    dec	    hex	filename
  42424	    100	  20156	  62680	   f4d8	HuzDSPV1.elf
Finished building: default.size.stdout
 
Finished building: HuzDSPV1.list
 

15:29:48 Build Finished. 0 errors, 1 warnings. (took 952ms)

